Archive member included to satisfy reference by file (symbol)

C:/ST/STM32CubeCLT_1.21.0/GNU-tools-for-STM32/bin/../lib/gcc/arm-none-eabi/14.3.1/../../../../arm-none-eabi/lib/thumb/v7e-m+fp/hard\libc_nano.a(libc_a-exit.o)
                              C:/ST/STM32CubeCLT_1.21.0/GNU-tools-for-STM32/bin/../lib/gcc/arm-none-eabi/14.3.1/../../../../arm-none-eabi/lib/thumb/v7e-m+fp/hard/crt0.o (exit)
C:/ST/STM32CubeCLT_1.21.0/GNU-tools-for-STM32/bin/../lib/gcc/arm-none-eabi/14.3.1/../../../../arm-none-eabi/lib/thumb/v7e-m+fp/hard\libc_nano.a(libc_a-nano-vfprintf_float.o)
                              (_printf_float)
C:/ST/STM32CubeCLT_1.21.0/GNU-tools-for-STM32/bin/../lib/gcc/arm-none-eabi/14.3.1/../../../../arm-none-eabi/lib/thumb/v7e-m+fp/hard\libc_nano.a(libc_a-nano-vfprintf_i.o)
                              C:/ST/STM32CubeCLT_1.21.0/GNU-tools-for-STM32/bin/../lib/gcc/arm-none-eabi/14.3.1/../../../../arm-none-eabi/lib/thumb/v7e-m+fp/hard\libc_nano.a(libc_a-nano-vfprintf_float.o) (_printf_common)
C:/ST/STM32CubeCLT_1.21.0/GNU-tools-for-STM32/bin/../lib/gcc/arm-none-eabi/14.3.1/../../../../arm-none-eabi/lib/thumb/v7e-m+fp/hard\libc_nano.a(libc_a-findfp.o)
                              C:/ST/STM32CubeCLT_1.21.0/GNU-tools-for-STM32/bin/../lib/gcc/arm-none-eabi/14.3.1/../../../../arm-none-eabi/lib/thumb/v7e-m+fp/hard\libc_nano.a(libc_a-exit.o) (__stdio_exit_handler)
C:/ST/STM32CubeCLT_1.21.0/GNU-tools-for-STM32/bin/../lib/gcc/arm-none-eabi/14.3.1/../../../../arm-none-eabi/lib/thumb/v7e-m+fp/hard\libc_nano.a(libc_a-fwalk.o)
                              C:/ST/STM32CubeCLT_1.21.0/GNU-tools-for-STM32/bin/../lib/gcc/arm-none-eabi/14.3.1/../../../../arm-none-eabi/lib/thumb/v7e-m+fp/hard\libc_nano.a(libc_a-findfp.o) (_fwalk_sglue)
C:/ST/STM32CubeCLT_1.21.0/GNU-tools-for-STM32/bin/../lib/gcc/arm-none-eabi/14.3.1/../../../../arm-none-eabi/lib/thumb/v7e-m+fp/hard\libc_nano.a(libc_a-snprintf.o)
                              src/main.o (snprintf)
C:/ST/STM32CubeCLT_1.21.0/GNU-tools-for-STM32/bin/../lib/gcc/arm-none-eabi/14.3.1/../../../../arm-none-eabi/lib/thumb/v7e-m+fp/hard\libc_nano.a(libc_a-stdio.o)
                              C:/ST/STM32CubeCLT_1.21.0/GNU-tools-for-STM32/bin/../lib/gcc/arm-none-eabi/14.3.1/../../../../arm-none-eabi/lib/thumb/v7e-m+fp/hard\libc_nano.a(libc_a-findfp.o) (__sread)
C:/ST/STM32CubeCLT_1.21.0/GNU-tools-for-STM32/bin/../lib/gcc/arm-none-eabi/14.3.1/../../../../arm-none-eabi/lib/thumb/v7e-m+fp/hard\libc_nano.a(libc_a-memset.o)
                              C:/ST/STM32CubeCLT_1.21.0/GNU-tools-for-STM32/bin/../lib/gcc/arm-none-eabi/14.3.1/../../../../arm-none-eabi/lib/thumb/v7e-m+fp/hard/crt0.o (memset)
C:/ST/STM32CubeCLT_1.21.0/GNU-tools-for-STM32/bin/../lib/gcc/arm-none-eabi/14.3.1/../../../../arm-none-eabi/lib/thumb/v7e-m+fp/hard\libc_nano.a(libc_a-localeconv.o)
                              C:/ST/STM32CubeCLT_1.21.0/GNU-tools-for-STM32/bin/../lib/gcc/arm-none-eabi/14.3.1/../../../../arm-none-eabi/lib/thumb/v7e-m+fp/hard\libc_nano.a(libc_a-nano-vfprintf_float.o) (_localeconv_r)
C:/ST/STM32CubeCLT_1.21.0/GNU-tools-for-STM32/bin/../lib/gcc/arm-none-eabi/14.3.1/../../../../arm-none-eabi/lib/thumb/v7e-m+fp/hard\libc_nano.a(libc_a-closer.o)
                              C:/ST/STM32CubeCLT_1.21.0/GNU-tools-for-STM32/bin/../lib/gcc/arm-none-eabi/14.3.1/../../../../arm-none-eabi/lib/thumb/v7e-m+fp/hard\libc_nano.a(libc_a-stdio.o) (_close_r)
C:/ST/STM32CubeCLT_1.21.0/GNU-tools-for-STM32/bin/../lib/gcc/arm-none-eabi/14.3.1/../../../../arm-none-eabi/lib/thumb/v7e-m+fp/hard\libc_nano.a(libc_a-reent.o)
                              C:/ST/STM32CubeCLT_1.21.0/GNU-tools-for-STM32/bin/../lib/gcc/arm-none-eabi/14.3.1/../../../../arm-none-eabi/lib/thumb/v7e-m+fp/hard\libc_nano.a(libc_a-closer.o) (errno)
C:/ST/STM32CubeCLT_1.21.0/GNU-tools-for-STM32/bin/../lib/gcc/arm-none-eabi/14.3.1/../../../../arm-none-eabi/lib/thumb/v7e-m+fp/hard\libc_nano.a(libc_a-impure.o)
                              C:/ST/STM32CubeCLT_1.21.0/GNU-tools-for-STM32/bin/../lib/gcc/arm-none-eabi/14.3.1/../../../../arm-none-eabi/lib/thumb/v7e-m+fp/hard\libc_nano.a(libc_a-snprintf.o) (_impure_ptr)
C:/ST/STM32CubeCLT_1.21.0/GNU-tools-for-STM32/bin/../lib/gcc/arm-none-eabi/14.3.1/../../../../arm-none-eabi/lib/thumb/v7e-m+fp/hard\libc_nano.a(libc_a-lseekr.o)
                              C:/ST/STM32CubeCLT_1.21.0/GNU-tools-for-STM32/bin/../lib/gcc/arm-none-eabi/14.3.1/../../../../arm-none-eabi/lib/thumb/v7e-m+fp/hard\libc_nano.a(libc_a-stdio.o) (_lseek_r)
C:/ST/STM32CubeCLT_1.21.0/GNU-tools-for-STM32/bin/../lib/gcc/arm-none-eabi/14.3.1/../../../../arm-none-eabi/lib/thumb/v7e-m+fp/hard\libc_nano.a(libc_a-readr.o)
                              C:/ST/STM32CubeCLT_1.21.0/GNU-tools-for-STM32/bin/../lib/gcc/arm-none-eabi/14.3.1/../../../../arm-none-eabi/lib/thumb/v7e-m+fp/hard\libc_nano.a(libc_a-stdio.o) (_read_r)
[...]
Memory Configuration

Name             Origin             Length             Attributes
FLASH            0x08000000         0x00080000         xr
RAM              0x20000000         0x00020000         xrw
*default*        0x00000000         0xffffffff

Linker script and memory map

LOAD C:/ST/STM32CubeCLT_1.21.0/GNU-tools-for-STM32/bin/../lib/gcc/arm-none-eabi/14.3.1/thumb/v7e-m+fp/hard/crti.o
LOAD C:/ST/STM32CubeCLT_1.21.0/GNU-tools-for-STM32/bin/../lib/gcc/arm-none-eabi/14.3.1/thumb/v7e-m+fp/hard/crtbegin.o
LOAD C:/ST/STM32CubeCLT_1.21.0/GNU-tools-for-STM32/bin/../lib/gcc/arm-none-eabi/14.3.1/../../../../arm-none-eabi/lib/thumb/v7e-m+fp/hard/crt0.o
LOAD startup/stm32f411_periph.o
LOAD startup/sys_handlers.o
LOAD startup/system_stm32f4xx.o
LOAD STM32F4xx_HAL_Driver/src/stm32f4xx_ll_rcc.o
LOAD STM32F4xx_HAL_Driver/src/stm32f4xx_hal_i2c.o
LOAD STM32F4xx_HAL_Driver/src/util.o
LOAD STM32F4xx_HAL_Driver/src/stm32f4xx_hal.o
LOAD STM32F4xx_HAL_Driver/src/stm32f4xx_hal_cortex.o
LOAD STM32F4xx_HAL_Driver/src/stm32f4xx_hal_uart.o
LOAD STM32F4xx_HAL_Driver/src/stm32f4xx_hal_gpio.o
LOAD STM32F4xx_HAL_Driver/src/stm32f4xx_hal_tim.o
LOAD STM32F4xx_HAL_Driver/src/stm32f4xx_hal_spi.o
LOAD mbed_shield/src/leds.o
LOAD mbed_shield/src/sw.o
LOAD mbed_shield/src/lm75.o
LOAD mbed_shield/src/lcd_128x32.o
LOAD src/stm32f4xx_hal_msp.o
LOAD src/stm32f4xx_it.o
LOAD src/main.o
LOAD src/bmp280.o
LOAD startup/startup_stm32f411xe.o
LOAD C:/ST/STM32CubeCLT_1.21.0/GNU-tools-for-STM32/bin/../lib/gcc/arm-none-eabi/14.3.1/../../../../arm-none-eabi/lib/thumb/v7e-m+fp/hard\libc_nano.a
LOAD C:/ST/STM32CubeCLT_1.21.0/GNU-tools-for-STM32/bin/../lib/gcc/arm-none-eabi/14.3.1/thumb/v7e-m+fp/hard\libgcc.a
LOAD C:/ST/STM32CubeCLT_1.21.0/GNU-tools-for-STM32/bin/../lib/gcc/arm-none-eabi/14.3.1/thumb/v7e-m+fp/hard\libgcov.a
LOAD C:/ST/STM32CubeCLT_1.21.0/GNU-tools-for-STM32/bin/../lib/gcc/arm-none-eabi/14.3.1/../../../../arm-none-eabi/lib/thumb/v7e-m+fp/hard\libm.a
START GROUP
LOAD C:/ST/STM32CubeCLT_1.21.0/GNU-tools-for-STM32/bin/../lib/gcc/arm-none-eabi/14.3.1/thumb/v7e-m+fp/hard\libgcc.a
LOAD C:/ST/STM32CubeCLT_1.21.0/GNU-tools-for-STM32/bin/../lib/gcc/arm-none-eabi/14.3.1/../../../../arm-none-eabi/lib/thumb/v7e-m+fp/hard\libc_nano.a
END GROUP
START GROUP
LOAD C:/ST/STM32CubeCLT_1.21.0/GNU-tools-for-STM32/bin/../lib/gcc/arm-none-eabi/14.3.1/thumb/v7e-m+fp/hard\libgcc.a
LOAD C:/ST/STM32CubeCLT_1.21.0/GNU-tools-for-STM32/bin/../lib/gcc/arm-none-eabi/14.3.1/../../../../arm-none-eabi/lib/thumb/v7e-m+fp/hard\libc_nano.a
LOAD C:/ST/STM32CubeCLT_1.21.0/GNU-tools-for-STM32/bin/../lib/gcc/arm-none-eabi/14.3.1/../../../../arm-none-eabi/lib/thumb/v7e-m+fp/hard\libnosys.a
END GROUP
START GROUP
LOAD C:/ST/STM32CubeCLT_1.21.0/GNU-tools-for-STM32/bin/../lib/gcc/arm-none-eabi/14.3.1/thumb/v7e-m+fp/hard\libgcc.a
LOAD C:/ST/STM32CubeCLT_1.21.0/GNU-tools-for-STM32/bin/../lib/gcc/arm-none-eabi/14.3.1/../../../../arm-none-eabi/lib/thumb/v7e-m+fp/hard\libc_nano.a
LOAD C:/ST/STM32CubeCLT_1.21.0/GNU-tools-for-STM32/bin/../lib/gcc/arm-none-eabi/14.3.1/../../../../arm-none-eabi/lib/thumb/v7e-m+fp/hard\libnosys.a
END GROUP
LOAD C:/ST/STM32CubeCLT_1.21.0/GNU-tools-for-STM32/bin/../lib/gcc/arm-none-eabi/14.3.1/thumb/v7e-m+fp/hard/crtend.o
LOAD C:/ST/STM32CubeCLT_1.21.0/GNU-tools-for-STM32/bin/../lib/gcc/arm-none-eabi/14.3.1/thumb/v7e-m+fp/hard/crtn.o
                0x20020000                        _estack = 0x20020000
                0x00000200                        _Min_Heap_Size = 0x200
                0x00000400                        _Min_Stack_Size = 0x400

.isr_vector     0x08000000      0x198
                0x08000000                        . = ALIGN (0x4)
 *(.isr_vector)
 .isr_vector    0x08000000      0x198 startup/startup_stm32f411xe.o
                0x08000000                g_pfnVectors
                0x08000198                        . = ALIGN (0x4)

.text           0x080001a0     0x74c0
                0x080001a0                        . = ALIGN (0x4)
 *(.text)
 .text          0x080001a0       0x40 C:/ST/STM32CubeCLT_1.21.0/GNU-tools-for-STM32/bin/../lib/gcc/arm-none-eabi/14.3.1/thumb/v7e-m+fp/hard/crtbegin.o
 .text          0x080001e0       0x20 startup/sys_handlers.o
                0x080001e0                NMI_Handler
                0x080001e4                HardFault_Handler
                0x080001e8                MemManage_Handler
                0x080001ec                BusFault_Handler
                0x080001f0                UsageFault_Handler
                0x080001f4                SVC_Handler
                0x080001f8                DebugMon_Handler
                0x080001fc                PendSV_Handler
 .text          0x08000200      0x16c startup/system_stm32f4xx.o
                0x08000200                SystemInit
                0x08000274                SystemCoreClockUpdate
 .text          0x0800036c      0x3e8 STM32F4xx_HAL_Driver/src/stm32f4xx_ll_rcc.o
                0x0800057c                rcc_config_clock
 .text          0x08000754      0x4d8 STM32F4xx_HAL_Driver/src/stm32f4xx_hal_i2c.o
                0x08000754                HAL_I2C_EV_IRQHandler
                0x08000930                HAL_I2C_ER_IRQHandler
                0x080009c6                HAL_I2C_Init
                0x08000a7c                HAL_I2C_Master_Transmit_IT
                0x08000b0e                HAL_I2C_Master_Receive_IT
                0x08000ba0                HAL_I2C_Master_Transmit_Receive_IT
 *fill*         0x08000c2c        0x4 
 .text          0x08000c30      0x340 STM32F4xx_HAL_Driver/src/util.o
                0x08000c30                num2str
                0x08000ccc                str2num
                0x08000d66                reverse
                0x08000dba                intToStr
                0x08000e44                float2str
                0x08000ee0                myPow
 .text          0x08000f70      0x260 STM32F4xx_HAL_Driver/src/stm32f4xx_hal.o
                0x08000f70                HAL_Init
                0x08000f84                HAL_DeInit
                0x08000f94                HAL_MspDeInit
                0x08000f98                HAL_InitTick
                0x08000ff4                HAL_IncTick
                0x08001010                HAL_GetTick
                0x0800101c                HAL_GetTickPrio
                0x08001028                HAL_SetTickFreq
                0x08001070                HAL_GetTickFreq
                0x0800107c                HAL_Delay
                0x080010c0                HAL_SuspendTick
                0x080010d4                HAL_ResumeTick
                0x080010e8                HAL_GetHalVersion
                0x080010f4                HAL_GetREVID
                0x08001104                HAL_GetDEVID
                0x08001114                HAL_DBGMCU_EnableDBGSleepMode
                0x08001128                HAL_DBGMCU_DisableDBGSleepMode
                0x0800113c                HAL_DBGMCU_EnableDBGStopMode
                0x08001150                HAL_DBGMCU_DisableDBGStopMode
                0x08001164                HAL_DBGMCU_EnableDBGStandbyMode
                0x08001178                HAL_DBGMCU_DisableDBGStandbyMode
                0x0800118c                HAL_EnableCompensationCell
                0x0800119c                HAL_DisableCompensationCell
                0x080011ac                HAL_GetUIDw0
                0x080011b8                HAL_GetUIDw1
                0x080011c4                HAL_GetUIDw2
 .text          0x080011d0      0x588 STM32F4xx_HAL_Driver/src/stm32f4xx_hal_cortex.o
                0x08001504                HAL_NVIC_SetPriorityGrouping
                0x08001516                HAL_NVIC_SetPriority
                0x0800154c                HAL_NVIC_EnableIRQ
                0x08001566                HAL_NVIC_DisableIRQ
                0x08001580                HAL_NVIC_SystemReset
                0x0800158a                HAL_SYSTICK_Config
                0x0800159e                HAL_MPU_Disable
                0x080015c4                HAL_MPU_Enable
                0x080015f8                HAL_MPU_ConfigRegion
                0x08001678                HAL_NVIC_GetPriorityGrouping
                0x08001684                HAL_NVIC_GetPriority
                0x080016ae                HAL_NVIC_SetPendingIRQ
                0x080016c8                HAL_NVIC_GetPendingIRQ
                0x080016e4                HAL_NVIC_ClearPendingIRQ
                0x080016fe                HAL_NVIC_GetActive
                0x0800171a                HAL_SYSTICK_CLKSourceConfig
                0x08001748                HAL_SYSTICK_IRQHandler
                0x08001752                HAL_SYSTICK_Callback
 .text          0x08001758      0x50c STM32F4xx_HAL_Driver/src/stm32f4xx_hal_uart.o
                0x08001758                UART_Receive_IT
                0x080017a6                HAL_USART_IRQHandler
                0x08001800                HAL_UART_Init
                0x080018b4                HAL_UART_Transmit
                0x080018fa                HAL_UART_Receive
                0x08001942                HAL_UART_Receive_IT
                0x0800197c                uart_putc
                0x080019a6                uart_puts
                0x080019d0                uart_printf
 .text          0x08001c64      0x388 STM32F4xx_HAL_Driver/src/stm32f4xx_hal_gpio.o
                0x08001c64                HAL_GPIO_EXTI_IRQHandler
                0x08001ca0                HAL_GPIO_Init
                0x08001f9c                HAL_GPIO_ReadPort
                0x08001fae                HAL_GPIO_ReadPin
                0x08001fc0                HAL_GPIO_WritePort
                0x08001fd6                HAL_GPIO_WritePin
 .text          0x08001fec      0x3a0 STM32F4xx_HAL_Driver/src/stm32f4xx_hal_tim.o
                0x08001fec                HAL_TIM_IRQHandler
                0x0800200e                HAL_TIM_wait_ms
                0x0800201c                HAL_TIM_wait_us
                0x0800202a                HAL_TIM_Base_Init
                0x0800206a                HAL_TIM_Base_Start
                0x08002074                HAL_TIM_Base_Start_IT
                0x0800207e                HAL_TIM_Base_Stop
                0x08002088                HAL_TIM_Base_Stop_IT
                0x08002092                HAL_TIM_PWM_Init
                0x080020d4                HAL_TIM_PWM_ConfigChannel
                0x080022cc                HAL_TIM_PWM_Channel_Set
 .text          0x0800238c      0x1dc STM32F4xx_HAL_Driver/src/stm32f4xx_hal_spi.o
                0x0800238c                HAL_SPI_IRQHandler
                0x08002430                HAL_SPI_Init
                0x080024b4                HAL_SPI_Transmit_IT
                0x08002526                HAL_SPI_Write_Byte
 .text          0x08002568      0x314 src/stm32f4xx_hal_msp.o
                0x080025e4                HAL_MspInit
                0x08002668                HAL_GPIO_LEDS_MspInit
                0x08002670                HAL_GPIO_SWITCHS_MspInit
                0x08002674                HAL_TIM2_MspInit
                0x0800269c                HAL_TIM5_MspInit
                0x080026c4                HAL_UART1_MspInit
                0x08002720                HAL_UART2_MspInit
                0x0800277c                HAL_LCD_MspInit
                0x08002810                HAL_I2C1_MspInit
 .text          0x0800287c       0xa4 src/stm32f4xx_it.o
                0x0800287c                SysTick_Handler
                0x0800288a                TIM5_IRQHandler
                0x0800289c                USART1_IRQHandler
                0x080028ac                USART2_IRQHandler
                0x080028bc                I2C1_EV_IRQHandler
                0x080028cc                I2C1_ER_IRQHandler
                0x080028dc                EXTI15_10_IRQHandler
                0x080028ea                EXTI4_IRQHandler
                0x080028f6                EXTI0_IRQHandler
                0x08002902                EXTI1_IRQHandler
                0x0800290e                SPI1_IRQHandler
 .text          0x08002920      0x3e8 src/main.o
                0x08002920                HAL_GPIO_EXTI_Callback
                0x0800292e                HAL_UART_RxCpltCallback
                0x08002938                HAL_TIM_PeriodElapsedCallback
                0x08002942                xbee_configure
                0x08002a10                main
 .text          0x08002d08      0xd68 src/bmp280.o
                0x08002e52                bmp280_init_default_params
                0x08003152                bmp280_init
                0x080032bc                bmp280_force_measurement
                0x08003316                bmp280_is_measuring
                0x0800390e                bmp280_read_fixed
                0x080039e0                bmp280_read_float
 .text          0x08003a70       0xa0 C:/ST/STM32CubeCLT_1.21.0/GNU-tools-for-STM32/bin/../lib/gcc/arm-none-eabi/14.3.1/../../../../arm-none-eabi/lib/thumb/v7e-m+fp/hard\libc_nano.a(libc_a-memchr.o)
                0x08003a70                memchr
 .text          0x08003b10       0x10 C:/ST/STM32CubeCLT_1.21.0/GNU-tools-for-STM32/bin/../lib/gcc/arm-none-eabi/14.3.1/../../../../arm-none-eabi/lib/thumb/v7e-m+fp/hard\libc_nano.a(libc_a-strlen.o)
                0x08003b10                strlen
 .text          0x08003b20      0x378 C:/ST/STM32CubeCLT_1.21.0/GNU-tools-for-STM32/bin/../lib/gcc/arm-none-eabi/14.3.1/thumb/v7e-m+fp/hard\libgcc.a(_arm_addsubdf3.o)
                0x08003b20                __aeabi_drsub
                0x08003b28                __aeabi_dsub
                0x08003b28                __subdf3
                0x08003b2c                __aeabi_dadd
                0x08003b2c                __adddf3
                0x08003da4                __floatunsidf
                0x08003da4                __aeabi_ui2d
                0x08003dc4                __floatsidf
                0x08003dc4                __aeabi_i2d
                0x08003de8                __aeabi_f2d
                0x08003de8                __extendsfdf2
                0x08003e2c                __floatundidf
                0x08003e2c                __aeabi_ul2d
                0x08003e3c                __floatdidf
                0x08003e3c                __aeabi_l2d
 .text          0x08003e98      0x424 C:/ST/STM32CubeCLT_1.21.0/GNU-tools-for-STM32/bin/../lib/gcc/arm-none-eabi/14.3.1/thumb/v7e-m+fp/hard\libgcc.a(_arm_muldivdf3.o)
                0x08003e98                __aeabi_dmul
                0x08003e98                __muldf3
                0x080040ec                __divdf3
                0x080040ec                __aeabi_ddiv
 .text          0x080042bc      0x110 C:/ST/STM32CubeCLT_1.21.0/GNU-tools-for-STM32/bin/../lib/gcc/arm-none-eabi/14.3.1/thumb/v7e-m+fp/hard\libgcc.a(_arm_cmpdf2.o)
                0x080042bc                __gtdf2
                0x080042bc                __gedf2
                0x080042c4                __ltdf2
                0x080042c4                __ledf2
                0x080042cc                __nedf2
                0x080042cc                __eqdf2
                0x080042cc                __cmpdf2
                0x08004348                __aeabi_cdrcmple
                0x08004358                __aeabi_cdcmpeq
                0x08004358                __aeabi_cdcmple
                0x08004368                __aeabi_dcmpeq
                0x0800437c                __aeabi_dcmplt
                0x08004390                __aeabi_dcmple
                0x080043a4                __aeabi_dcmpge
                0x080043b8                __aeabi_dcmpgt
 .text          0x080043cc       0x2c C:/ST/STM32CubeCLT_1.21.0/GNU-tools-for-STM32/bin/../lib/gcc/arm-none-eabi/14.3.1/thumb/v7e-m+fp/hard\libgcc.a(_arm_unorddf2.o)
                0x080043cc                __unorddf2
                0x080043cc                __aeabi_dcmpun
 .text          0x080043f8       0x50 C:/ST/STM32CubeCLT_1.21.0/GNU-tools-for-STM32/bin/../lib/gcc/arm-none-eabi/14.3.1/thumb/v7e-m+fp/hard\libgcc.a(_arm_fixdfsi.o)
                0x080043f8                __aeabi_d2iz
                0x080043f8                __fixdfsi
 .text          0x08004448       0xa0 C:/ST/STM32CubeCLT_1.21.0/GNU-tools-for-STM32/bin/../lib/gcc/arm-none-eabi/14.3.1/thumb/v7e-m+fp/hard\libgcc.a(_arm_truncdfsf2.o)
                0x08004448                __truncdfsf2
                0x08004448                __aeabi_d2f
 .text          0x080044e8       0xa0 C:/ST/STM32CubeCLT_1.21.0/GNU-tools-for-STM32/bin/../lib/gcc/arm-none-eabi/14.3.1/thumb/v7e-m+fp/hard\libgcc.a(_aeabi_ldivmod.o)
                0x080044e8                __aeabi_ldivmod
 .text          0x08004588      0x2f8 C:/ST/STM32CubeCLT_1.21.0/GNU-tools-for-STM32/bin/../lib/gcc/arm-none-eabi/14.3.1/thumb/v7e-m+fp/hard\libgcc.a(_udivmoddi4.o)
                0x08004588                __udivmoddi4
 .text          0x08004880        0x4 C:/ST/STM32CubeCLT_1.21.0/GNU-tools-for-STM32/bin/../lib/gcc/arm-none-eabi/14.3.1/thumb/v7e-m+fp/hard\libgcc.a(_dvmd_tls.o)
                0x08004880                __aeabi_idiv0
                0x08004880                __aeabi_ldiv0
 *(.text*)
 .text.Reset_Handler
                0x08004884       0x4c startup/startup_stm32f411xe.o
                0x08004884                Reset_Handler
                0x080048b6                _exit
 .text.Default_Handler
                0x080048d0        0x2 startup/startup_stm32f411xe.o
                0x080048d0                RTC_Alarm_IRQHandler
                0x080048d0                EXTI2_IRQHandler
                0x080048d0                SPI4_IRQHandler
                0x080048d0                TIM1_CC_IRQHandler
                0x080048d0                DMA2_Stream5_IRQHandler
                0x080048d0                DMA1_Stream5_IRQHandler
                0x080048d0                PVD_IRQHandler
                0x080048d0                SDIO_IRQHandler
                0x080048d0                TAMP_STAMP_IRQHandler
                0x080048d0                EXTI3_IRQHandler
                0x080048d0                TIM1_UP_TIM10_IRQHandler
                0x080048d0                I2C3_ER_IRQHandler
                0x080048d0                I2C2_EV_IRQHandler
                0x080048d0                DMA1_Stream2_IRQHandler
                0x080048d0                FPU_IRQHandler
                0x080048d0                DMA2_Stream2_IRQHandler
                0x080048d0                TIM1_BRK_TIM9_IRQHandler
                0x080048d0                DMA2_Stream3_IRQHandler
                0x080048d0                USART6_IRQHandler
                0x080048d0                DMA2_Stream0_IRQHandler
                0x080048d0                TIM4_IRQHandler
                0x080048d0                DMA1_Stream6_IRQHandler
                0x080048d0                DMA1_Stream1_IRQHandler
                0x080048d0                TIM3_IRQHandler
                0x080048d0                RCC_IRQHandler
                0x080048d0                Default_Handler
                0x080048d0                ADC_IRQHandler
                0x080048d0                DMA1_Stream7_IRQHandler
                0x080048d0                SPI5_IRQHandler
                0x080048d0                DMA2_Stream7_IRQHandler
                0x080048d0                I2C3_EV_IRQHandler
                0x080048d0                EXTI9_5_IRQHandler
                0x080048d0                RTC_WKUP_IRQHandler
                0x080048d0                SPI2_IRQHandler
                0x080048d0                DMA1_Stream0_IRQHandler
                0x080048d0                WWDG_IRQHandler
                0x080048d0                TIM2_IRQHandler
                0x080048d0                OTG_FS_WKUP_IRQHandler
                0x080048d0                TIM1_TRG_COM_TIM11_IRQHandler
                0x080048d0                I2C2_ER_IRQHandler
                0x080048d0                DMA2_Stream1_IRQHandler
                0x080048d0                FLASH_IRQHandler
                0x080048d0                DMA2_Stream4_IRQHandler
                0x080048d0                OTG_FS_IRQHandler
                0x080048d0                SPI3_IRQHandler
                0x080048d0                DMA1_Stream4_IRQHandler
                0x080048d0                DMA2_Stream6_IRQHandler
                0x080048d0                DMA1_Stream3_IRQHandler
 .text.__cvt    0x080048d2       0xca C:/ST/STM32CubeCLT_1.21.0/GNU-tools-for-STM32/bin/../lib/gcc/arm-none-eabi/14.3.1/../../../../arm-none-eabi/lib/thumb/v7e-m+fp/hard\libc_nano.a(libc_a-nano-vfprintf_float.o)
                0x080048d2                __cvt
 .text.__exponent
                0x0800499c       0x74 C:/ST/STM32CubeCLT_1.21.0/GNU-tools-for-STM32/bin/../lib/gcc/arm-none-eabi/14.3.1/../../../../arm-none-eabi/lib/thumb/v7e-m+fp/hard\libc_nano.a(libc_a-nano-vfprintf_float.o)
                0x0800499c                __exponent
 .text._printf_float
                0x08004a10      0x450 C:/ST/STM32CubeCLT_1.21.0/GNU-tools-for-STM32/bin/../lib/gcc/arm-none-eabi/14.3.1/../../../../arm-none-eabi/lib/thumb/v7e-m+fp/hard\libc_nano.a(libc_a-nano-vfprintf_float.o)
                0x08004a10                _printf_float
 .text._printf_common
                0x08004e60       0xda C:/ST/STM32CubeCLT_1.21.0/GNU-tools-for-STM32/bin/../lib/gcc/arm-none-eabi/14.3.1/../../../../arm-none-eabi/lib/thumb/v7e-m+fp/hard\libc_nano.a(libc_a-nano-vfprintf_i.o)
                0x08004e60                _printf_common
 *fill*         0x08004f3a        0x2 
 .text._printf_i
                0x08004f3c      0x24c C:/ST/STM32CubeCLT_1.21.0/GNU-tools-for-STM32/bin/../lib/gcc/arm-none-eabi/14.3.1/../../../../arm-none-eabi/lib/thumb/v7e-m+fp/hard\libc_nano.a(libc_a-nano-vfprintf_i.o)
                0x08004f3c                _printf_i
 .text.std      0x08005188       0x6c C:/ST/STM32CubeCLT_1.21.0/GNU-tools-for-STM32/bin/../lib/gcc/arm-none-eabi/14.3.1/../../../../arm-none-eabi/lib/thumb/v7e-m+fp/hard\libc_nano.a(libc_a-findfp.o)
 .text.stdio_exit_handler
                0x080051f4       0x18 C:/ST/STM32CubeCLT_1.21.0/GNU-tools-for-STM32/bin/../lib/gcc/arm-none-eabi/14.3.1/../../../../arm-none-eabi/lib/thumb/v7e-m+fp/hard\libc_nano.a(libc_a-findfp.o)
 .text.cleanup_stdio
                0x0800520c       0x40 C:/ST/STM32CubeCLT_1.21.0/GNU-tools-for-STM32/bin/../lib/gcc/arm-none-eabi/14.3.1/../../../../arm-none-eabi/lib/thumb/v7e-m+fp/hard\libc_nano.a(libc_a-findfp.o)
 .text.global_stdio_init.part.0
                0x0800524c       0x40 C:/ST/STM32CubeCLT_1.21.0/GNU-tools-for-STM32/bin/../lib/gcc/arm-none-eabi/14.3.1/../../../../arm-none-eabi/lib/thumb/v7e-m+fp/hard\libc_nano.a(libc_a-findfp.o)
 .text.__sfp_lock_acquire
                0x0800528c        0xc C:/ST/STM32CubeCLT_1.21.0/GNU-tools-for-STM32/bin/../lib/gcc/arm-none-eabi/14.3.1/../../../../arm-none-eabi/lib/thumb/v7e-m+fp/hard\libc_nano.a(libc_a-findfp.o)
                0x0800528c                __sfp_lock_acquire
 .text.__sfp_lock_release
                0x08005298        0xc C:/ST/STM32CubeCLT_1.21.0/GNU-tools-for-STM32/bin/../lib/gcc/arm-none-eabi/14.3.1/../../../../arm-none-eabi/lib/thumb/v7e-m+fp/hard\libc_nano.a(libc_a-findfp.o)
                0x08005298                __sfp_lock_release
 .text.__sinit  0x080052a4       0x30 C:/ST/STM32CubeCLT_1.21.0/GNU-tools-for-STM32/bin/../lib/gcc/arm-none-eabi/14.3.1/../../../../arm-none-eabi/lib/thumb/v7e-m+fp/hard\libc_nano.a(libc_a-findfp.o)
                0x080052a4                __sinit
 .text._fwalk_sglue
                0x080052d4       0x3c C:/ST/STM32CubeCLT_1.21.0/GNU-tools-for-STM32/bin/../lib/gcc/arm-none-eabi/14.3.1/../../../../arm-none-eabi/lib/thumb/v7e-m+fp/hard\libc_nano.a(libc_a-fwalk.o)
                0x080052d4                _fwalk_sglue
 .text.snprintf
                0x08005310       0x6c C:/ST/STM32CubeCLT_1.21.0/GNU-tools-for-STM32/bin/../lib/gcc/arm-none-eabi/14.3.1/../../../../arm-none-eabi/lib/thumb/v7e-m+fp/hard\libc_nano.a(libc_a-snprintf.o)
                0x08005310                sniprintf
                0x08005310                snprintf
 .text.__sread  0x0800537c       0x22 C:/ST/STM32CubeCLT_1.21.0/GNU-tools-for-STM32/bin/../lib/gcc/arm-none-eabi/14.3.1/../../../../arm-none-eabi/lib/thumb/v7e-m+fp/hard\libc_nano.a(libc_a-stdio.o)
                0x0800537c                __sread
 .text.__swrite
                0x0800539e       0x38 C:/ST/STM32CubeCLT_1.21.0/GNU-tools-for-STM32/bin/../lib/gcc/arm-none-eabi/14.3.1/../../../../arm-none-eabi/lib/thumb/v7e-m+fp/hard\libc_nano.a(libc_a-stdio.o)
                0x0800539e                __swrite
 .text.__sseek  0x080053d6       0x26 C:/ST/STM32CubeCLT_1.21.0/GNU-tools-for-STM32/bin/../lib/gcc/arm-none-eabi/14.3.1/../../../../arm-none-eabi/lib/thumb/v7e-m+fp/hard\libc_nano.a(libc_a-stdio.o)
                0x080053d6                __sseek
 .text.__sclose
                0x080053fc        0x8 C:/ST/STM32CubeCLT_1.21.0/GNU-tools-for-STM32/bin/../lib/gcc/arm-none-eabi/14.3.1/../../../../arm-none-eabi/lib/thumb/v7e-m+fp/hard\libc_nano.a(libc_a-stdio.o)
                0x080053fc                __sclose
 .text.memset   0x08005404       0x10 C:/ST/STM32CubeCLT_1.21.0/GNU-tools-for-STM32/bin/../lib/gcc/arm-none-eabi/14.3.1/../../../../arm-none-eabi/lib/thumb/v7e-m+fp/hard\libc_nano.a(libc_a-memset.o)
                0x08005404                memset
 .text._localeconv_r
                0x08005414        0x8 C:/ST/STM32CubeCLT_1.21.0/GNU-tools-for-STM32/bin/../lib/gcc/arm-none-eabi/14.3.1/../../../../arm-none-eabi/lib/thumb/v7e-m+fp/hard\libc_nano.a(libc_a-localeconv.o)
                0x08005414                _localeconv_r
 .text._close_r
                0x0800541c       0x20 C:/ST/STM32CubeCLT_1.21.0/GNU-tools-for-STM32/bin/../lib/gcc/arm-none-eabi/14.3.1/../../../../arm-none-eabi/lib/thumb/v7e-m+fp/hard\libc_nano.a(libc_a-closer.o)
                0x0800541c                _close_r
 .text._lseek_r
                0x0800543c       0x24 C:/ST/STM32CubeCLT_1.21.0/GNU-tools-for-STM32/bin/../lib/gcc/arm-none-eabi/14.3.1/../../../../arm-none-eabi/lib/thumb/v7e-m+fp/hard\libc_nano.a(libc_a-lseekr.o)
                0x0800543c                _lseek_r
 .text._read_r  0x08005460       0x24 C:/ST/STM32CubeCLT_1.21.0/GNU-tools-for-STM32/bin/../lib/gcc/arm-none-eabi/14.3.1/../../../../arm-none-eabi/lib/thumb/v7e-m+fp/hard\libc_nano.a(libc_a-readr.o)
                0x08005460                _read_r
 .text._write_r
                0x08005484       0x24 C:/ST/STM32CubeCLT_1.21.0/GNU-tools-for-STM32/bin/../lib/gcc/arm-none-eabi/14.3.1/../../../../arm-none-eabi/lib/thumb/v7e-m+fp/hard\libc_nano.a(libc_a-writer.o)
                0x08005484                _write_r
 .text.__libc_init_array
                0x080054a8       0x48 C:/ST/STM32CubeCLT_1.21.0/GNU-tools-for-STM32/bin/../lib/gcc/arm-none-eabi/14.3.1/../../../../arm-none-eabi/lib/thumb/v7e-m+fp/hard\libc_nano.a(libc_a-init.o)
                0x080054a8                __libc_init_array
 .text.__retarget_lock_init_recursive
                0x080054f0        0x2 C:/ST/STM32CubeCLT_1.21.0/GNU-tools-for-STM32/bin/../lib/gcc/arm-none-eabi/14.3.1/../../../../arm-none-eabi/lib/thumb/v7e-m+fp/hard\libc_nano.a(libc_a-lock.o)
                0x080054f0                __retarget_lock_init_recursive
 .text.__retarget_lock_acquire_recursive
                0x080054f2        0x2 C:/ST/STM32CubeCLT_1.21.0/GNU-tools-for-STM32/bin/../lib/gcc/arm-none-eabi/14.3.1/../../../../arm-none-eabi/lib/thumb/v7e-m+fp/hard\libc_nano.a(libc_a-lock.o)
                0x080054f2                __retarget_lock_acquire_recursive
 .text.__retarget_lock_release_recursive
                0x080054f4        0x2 C:/ST/STM32CubeCLT_1.21.0/GNU-tools-for-STM32/bin/../lib/gcc/arm-none-eabi/14.3.1/../../../../arm-none-eabi/lib/thumb/v7e-m+fp/hard\libc_nano.a(libc_a-lock.o)
                0x080054f4                __retarget_lock_release_recursive
 .text.quorem   0x080054f6      0x110 C:/ST/STM32CubeCLT_1.21.0/GNU-tools-for-STM32/bin/../lib/gcc/arm-none-eabi/14.3.1/../../../../arm-none-eabi/lib/thumb/v7e-m+fp/hard\libc_nano.a(libc_a-dtoa.o)
 *fill*         0x08005606        0x2 
 .text._dtoa_r  0x08005608      0xbb8 C:/ST/STM32CubeCLT_1.21.0/GNU-tools-for-STM32/bin/../lib/gcc/arm-none-eabi/14.3.1/../../../../arm-none-eabi/lib/thumb/v7e-m+fp/hard\libc_nano.a(libc_a-dtoa.o)
                0x08005608                _dtoa_r
 .text._free_r  0x080061c0       0x94 C:/ST/STM32CubeCLT_1.21.0/GNU-tools-for-STM32/bin/../lib/gcc/arm-none-eabi/14.3.1/../../../../arm-none-eabi/lib/thumb/v7e-m+fp/hard\libc_nano.a(libc_a-freer.o)
                0x080061c0                _free_r
 .text.malloc   0x08006254       0x10 C:/ST/STM32CubeCLT_1.21.0/GNU-tools-for-STM32/bin/../lib/gcc/arm-none-eabi/14.3.1/../../../../arm-none-eabi/lib/thumb/v7e-m+fp/hard\libc_nano.a(libc_a-malloc.o)
                0x08006254                malloc
 .text.sbrk_aligned
                0x08006264       0x44 C:/ST/STM32CubeCLT_1.21.0/GNU-tools-for-STM32/bin/../lib/gcc/arm-none-eabi/14.3.1/../../../../arm-none-eabi/lib/thumb/v7e-m+fp/hard\libc_nano.a(libc_a-mallocr.o)
 .text._malloc_r
                0x080062a8      0x100 C:/ST/STM32CubeCLT_1.21.0/GNU-tools-for-STM32/bin/../lib/gcc/arm-none-eabi/14.3.1/../../../../arm-none-eabi/lib/thumb/v7e-m+fp/hard\libc_nano.a(libc_a-mallocr.o)
                0x080062a8                _malloc_r
 .text.__malloc_lock
                0x080063a8        0xc C:/ST/STM32CubeCLT_1.21.0/GNU-tools-for-STM32/bin/../lib/gcc/arm-none-eabi/14.3.1/../../../../arm-none-eabi/lib/thumb/v7e-m+fp/hard\libc_nano.a(libc_a-mlock.o)
                0x080063a8                __malloc_lock
 .text.__malloc_unlock
                0x080063b4        0xc C:/ST/STM32CubeCLT_1.21.0/GNU-tools-for-STM32/bin/../lib/gcc/arm-none-eabi/14.3.1/../../../../arm-none-eabi/lib/thumb/v7e-m+fp/hard\libc_nano.a(libc_a-mlock.o)
                0x080063b4                __malloc_unlock
 .text._Balloc  0x080063c0       0x7c C:/ST/STM32CubeCLT_1.21.0/GNU-tools-for-STM32/bin/../lib/gcc/arm-none-eabi/14.3.1/../../../../arm-none-eabi/lib/thumb/v7e-m+fp/hard\libc_nano.a(libc_a-mprec.o)
                0x080063c0                _Balloc
 .text._Bfree   0x0800643c       0x44 C:/ST/STM32CubeCLT_1.21.0/GNU-tools-for-STM32/bin/../lib/gcc/arm-none-eabi/14.3.1/../../../../arm-none-eabi/lib/thumb/v7e-m+fp/hard\libc_nano.a(libc_a-mprec.o)
                0x0800643c                _Bfree
 .text.__multadd
                0x08006480       0x8c C:/ST/STM32CubeCLT_1.21.0/GNU-tools-for-STM32/bin/../lib/gcc/arm-none-eabi/14.3.1/../../../../arm-none-eabi/lib/thumb/v7e-m+fp/hard\libc_nano.a(libc_a-mprec.o)
                0x08006480                __multadd
 .text.__hi0bits
                0x0800650c       0x3e C:/ST/STM32CubeCLT_1.21.0/GNU-tools-for-STM32/bin/../lib/gcc/arm-none-eabi/14.3.1/../../../../arm-none-eabi/lib/thumb/v7e-m+fp/hard\libc_nano.a(libc_a-mprec.o)
                0x0800650c                __hi0bits
 .text.__lo0bits
                0x0800654a       0x5a C:/ST/STM32CubeCLT_1.21.0/GNU-tools-for-STM32/bin/../lib/gcc/arm-none-eabi/14.3.1/../../../../arm-none-eabi/lib/thumb/v7e-m+fp/hard\libc_nano.a(libc_a-mprec.o)
                0x0800654a                __lo0bits
 .text.__i2b    0x080065a4       0x2c C:/ST/STM32CubeCLT_1.21.0/GNU-tools-for-STM32/bin/../lib/gcc/arm-none-eabi/14.3.1/../../../../arm-none-eabi/lib/thumb/v7e-m+fp/hard\libc_nano.a(libc_a-mprec.o)
                0x080065a4                __i2b
 .text.__multiply
                0x080065d0      0x154 C:/ST/STM32CubeCLT_1.21.0/GNU-tools-for-STM32/bin/../lib/gcc/arm-none-eabi/14.3.1/../../../../arm-none-eabi/lib/thumb/v7e-m+fp/hard\libc_nano.a(libc_a-mprec.o)
                0x080065d0                __multiply
 .text.__pow5mult
                0x08006724       0xb8 C:/ST/STM32CubeCLT_1.21.0/GNU-tools-for-STM32/bin/../lib/gcc/arm-none-eabi/14.3.1/../../../../arm-none-eabi/lib/thumb/v7e-m+fp/hard\libc_nano.a(libc_a-mprec.o)
                0x08006724                __pow5mult
 .text.__lshift
                0x080067dc       0xdc C:/ST/STM32CubeCLT_1.21.0/GNU-tools-for-STM32/bin/../lib/gcc/arm-none-eabi/14.3.1/../../../../arm-none-eabi/lib/thumb/v7e-m+fp/hard\libc_nano.a(libc_a-mprec.o)
                0x080067dc                __lshift
 .text.__mcmp   0x080068b8       0x36 C:/ST/STM32CubeCLT_1.21.0/GNU-tools-for-STM32/bin/../lib/gcc/arm-none-eabi/14.3.1/../../../../arm-none-eabi/lib/thumb/v7e-m+fp/hard\libc_nano.a(libc_a-mprec.o)
                0x080068b8                __mcmp
 *fill*         0x080068ee        0x2 
 .text.__mdiff  0x080068f0      0x130 C:/ST/STM32CubeCLT_1.21.0/GNU-tools-for-STM32/bin/../lib/gcc/arm-none-eabi/14.3.1/../../../../arm-none-eabi/lib/thumb/v7e-m+fp/hard\libc_nano.a(libc_a-mprec.o)
                0x080068f0                __mdiff
 .text.__d2b    0x08006a20       0xb0 C:/ST/STM32CubeCLT_1.21.0/GNU-tools-for-STM32/bin/../lib/gcc/arm-none-eabi/14.3.1/../../../../arm-none-eabi/lib/thumb/v7e-m+fp/hard\libc_nano.a(libc_a-mprec.o)
                0x08006a20                __d2b
 .text.__ssputs_r
                0x08006ad0       0xc0 C:/ST/STM32CubeCLT_1.21.0/GNU-tools-for-STM32/bin/../lib/gcc/arm-none-eabi/14.3.1/../../../../arm-none-eabi/lib/thumb/v7e-m+fp/hard\libc_nano.a(libc_a-nano-svfprintf.o)
                0x08006ad0                __ssputs_r
 .text._svfprintf_r
                0x08006b90      0x1f0 C:/ST/STM32CubeCLT_1.21.0/GNU-tools-for-STM32/bin/../lib/gcc/arm-none-eabi/14.3.1/../../../../arm-none-eabi/lib/thumb/v7e-m+fp/hard\libc_nano.a(libc_a-nano-svfprintf.o)
                0x08006b90                _svfiprintf_r
                0x08006b90                _svfprintf_r
 .text.__sflush_r
                0x08006d80      0x104 C:/ST/STM32CubeCLT_1.21.0/GNU-tools-for-STM32/bin/../lib/gcc/arm-none-eabi/14.3.1/../../../../arm-none-eabi/lib/thumb/v7e-m+fp/hard\libc_nano.a(libc_a-fflush.o)
                0x08006d80                __sflush_r
 .text._fflush_r
                0x08006e84       0x50 C:/ST/STM32CubeCLT_1.21.0/GNU-tools-for-STM32/bin/../lib/gcc/arm-none-eabi/14.3.1/../../../../arm-none-eabi/lib/thumb/v7e-m+fp/hard\libc_nano.a(libc_a-fflush.o)
                0x08006e84                _fflush_r
 .text.memmove  0x08006ed4       0x32 C:/ST/STM32CubeCLT_1.21.0/GNU-tools-for-STM32/bin/../lib/gcc/arm-none-eabi/14.3.1/../../../../arm-none-eabi/lib/thumb/v7e-m+fp/hard\libc_nano.a(libc_a-memmove.o)
                0x08006ed4                memmove
 *fill*         0x08006f06        0x2 
 .text._sbrk_r  0x08006f08       0x20 C:/ST/STM32CubeCLT_1.21.0/GNU-tools-for-STM32/bin/../lib/gcc/arm-none-eabi/14.3.1/../../../../arm-none-eabi/lib/thumb/v7e-m+fp/hard\libc_nano.a(libc_a-sbrkr.o)
                0x08006f08                _sbrk_r
 .text.memcpy   0x08006f28       0x1c C:/ST/STM32CubeCLT_1.21.0/GNU-tools-for-STM32/bin/../lib/gcc/arm-none-eabi/14.3.1/../../../../arm-none-eabi/lib/thumb/v7e-m+fp/hard\libc_nano.a(libc_a-memcpy-stub.o)
                0x08006f28                memcpy
 .text.__assert_func
                0x08006f44       0x3c C:/ST/STM32CubeCLT_1.21.0/GNU-tools-for-STM32/bin/../lib/gcc/arm-none-eabi/14.3.1/../../../../arm-none-eabi/lib/thumb/v7e-m+fp/hard\libc_nano.a(libc_a-assert.o)
                0x08006f44                __assert_func
 .text._calloc_r
                0x08006f80       0x28 C:/ST/STM32CubeCLT_1.21.0/GNU-tools-for-STM32/bin/../lib/gcc/arm-none-eabi/14.3.1/../../../../arm-none-eabi/lib/thumb/v7e-m+fp/hard\libc_nano.a(libc_a-callocr.o)
                0x08006f80                _calloc_r
 .text.__ascii_mbtowc
                0x08006fa8       0x24 C:/ST/STM32CubeCLT_1.21.0/GNU-tools-for-STM32/bin/../lib/gcc/arm-none-eabi/14.3.1/../../../../arm-none-eabi/lib/thumb/v7e-m+fp/hard\libc_nano.a(libc_a-mbtowc_r.o)
                0x08006fa8                __ascii_mbtowc
 .text._realloc_r
                0x08006fcc       0x5c C:/ST/STM32CubeCLT_1.21.0/GNU-tools-for-STM32/bin/../lib/gcc/arm-none-eabi/14.3.1/../../../../arm-none-eabi/lib/thumb/v7e-m+fp/hard\libc_nano.a(libc_a-reallocr.o)
                0x08006fcc                _realloc_r
 .text.__ascii_wctomb
                0x08007028       0x1a C:/ST/STM32CubeCLT_1.21.0/GNU-tools-for-STM32/bin/../lib/gcc/arm-none-eabi/14.3.1/../../../../arm-none-eabi/lib/thumb/v7e-m+fp/hard\libc_nano.a(libc_a-wctomb_r.o)
                0x08007028                __ascii_wctomb
 *fill*         0x08007042        0x2 
 .text.fprintf  0x08007044       0x24 C:/ST/STM32CubeCLT_1.21.0/GNU-tools-for-STM32/bin/../lib/gcc/arm-none-eabi/14.3.1/../../../../arm-none-eabi/lib/thumb/v7e-m+fp/hard\libc_nano.a(libc_a-fprintf.o)
                0x08007044                fiprintf
                0x08007044                fprintf
 .text.abort    0x08007068        0xe C:/ST/STM32CubeCLT_1.21.0/GNU-tools-for-STM32/bin/../lib/gcc/arm-none-eabi/14.3.1/../../../../arm-none-eabi/lib/thumb/v7e-m+fp/hard\libc_nano.a(libc_a-abort.o)
                0x08007068                abort
 .text._malloc_usable_size_r
                0x08007076       0x10 C:/ST/STM32CubeCLT_1.21.0/GNU-tools-for-STM32/bin/../lib/gcc/arm-none-eabi/14.3.1/../../../../arm-none-eabi/lib/thumb/v7e-m+fp/hard\libc_nano.a(libc_a-msizer.o)
                0x08007076                _malloc_usable_size_r
 .text.__sfputc_r
                0x08007086       0x2e C:/ST/STM32CubeCLT_1.21.0/GNU-tools-for-STM32/bin/../lib/gcc/arm-none-eabi/14.3.1/../../../../arm-none-eabi/lib/thumb/v7e-m+fp/hard\libc_nano.a(libc_a-nano-vfprintf.o)
 .text.__sfputs_r
                0x080070b4       0x24 C:/ST/STM32CubeCLT_1.21.0/GNU-tools-for-STM32/bin/../lib/gcc/arm-none-eabi/14.3.1/../../../../arm-none-eabi/lib/thumb/v7e-m+fp/hard\libc_nano.a(libc_a-nano-vfprintf.o)
                0x080070b4                __sfputs_r
 .text._vfprintf_r
                0x080070d8      0x228 C:/ST/STM32CubeCLT_1.21.0/GNU-tools-for-STM32/bin/../lib/gcc/arm-none-eabi/14.3.1/../../../../arm-none-eabi/lib/thumb/v7e-m+fp/hard\libc_nano.a(libc_a-nano-vfprintf.o)
                0x080070d8                _vfprintf_r
                0x080070d8                _vfiprintf_r
 .text.__swbuf_r
                0x08007300       0x7c C:/ST/STM32CubeCLT_1.21.0/GNU-tools-for-STM32/bin/../lib/gcc/arm-none-eabi/14.3.1/../../../../arm-none-eabi/lib/thumb/v7e-m+fp/hard\libc_nano.a(libc_a-wbuf.o)
                0x08007300                __swbuf_r
 .text.__swsetup_r
                0x0800737c       0xa8 C:/ST/STM32CubeCLT_1.21.0/GNU-tools-for-STM32/bin/../lib/gcc/arm-none-eabi/14.3.1/../../../../arm-none-eabi/lib/thumb/v7e-m+fp/hard\libc_nano.a(libc_a-wsetup.o)
                0x0800737c                __swsetup_r
 .text._raise_r
                0x08007424       0x50 C:/ST/STM32CubeCLT_1.21.0/GNU-tools-for-STM32/bin/../lib/gcc/arm-none-eabi/14.3.1/../../../../arm-none-eabi/lib/thumb/v7e-m+fp/hard\libc_nano.a(libc_a-signal.o)
                0x08007424                _raise_r
 .text.raise    0x08007474       0x10 C:/ST/STM32CubeCLT_1.21.0/GNU-tools-for-STM32/bin/../lib/gcc/arm-none-eabi/14.3.1/../../../../arm-none-eabi/lib/thumb/v7e-m+fp/hard\libc_nano.a(libc_a-signal.o)
                0x08007474                raise
 .text._kill_r  0x08007484       0x24 C:/ST/STM32CubeCLT_1.21.0/GNU-tools-for-STM32/bin/../lib/gcc/arm-none-eabi/14.3.1/../../../../arm-none-eabi/lib/thumb/v7e-m+fp/hard\libc_nano.a(libc_a-signalr.o)
                0x08007484                _kill_r
 .text._getpid_r
                0x080074a8        0x4 C:/ST/STM32CubeCLT_1.21.0/GNU-tools-for-STM32/bin/../lib/gcc/arm-none-eabi/14.3.1/../../../../arm-none-eabi/lib/thumb/v7e-m+fp/hard\libc_nano.a(libc_a-signalr.o)
                0x080074a8                _getpid_r
 .text.__swhatbuf_r
                0x080074ac       0x48 C:/ST/STM32CubeCLT_1.21.0/GNU-tools-for-STM32/bin/../lib/gcc/arm-none-eabi/14.3.1/../../../../arm-none-eabi/lib/thumb/v7e-m+fp/hard\libc_nano.a(libc_a-makebuf.o)
                0x080074ac                __swhatbuf_r
 .text.__smakebuf_r
                0x080074f4       0x72 C:/ST/STM32CubeCLT_1.21.0/GNU-tools-for-STM32/bin/../lib/gcc/arm-none-eabi/14.3.1/../../../../arm-none-eabi/lib/thumb/v7e-m+fp/hard\libc_nano.a(libc_a-makebuf.o)
                0x080074f4                __smakebuf_r
 *fill*         0x08007566        0x2 
 .text._fstat_r
                0x08007568       0x24 C:/ST/STM32CubeCLT_1.21.0/GNU-tools-for-STM32/bin/../lib/gcc/arm-none-eabi/14.3.1/../../../../arm-none-eabi/lib/thumb/v7e-m+fp/hard\libc_nano.a(libc_a-fstatr.o)
                0x08007568                _fstat_r
 .text._isatty_r
                0x0800758c       0x20 C:/ST/STM32CubeCLT_1.21.0/GNU-tools-for-STM32/bin/../lib/gcc/arm-none-eabi/14.3.1/../../../../arm-none-eabi/lib/thumb/v7e-m+fp/hard\libc_nano.a(libc_a-isattyr.o)
                0x0800758c                _isatty_r
 .text._close   0x080075ac       0x10 C:/ST/STM32CubeCLT_1.21.0/GNU-tools-for-STM32/bin/../lib/gcc/arm-none-eabi/14.3.1/../../../../arm-none-eabi/lib/thumb/v7e-m+fp/hard\libnosys.a(close.o)
                0x080075ac                _close
 .text._fstat   0x080075bc       0x10 C:/ST/STM32CubeCLT_1.21.0/GNU-tools-for-STM32/bin/../lib/gcc/arm-none-eabi/14.3.1/../../../../arm-none-eabi/lib/thumb/v7e-m+fp/hard\libnosys.a(fstat.o)
                0x080075bc                _fstat
 .text._getpid  0x080075cc       0x10 C:/ST/STM32CubeCLT_1.21.0/GNU-tools-for-STM32/bin/../lib/gcc/arm-none-eabi/14.3.1/../../../../arm-none-eabi/lib/thumb/v7e-m+fp/hard\libnosys.a(getpid.o)
                0x080075cc                _getpid
 .text._isatty  0x080075dc       0x10 C:/ST/STM32CubeCLT_1.21.0/GNU-tools-for-STM32/bin/../lib/gcc/arm-none-eabi/14.3.1/../../../../arm-none-eabi/lib/thumb/v7e-m+fp/hard\libnosys.a(isatty.o)
                0x080075dc                _isatty
 .text._kill    0x080075ec       0x10 C:/ST/STM32CubeCLT_1.21.0/GNU-tools-for-STM32/bin/../lib/gcc/arm-none-eabi/14.3.1/../../../../arm-none-eabi/lib/thumb/v7e-m+fp/hard\libnosys.a(kill.o)
                0x080075ec                _kill
 .text._lseek   0x080075fc       0x10 C:/ST/STM32CubeCLT_1.21.0/GNU-tools-for-STM32/bin/../lib/gcc/arm-none-eabi/14.3.1/../../../../arm-none-eabi/lib/thumb/v7e-m+fp/hard\libnosys.a(lseek.o)
                0x080075fc                _lseek
 .text._read    0x0800760c       0x10 C:/ST/STM32CubeCLT_1.21.0/GNU-tools-for-STM32/bin/../lib/gcc/arm-none-eabi/14.3.1/../../../../arm-none-eabi/lib/thumb/v7e-m+fp/hard\libnosys.a(read.o)
                0x0800760c                _read
 .text._sbrk    0x0800761c       0x1c C:/ST/STM32CubeCLT_1.21.0/GNU-tools-for-STM32/bin/../lib/gcc/arm-none-eabi/14.3.1/../../../../arm-none-eabi/lib/thumb/v7e-m+fp/hard\libnosys.a(sbrk.o)
                0x0800761c                _sbrk
 .text._write   0x08007638       0x10 C:/ST/STM32CubeCLT_1.21.0/GNU-tools-for-STM32/bin/../lib/gcc/arm-none-eabi/14.3.1/../../../../arm-none-eabi/lib/thumb/v7e-m+fp/hard\libnosys.a(write.o)
                0x08007638                _write
 *(.glue_7)
 .glue_7        0x08007648        0x0 linker stubs
 *(.glue_7t)
 .glue_7t       0x08007648        0x0 linker stubs
 *(.eh_frame)
 .eh_frame      0x08007648        0x0 C:/ST/STM32CubeCLT_1.21.0/GNU-tools-for-STM32/bin/../lib/gcc/arm-none-eabi/14.3.1/thumb/v7e-m+fp/hard/crtbegin.o
 *(.init)
 .init          0x08007648        0x4 C:/ST/STM32CubeCLT_1.21.0/GNU-tools-for-STM32/bin/../lib/gcc/arm-none-eabi/14.3.1/thumb/v7e-m+fp/hard/crti.o
                0x08007648                _init
 .init          0x0800764c        0x8 C:/ST/STM32CubeCLT_1.21.0/GNU-tools-for-STM32/bin/../lib/gcc/arm-none-eabi/14.3.1/thumb/v7e-m+fp/hard/crtn.o
 *(.fini)
 .fini          0x08007654        0x4 C:/ST/STM32CubeCLT_1.21.0/GNU-tools-for-STM32/bin/../lib/gcc/arm-none-eabi/14.3.1/thumb/v7e-m+fp/hard/crti.o
                0x08007654                _fini
 .fini          0x08007658        0x8 C:/ST/STM32CubeCLT_1.21.0/GNU-tools-for-STM32/bin/../lib/gcc/arm-none-eabi/14.3.1/thumb/v7e-m+fp/hard/crtn.o
                0x08007660                        . = ALIGN (0x4)
                0x08007660                        _etext = .

.vfp11_veneer   0x08007660        0x0
 .vfp11_veneer  0x08007660        0x0 linker stubs

.v4_bx          0x08007660        0x0
 .v4_bx         0x08007660        0x0 linker stubs

.iplt           0x08007660        0x0
 .iplt          0x08007660        0x0 C:/ST/STM32CubeCLT_1.21.0/GNU-tools-for-STM32/bin/../lib/gcc/arm-none-eabi/14.3.1/thumb/v7e-m+fp/hard/crtbegin.o

.rodata         0x08007660      0xd34
                0x08007660                        . = ALIGN (0x4)
 *(.rodata)
 .rodata        0x08007660       0x24 C:/ST/STM32CubeCLT_1.21.0/GNU-tools-for-STM32/bin/../lib/gcc/arm-none-eabi/14.3.1/thumb/v7e-m+fp/hard/crtbegin.o
 .rodata        0x08007684      0x114 startup/stm32f411_periph.o
                0x08007684                _SCnSCB
                0x08007688                _SCB
                0x0800768c                _SysTick
                0x08007690                _NVIC
                0x08007694                _ITM
                0x08007698                _DWT
                0x0800769c                _TPI
                0x080076a0                _CoreDebug
                0x080076a4                _MPU
                0x080076a8                _FPU
                0x080076ac                _TIM2
                0x080076b0                _TIM3
                0x080076b4                _TIM4
                0x080076b8                _TIM5
                0x080076bc                _RTC
                0x080076c0                _WWDG
                0x080076c4                _IWDG
                0x080076c8                _I2S2ext
                0x080076cc                _SPI2
                0x080076d0                _SPI3
                0x080076d4                _I2S3ext
                0x080076d8                _USART2
                0x080076dc                _I2C1
                0x080076e0                _I2C2
                0x080076e4                _I2C3
                0x080076e8                _PWR
                0x080076ec                _TIM1
                0x080076f0                _USART1
                0x080076f4                _USART6
                0x080076f8                _ADC1
                0x080076fc                _ADC
                0x08007700                _SDIO
                0x08007704                _SPI1
                0x08007708                _SPI4
                0x0800770c                _SYSCFG
                0x08007710                _EXTI
                0x08007714                _TIM9
                0x08007718                _TIM10
                0x0800771c                _TIM11
                0x08007720                _SPI5
                0x08007724                _GPIOA
                0x08007728                _GPIOB
                0x0800772c                _GPIOC
                0x08007730                _GPIOD
                0x08007734                _GPIOE
                0x08007738                _GPIOH
                0x0800773c                _CRC
                0x08007740                _RCC
                0x08007744                _FLASH
                0x08007748                _DMA1
                0x0800774c                _DMA1_Stream0
                0x08007750                _DMA1_Stream1
                0x08007754                _DMA1_Stream2
                0x08007758                _DMA1_Stream3
                0x0800775c                _DMA1_Stream4
                0x08007760                _DMA1_Stream5
                0x08007764                _DMA1_Stream6
                0x08007768                _DMA1_Stream7
                0x0800776c                _DMA2
                0x08007770                _DMA2_Stream0
                0x08007774                _DMA2_Stream1
                0x08007778                _DMA2_Stream2
                0x0800777c                _DMA2_Stream3
                0x08007780                _DMA2_Stream4
                0x08007784                _DMA2_Stream5
                0x08007788                _DMA2_Stream6
                0x0800778c                _DMA2_Stream7
                0x08007790                _DBGMCU
                0x08007794                _USB_OTG_FS
 .rodata        0x08007798       0x10 startup/system_stm32f4xx.o
                0x08007798                AHBPrescTable
 .rodata        0x080077a8      0x724 mbed_shield/src/lcd_128x32.o
 .rodata        0x08007ecc      0x104 src/main.o
 .rodata        0x08007fd0       0x24 C:/ST/STM32CubeCLT_1.21.0/GNU-tools-for-STM32/bin/../lib/gcc/arm-none-eabi/14.3.1/thumb/v7e-m+fp/hard/crtend.o
 *(.rodata*)
 .rodata._printf_float.str1.1
                0x08007ff4      0x171 C:/ST/STM32CubeCLT_1.21.0/GNU-tools-for-STM32/bin/../lib/gcc/arm-none-eabi/14.3.1/../../../../arm-none-eabi/lib/thumb/v7e-m+fp/hard\libc_nano.a(libc_a-nano-vfprintf_float.o)
                                 0x12 (size before relaxing)
 .rodata._printf_i.str1.1
                0x08008165       0x22 C:/ST/STM32CubeCLT_1.21.0/GNU-tools-for-STM32/bin/../lib/gcc/arm-none-eabi/14.3.1/../../../../arm-none-eabi/lib/thumb/v7e-m+fp/hard\libc_nano.a(libc_a-nano-vfprintf_i.o)
 .rodata._dtoa_r.str1.1
                0x08008165       0x8f C:/ST/STM32CubeCLT_1.21.0/GNU-tools-for-STM32/bin/../lib/gcc/arm-none-eabi/14.3.1/../../../../arm-none-eabi/lib/thumb/v7e-m+fp/hard\libc_nano.a(libc_a-dtoa.o)
 .rodata._Balloc.str1.1
                0x08008165       0x70 C:/ST/STM32CubeCLT_1.21.0/GNU-tools-for-STM32/bin/../lib/gcc/arm-none-eabi/14.3.1/../../../../arm-none-eabi/lib/thumb/v7e-m+fp/hard\libc_nano.a(libc_a-mprec.o)
 .rodata.__multadd.str1.1
                0x08008165       0x11 C:/ST/STM32CubeCLT_1.21.0/GNU-tools-for-STM32/bin/../lib/gcc/arm-none-eabi/14.3.1/../../../../arm-none-eabi/lib/thumb/v7e-m+fp/hard\libc_nano.a(libc_a-mprec.o)
 *fill*         0x08008165        0x3 
 .rodata.p05.0  0x08008168        0xc C:/ST/STM32CubeCLT_1.21.0/GNU-tools-for-STM32/bin/../lib/gcc/arm-none-eabi/14.3.1/../../../../arm-none-eabi/lib/thumb/v7e-m+fp/hard\libc_nano.a(libc_a-mprec.o)
 *fill*         0x08008174        0x4 
 .rodata.__mprec_tinytens
                0x08008178       0x28 C:/ST/STM32CubeCLT_1.21.0/GNU-tools-for-STM32/bin/../lib/gcc/arm-none-eabi/14.3.1/../../../../arm-none-eabi/lib/thumb/v7e-m+fp/hard\libc_nano.a(libc_a-mprec.o)
                0x08008178                __mprec_tinytens
 .rodata.__mprec_bigtens
                0x080081a0       0x28 C:/ST/STM32CubeCLT_1.21.0/GNU-tools-for-STM32/bin/../lib/gcc/arm-none-eabi/14.3.1/../../../../arm-none-eabi/lib/thumb/v7e-m+fp/hard\libc_nano.a(libc_a-mprec.o)
                0x080081a0                __mprec_bigtens
 .rodata.__mprec_tens
                0x080081c8       0xc8 C:/ST/STM32CubeCLT_1.21.0/GNU-tools-for-STM32/bin/../lib/gcc/arm-none-eabi/14.3.1/../../../../arm-none-eabi/lib/thumb/v7e-m+fp/hard\libc_nano.a(libc_a-mprec.o)
                0x080081c8                __mprec_tens
 .rodata._svfprintf_r.str1.1
                0x08008290       0x11 C:/ST/STM32CubeCLT_1.21.0/GNU-tools-for-STM32/bin/../lib/gcc/arm-none-eabi/14.3.1/../../../../arm-none-eabi/lib/thumb/v7e-m+fp/hard\libc_nano.a(libc_a-nano-svfprintf.o)
 .rodata._setlocale_r.str1.1
                0x08008290        0x9 C:/ST/STM32CubeCLT_1.21.0/GNU-tools-for-STM32/bin/../lib/gcc/arm-none-eabi/14.3.1/../../../../arm-none-eabi/lib/thumb/v7e-m+fp/hard\libc_nano.a(libc_a-locale.o)
 .rodata.str1.1
                0x08008290        0x2 C:/ST/STM32CubeCLT_1.21.0/GNU-tools-for-STM32/bin/../lib/gcc/arm-none-eabi/14.3.1/../../../../arm-none-eabi/lib/thumb/v7e-m+fp/hard\libc_nano.a(libc_a-locale.o)
 .rodata.__assert_func.str1.1
                0x08008290       0x3d C:/ST/STM32CubeCLT_1.21.0/GNU-tools-for-STM32/bin/../lib/gcc/arm-none-eabi/14.3.1/../../../../arm-none-eabi/lib/thumb/v7e-m+fp/hard\libc_nano.a(libc_a-assert.o)
 .rodata._ctype_
                0x08008290      0x101 C:/ST/STM32CubeCLT_1.21.0/GNU-tools-for-STM32/bin/../lib/gcc/arm-none-eabi/14.3.1/../../../../arm-none-eabi/lib/thumb/v7e-m+fp/hard\libc_nano.a(libc_a-ctype_.o)
                0x08008290                _ctype_
 .rodata._vfprintf_r.str1.1
                0x08008391       0x11 C:/ST/STM32CubeCLT_1.21.0/GNU-tools-for-STM32/bin/../lib/gcc/arm-none-eabi/14.3.1/../../../../arm-none-eabi/lib/thumb/v7e-m+fp/hard\libc_nano.a(libc_a-nano-vfprintf.o)
                0x080083a4                        . = ALIGN (0x4)
 *fill*         0x08008391        0x3 

.ARM.extab
 *(.ARM.extab* .gnu.linkonce.armextab.*)

.ARM            0x08008394        0x8
                0x08008394                        __exidx_start = .
 *(.ARM.exidx*)
 .ARM.exidx     0x08008394        0x8 C:/ST/STM32CubeCLT_1.21.0/GNU-tools-for-STM32/bin/../lib/gcc/arm-none-eabi/14.3.1/../../../../arm-none-eabi/lib/thumb/v7e-m+fp/hard\libc_nano.a(libc_a-memchr.o)
 .ARM.exidx     0x0800839c        0x0 C:/ST/STM32CubeCLT_1.21.0/GNU-tools-for-STM32/bin/../lib/gcc/arm-none-eabi/14.3.1/../../../../arm-none-eabi/lib/thumb/v7e-m+fp/hard\libc_nano.a(libc_a-strlen.o)
                                  0x8 (size before relaxing)
 .ARM.exidx     0x0800839c        0x0 C:/ST/STM32CubeCLT_1.21.0/GNU-tools-for-STM32/bin/../lib/gcc/arm-none-eabi/14.3.1/thumb/v7e-m+fp/hard\libgcc.a(_udivmoddi4.o)
                                  0x8 (size before relaxing)
                0x0800839c                        __exidx_end = .

.rel.dyn        0x0800839c        0x0
 .rel.iplt      0x0800839c        0x0 C:/ST/STM32CubeCLT_1.21.0/GNU-tools-for-STM32/bin/../lib/gcc/arm-none-eabi/14.3.1/thumb/v7e-m+fp/hard/crtbegin.o

.preinit_array  0x0800839c        0x0
                0x0800839c                        PROVIDE (__preinit_array_start = .)
 *(.preinit_array*)
                0x0800839c                        PROVIDE (__preinit_array_end = .)

.init_array     0x0800839c        0x4
                0x0800839c                        PROVIDE (__init_array_start = .)
 *(SORT_BY_NAME(.init_array.*))
 *(.init_array*)
 .init_array    0x0800839c        0x4 C:/ST/STM32CubeCLT_1.21.0/GNU-tools-for-STM32/bin/../lib/gcc/arm-none-eabi/14.3.1/thumb/v7e-m+fp/hard/crtbegin.o
                0x080083a0                        PROVIDE (__init_array_end = .)

.fini_array     0x080083a0        0x4
                [!provide]                        PROVIDE (__fini_array_start = .)
 *(SORT_BY_NAME(.fini_array.*))
 *(.fini_array*)
 .fini_array    0x080083a0        0x4 C:/ST/STM32CubeCLT_1.21.0/GNU-tools-for-STM32/bin/../lib/gcc/arm-none-eabi/14.3.1/thumb/v7e-m+fp/hard/crtbegin.o
                [!provide]                        PROVIDE (__fini_array_end = .)
                0x080083a4                        _sidata = LOADADDR (.data)

.data           0x20000000      0x290 load address 0x080083a4
                0x20000000                        . = ALIGN (0x4)
                0x20000000                        _sdata = .
 *(.data)
 .data          0x20000000        0x4 startup/system_stm32f4xx.o
                0x20000000                SystemCoreClock
 .data          0x20000004       0xa8 STM32F4xx_HAL_Driver/src/stm32f4xx_ll_rcc.o
 .data          0x200000ac       0x11 STM32F4xx_HAL_Driver/src/util.o
 *fill*         0x200000bd        0x3 
 .data          0x200000c0        0x5 STM32F4xx_HAL_Driver/src/stm32f4xx_hal.o
                0x200000c0                uwTickPrio
                0x200000c4                uwTickFreq
 *(.data*)
 *fill*         0x200000c5        0x3 
 .data.__sglue  0x200000c8        0xc C:/ST/STM32CubeCLT_1.21.0/GNU-tools-for-STM32/bin/../lib/gcc/arm-none-eabi/14.3.1/../../../../arm-none-eabi/lib/thumb/v7e-m+fp/hard\libc_nano.a(libc_a-findfp.o)
                0x200000c8                __sglue
 .data._impure_ptr
                0x200000d4        0x4 C:/ST/STM32CubeCLT_1.21.0/GNU-tools-for-STM32/bin/../lib/gcc/arm-none-eabi/14.3.1/../../../../arm-none-eabi/lib/thumb/v7e-m+fp/hard\libc_nano.a(libc_a-impure.o)
                0x200000d4                _impure_ptr
 .data._impure_data
                0x200000d8       0x4c C:/ST/STM32CubeCLT_1.21.0/GNU-tools-for-STM32/bin/../lib/gcc/arm-none-eabi/14.3.1/../../../../arm-none-eabi/lib/thumb/v7e-m+fp/hard\libc_nano.a(libc_a-impure.o)
                0x200000d8                _impure_data
 .data.__global_locale
                0x20000124      0x16c C:/ST/STM32CubeCLT_1.21.0/GNU-tools-for-STM32/bin/../lib/gcc/arm-none-eabi/14.3.1/../../../../arm-none-eabi/lib/thumb/v7e-m+fp/hard\libc_nano.a(libc_a-locale.o)
                0x20000124                __global_locale
                0x20000290                        . = ALIGN (0x4)
                0x20000290                        _edata = .

.igot.plt       0x20000290        0x0 load address 0x08008634
 .igot.plt      0x20000290        0x0 C:/ST/STM32CubeCLT_1.21.0/GNU-tools-for-STM32/bin/../lib/gcc/arm-none-eabi/14.3.1/thumb/v7e-m+fp/hard/crtbegin.o
                0x20000290                        . = ALIGN (0x4)

.bss            0x20000290      0x4fc load address 0x08008634
                0x20000290                        _sbss = .
                0x20000290                        __bss_start__ = _sbss
 *(.bss)
 .bss           0x20000290       0x1c C:/ST/STM32CubeCLT_1.21.0/GNU-tools-for-STM32/bin/../lib/gcc/arm-none-eabi/14.3.1/thumb/v7e-m+fp/hard/crtbegin.o
 .bss           0x200002ac       0x14 startup/system_stm32f4xx.o
                0x200002ac                sysclks
 .bss           0x200002c0        0x4 STM32F4xx_HAL_Driver/src/stm32f4xx_hal_i2c.o
                0x200002c0                nb_irqs_i2c
 .bss           0x200002c4        0x4 STM32F4xx_HAL_Driver/src/stm32f4xx_hal.o
                0x200002c4                uwTick
 .bss           0x200002c8       0x10 STM32F4xx_HAL_Driver/src/stm32f4xx_hal_spi.o
                0x200002c8                cpt
                0x200002cc                cpt1
                0x200002d0                cpt2
                0x200002d4                sr
 .bss           0x200002d8      0x264 mbed_shield/src/lcd_128x32.o
                0x200004e8                hspi1
 .bss           0x2000053c      0x100 src/main.o
                0x2000053c                htim3
                0x20000550                htim5
                0x20000564                huart2
                0x20000594                hi2c1
                0x200005d8                huart1
                0x20000608                bmp280
 *(.bss*)
 .bss.__sf      0x2000063c      0x138 C:/ST/STM32CubeCLT_1.21.0/GNU-tools-for-STM32/bin/../lib/gcc/arm-none-eabi/14.3.1/../../../../arm-none-eabi/lib/thumb/v7e-m+fp/hard\libc_nano.a(libc_a-findfp.o)
                0x2000063c                __sf
 .bss.__stdio_exit_handler
                0x20000774        0x4 C:/ST/STM32CubeCLT_1.21.0/GNU-tools-for-STM32/bin/../lib/gcc/arm-none-eabi/14.3.1/../../../../arm-none-eabi/lib/thumb/v7e-m+fp/hard\libc_nano.a(libc_a-findfp.o)
                0x20000774                __stdio_exit_handler
 .bss.errno     0x20000778        0x4 C:/ST/STM32CubeCLT_1.21.0/GNU-tools-for-STM32/bin/../lib/gcc/arm-none-eabi/14.3.1/../../../../arm-none-eabi/lib/thumb/v7e-m+fp/hard\libc_nano.a(libc_a-reent.o)
                0x20000778                errno
 .bss.__lock___malloc_recursive_mutex
                0x2000077c        0x1 C:/ST/STM32CubeCLT_1.21.0/GNU-tools-for-STM32/bin/../lib/gcc/arm-none-eabi/14.3.1/../../../../arm-none-eabi/lib/thumb/v7e-m+fp/hard\libc_nano.a(libc_a-lock.o)
                0x2000077c                __lock___malloc_recursive_mutex
 .bss.__lock___sfp_recursive_mutex
                0x2000077d        0x1 C:/ST/STM32CubeCLT_1.21.0/GNU-tools-for-STM32/bin/../lib/gcc/arm-none-eabi/14.3.1/../../../../arm-none-eabi/lib/thumb/v7e-m+fp/hard\libc_nano.a(libc_a-lock.o)
                0x2000077d                __lock___sfp_recursive_mutex
 *fill*         0x2000077e        0x2 
 .bss.__malloc_sbrk_start
                0x20000780        0x4 C:/ST/STM32CubeCLT_1.21.0/GNU-tools-for-STM32/bin/../lib/gcc/arm-none-eabi/14.3.1/../../../../arm-none-eabi/lib/thumb/v7e-m+fp/hard\libc_nano.a(libc_a-mallocr.o)
                0x20000780                __malloc_sbrk_start
 .bss.__malloc_free_list
                0x20000784        0x4 C:/ST/STM32CubeCLT_1.21.0/GNU-tools-for-STM32/bin/../lib/gcc/arm-none-eabi/14.3.1/../../../../arm-none-eabi/lib/thumb/v7e-m+fp/hard\libc_nano.a(libc_a-mallocr.o)
                0x20000784                __malloc_free_list
 .bss.heap_end.0
                0x20000788        0x4 C:/ST/STM32CubeCLT_1.21.0/GNU-tools-for-STM32/bin/../lib/gcc/arm-none-eabi/14.3.1/../../../../arm-none-eabi/lib/thumb/v7e-m+fp/hard\libnosys.a(sbrk.o)
 *(COMMON)
                0x2000078c                        . = ALIGN (0x4)
                0x2000078c                        _ebss = .
                0x2000078c                        __bss_end__ = _ebss

._user_heap_stack
                0x2000078c      0x600 load address 0x08008634
                0x2000078c                        . = ALIGN (0x4)
                0x2000078c                        PROVIDE (end = .)
                [!provide]                        PROVIDE (_end = .)
                0x2000098c                        . = (. + _Min_Heap_Size)
 *fill*         0x2000078c      0x200 
                0x20000d8c                        . = (. + _Min_Stack_Size)
 *fill*         0x2000098c      0x400 
                0x20000d8c                        . = ALIGN (0x4)

/DISCARD/
 libc.a(*)
 libm.a(*)
 libgcc.a(*)

.ARM.attributes
                0x00000000       0x30
 *(.ARM.attributes)
 .ARM.attributes
                0x00000000       0x22 C:/ST/STM32CubeCLT_1.21.0/GNU-tools-for-STM32/bin/../lib/gcc/arm-none-eabi/14.3.1/thumb/v7e-m+fp/hard/crti.o
 .ARM.attributes
                0x00000022       0x34 C:/ST/STM32CubeCLT_1.21.0/GNU-tools-for-STM32/bin/../lib/gcc/arm-none-eabi/14.3.1/thumb/v7e-m+fp/hard/crtbegin.o
 .ARM.attributes
                0x00000056       0x34 startup/stm32f411_periph.o
 .ARM.attributes
                0x0000008a       0x34 startup/sys_handlers.o
 .ARM.attributes
                0x000000be       0x34 startup/system_stm32f4xx.o
 .ARM.attributes
                0x000000f2       0x34 STM32F4xx_HAL_Driver/src/stm32f4xx_ll_rcc.o
 .ARM.attributes
                0x00000126       0x34 STM32F4xx_HAL_Driver/src/stm32f4xx_hal_i2c.o
 .ARM.attributes
                0x0000015a       0x34 STM32F4xx_HAL_Driver/src/util.o
 .ARM.attributes
                0x0000018e       0x34 STM32F4xx_HAL_Driver/src/stm32f4xx_hal.o
 .ARM.attributes
                0x000001c2       0x34 STM32F4xx_HAL_Driver/src/stm32f4xx_hal_cortex.o
 .ARM.attributes
                0x000001f6       0x34 STM32F4xx_HAL_Driver/src/stm32f4xx_hal_uart.o
 .ARM.attributes
                0x0000022a       0x34 STM32F4xx_HAL_Driver/src/stm32f4xx_hal_gpio.o
 .ARM.attributes
                0x0000025e       0x34 STM32F4xx_HAL_Driver/src/stm32f4xx_hal_tim.o
 .ARM.attributes
                0x00000292       0x34 STM32F4xx_HAL_Driver/src/stm32f4xx_hal_spi.o
 .ARM.attributes
                0x000002c6       0x34 mbed_shield/src/lcd_128x32.o
 .ARM.attributes
                0x000002fa       0x34 src/stm32f4xx_hal_msp.o
 .ARM.attributes
                0x0000032e       0x34 src/stm32f4xx_it.o
 .ARM.attributes
                0x00000362       0x34 src/main.o
 .ARM.attributes
                0x00000396       0x34 src/bmp280.o
 .ARM.attributes
                0x000003ca       0x25 startup/startup_stm32f411xe.o
 .ARM.attributes
                0x000003ef       0x34 C:/ST/STM32CubeCLT_1.21.0/GNU-tools-for-STM32/bin/../lib/gcc/arm-none-eabi/14.3.1/../../../../arm-none-eabi/lib/thumb/v7e-m+fp/hard\libc_nano.a(libc_a-nano-vfprintf_float.o)
 .ARM.attributes
                0x00000423       0x34 C:/ST/STM32CubeCLT_1.21.0/GNU-tools-for-STM32/bin/../lib/gcc/arm-none-eabi/14.3.1/../../../../arm-none-eabi/lib/thumb/v7e-m+fp/hard\libc_nano.a(libc_a-nano-vfprintf_i.o)
 .ARM.attributes
                0x00000457       0x34 C:/ST/STM32CubeCLT_1.21.0/GNU-tools-for-STM32/bin/../lib/gcc/arm-none-eabi/14.3.1/../../../../arm-none-eabi/lib/thumb/v7e-m+fp/hard\libc_nano.a(libc_a-findfp.o)
 .ARM.attributes
                0x0000048b       0x34 C:/ST/STM32CubeCLT_1.21.0/GNU-tools-for-STM32/bin/../lib/gcc/arm-none-eabi/14.3.1/../../../../arm-none-eabi/lib/thumb/v7e-m+fp/hard\libc_nano.a(libc_a-fwalk.o)
 .ARM.attributes
                0x000004bf       0x34 C:/ST/STM32CubeCLT_1.21.0/GNU-tools-for-STM32/bin/../lib/gcc/arm-none-eabi/14.3.1/../../../../arm-none-eabi/lib/thumb/v7e-m+fp/hard\libc_nano.a(libc_a-snprintf.o)
 .ARM.attributes
                0x000004f3       0x34 C:/ST/STM32CubeCLT_1.21.0/GNU-tools-for-STM32/bin/../lib/gcc/arm-none-eabi/14.3.1/../../../../arm-none-eabi/lib/thumb/v7e-m+fp/hard\libc_nano.a(libc_a-stdio.o)
 .ARM.attributes
                0x00000527       0x34 C:/ST/STM32CubeCLT_1.21.0/GNU-tools-for-STM32/bin/../lib/gcc/arm-none-eabi/14.3.1/../../../../arm-none-eabi/lib/thumb/v7e-m+fp/hard\libc_nano.a(libc_a-memset.o)
 .ARM.attributes
                0x0000055b       0x34 C:/ST/STM32CubeCLT_1.21.0/GNU-tools-for-STM32/bin/../lib/gcc/arm-none-eabi/14.3.1/../../../../arm-none-eabi/lib/thumb/v7e-m+fp/hard\libc_nano.a(libc_a-localeconv.o)
 .ARM.attributes
                0x0000058f       0x34 C:/ST/STM32CubeCLT_1.21.0/GNU-tools-for-STM32/bin/../lib/gcc/arm-none-eabi/14.3.1/../../../../arm-none-eabi/lib/thumb/v7e-m+fp/hard\libc_nano.a(libc_a-closer.o)
 .ARM.attributes
                0x000005c3       0x34 C:/ST/STM32CubeCLT_1.21.0/GNU-tools-for-STM32/bin/../lib/gcc/arm-none-eabi/14.3.1/../../../../arm-none-eabi/lib/thumb/v7e-m+fp/hard\libc_nano.a(libc_a-reent.o)
 .ARM.attributes
                0x000005f7       0x34 C:/ST/STM32CubeCLT_1.21.0/GNU-tools-for-STM32/bin/../lib/gcc/arm-none-eabi/14.3.1/../../../../arm-none-eabi/lib/thumb/v7e-m+fp/hard\libc_nano.a(libc_a-impure.o)
 .ARM.attributes
                0x0000062b       0x34 C:/ST/STM32CubeCLT_1.21.0/GNU-tools-for-STM32/bin/../lib/gcc/arm-none-eabi/14.3.1/../../../../arm-none-eabi/lib/thumb/v7e-m+fp/hard\libc_nano.a(libc_a-lseekr.o)
 .ARM.attributes
                0x0000065f       0x34 C:/ST/STM32CubeCLT_1.21.0/GNU-tools-for-STM32/bin/../lib/gcc/arm-none-eabi/14.3.1/../../../../arm-none-eabi/lib/thumb/v7e-m+fp/hard\libc_nano.a(libc_a-readr.o)
 .ARM.attributes
                0x00000693       0x34 C:/ST/STM32CubeCLT_1.21.0/GNU-tools-for-STM32/bin/../lib/gcc/arm-none-eabi/14.3.1/../../../../arm-none-eabi/lib/thumb/v7e-m+fp/hard\libc_nano.a(libc_a-writer.o)
 .ARM.attributes
                0x000006c7       0x34 C:/ST/STM32CubeCLT_1.21.0/GNU-tools-for-STM32/bin/../lib/gcc/arm-none-eabi/14.3.1/../../../../arm-none-eabi/lib/thumb/v7e-m+fp/hard\libc_nano.a(libc_a-init.o)
 .ARM.attributes
                0x000006fb       0x34 C:/ST/STM32CubeCLT_1.21.0/GNU-tools-for-STM32/bin/../lib/gcc/arm-none-eabi/14.3.1/../../../../arm-none-eabi/lib/thumb/v7e-m+fp/hard\libc_nano.a(libc_a-lock.o)
 .ARM.attributes
                0x0000072f       0x1c C:/ST/STM32CubeCLT_1.21.0/GNU-tools-for-STM32/bin/../lib/gcc/arm-none-eabi/14.3.1/../../../../arm-none-eabi/lib/thumb/v7e-m+fp/hard\libc_nano.a(libc_a-memchr.o)
 .ARM.attributes
                0x0000074b       0x17 C:/ST/STM32CubeCLT_1.21.0/GNU-tools-for-STM32/bin/../lib/gcc/arm-none-eabi/14.3.1/../../../../arm-none-eabi/lib/thumb/v7e-m+fp/hard\libc_nano.a(libc_a-strlen.o)
 .ARM.attributes
                0x00000762       0x34 C:/ST/STM32CubeCLT_1.21.0/GNU-tools-for-STM32/bin/../lib/gcc/arm-none-eabi/14.3.1/../../../../arm-none-eabi/lib/thumb/v7e-m+fp/hard\libc_nano.a(libc_a-dtoa.o)
 .ARM.attributes
                0x00000796       0x34 C:/ST/STM32CubeCLT_1.21.0/GNU-tools-for-STM32/bin/../lib/gcc/arm-none-eabi/14.3.1/../../../../arm-none-eabi/lib/thumb/v7e-m+fp/hard\libc_nano.a(libc_a-freer.o)
 .ARM.attributes
                0x000007ca       0x34 C:/ST/STM32CubeCLT_1.21.0/GNU-tools-for-STM32/bin/../lib/gcc/arm-none-eabi/14.3.1/../../../../arm-none-eabi/lib/thumb/v7e-m+fp/hard\libc_nano.a(libc_a-malloc.o)
 .ARM.attributes
                0x000007fe       0x34 C:/ST/STM32CubeCLT_1.21.0/GNU-tools-for-STM32/bin/../lib/gcc/arm-none-eabi/14.3.1/../../../../arm-none-eabi/lib/thumb/v7e-m+fp/hard\libc_nano.a(libc_a-mallocr.o)
 .ARM.attributes
                0x00000832       0x34 C:/ST/STM32CubeCLT_1.21.0/GNU-tools-for-STM32/bin/../lib/gcc/arm-none-eabi/14.3.1/../../../../arm-none-eabi/lib/thumb/v7e-m+fp/hard\libc_nano.a(libc_a-mlock.o)
 .ARM.attributes
                0x00000866       0x34 C:/ST/STM32CubeCLT_1.21.0/GNU-tools-for-STM32/bin/../lib/gcc/arm-none-eabi/14.3.1/../../../../arm-none-eabi/lib/thumb/v7e-m+fp/hard\libc_nano.a(libc_a-mprec.o)
 .ARM.attributes
                0x0000089a       0x34 C:/ST/STM32CubeCLT_1.21.0/GNU-tools-for-STM32/bin/../lib/gcc/arm-none-eabi/14.3.1/../../../../arm-none-eabi/lib/thumb/v7e-m+fp/hard\libc_nano.a(libc_a-nano-svfprintf.o)
 .ARM.attributes
                0x000008ce       0x34 C:/ST/STM32CubeCLT_1.21.0/GNU-tools-for-STM32/bin/../lib/gcc/arm-none-eabi/14.3.1/../../../../arm-none-eabi/lib/thumb/v7e-m+fp/hard\libc_nano.a(libc_a-fflush.o)
 .ARM.attributes
                0x00000902       0x34 C:/ST/STM32CubeCLT_1.21.0/GNU-tools-for-STM32/bin/../lib/gcc/arm-none-eabi/14.3.1/../../../../arm-none-eabi/lib/thumb/v7e-m+fp/hard\libc_nano.a(libc_a-memmove.o)
 .ARM.attributes
                0x00000936       0x34 C:/ST/STM32CubeCLT_1.21.0/GNU-tools-for-STM32/bin/../lib/gcc/arm-none-eabi/14.3.1/../../../../arm-none-eabi/lib/thumb/v7e-m+fp/hard\libc_nano.a(libc_a-locale.o)
 .ARM.attributes
                0x0000096a       0x34 C:/ST/STM32CubeCLT_1.21.0/GNU-tools-for-STM32/bin/../lib/gcc/arm-none-eabi/14.3.1/../../../../arm-none-eabi/lib/thumb/v7e-m+fp/hard\libc_nano.a(libc_a-sbrkr.o)
 .ARM.attributes
                0x0000099e       0x34 C:/ST/STM32CubeCLT_1.21.0/GNU-tools-for-STM32/bin/../lib/gcc/arm-none-eabi/14.3.1/../../../../arm-none-eabi/lib/thumb/v7e-m+fp/hard\libc_nano.a(libc_a-memcpy-stub.o)
 .ARM.attributes
                0x000009d2       0x34 C:/ST/STM32CubeCLT_1.21.0/GNU-tools-for-STM32/bin/../lib/gcc/arm-none-eabi/14.3.1/../../../../arm-none-eabi/lib/thumb/v7e-m+fp/hard\libc_nano.a(libc_a-assert.o)
 .ARM.attributes
                0x00000a06       0x34 C:/ST/STM32CubeCLT_1.21.0/GNU-tools-for-STM32/bin/../lib/gcc/arm-none-eabi/14.3.1/../../../../arm-none-eabi/lib/thumb/v7e-m+fp/hard\libc_nano.a(libc_a-callocr.o)
 .ARM.attributes
                0x00000a3a       0x34 C:/ST/STM32CubeCLT_1.21.0/GNU-tools-for-STM32/bin/../lib/gcc/arm-none-eabi/14.3.1/../../../../arm-none-eabi/lib/thumb/v7e-m+fp/hard\libc_nano.a(libc_a-mbtowc_r.o)
 .ARM.attributes
                0x00000a6e       0x34 C:/ST/STM32CubeCLT_1.21.0/GNU-tools-for-STM32/bin/../lib/gcc/arm-none-eabi/14.3.1/../../../../arm-none-eabi/lib/thumb/v7e-m+fp/hard\libc_nano.a(libc_a-reallocr.o)
 .ARM.attributes
                0x00000aa2       0x34 C:/ST/STM32CubeCLT_1.21.0/GNU-tools-for-STM32/bin/../lib/gcc/arm-none-eabi/14.3.1/../../../../arm-none-eabi/lib/thumb/v7e-m+fp/hard\libc_nano.a(libc_a-wctomb_r.o)
 .ARM.attributes
                0x00000ad6       0x34 C:/ST/STM32CubeCLT_1.21.0/GNU-tools-for-STM32/bin/../lib/gcc/arm-none-eabi/14.3.1/../../../../arm-none-eabi/lib/thumb/v7e-m+fp/hard\libc_nano.a(libc_a-ctype_.o)
 .ARM.attributes
                0x00000b0a       0x34 C:/ST/STM32CubeCLT_1.21.0/GNU-tools-for-STM32/bin/../lib/gcc/arm-none-eabi/14.3.1/../../../../arm-none-eabi/lib/thumb/v7e-m+fp/hard\libc_nano.a(libc_a-fprintf.o)
 .ARM.attributes
                0x00000b3e       0x34 C:/ST/STM32CubeCLT_1.21.0/GNU-tools-for-STM32/bin/../lib/gcc/arm-none-eabi/14.3.1/../../../../arm-none-eabi/lib/thumb/v7e-m+fp/hard\libc_nano.a(libc_a-abort.o)
 .ARM.attributes
                0x00000b72       0x34 C:/ST/STM32CubeCLT_1.21.0/GNU-tools-for-STM32/bin/../lib/gcc/arm-none-eabi/14.3.1/../../../../arm-none-eabi/lib/thumb/v7e-m+fp/hard\libc_nano.a(libc_a-msizer.o)
 .ARM.attributes
                0x00000ba6       0x34 C:/ST/STM32CubeCLT_1.21.0/GNU-tools-for-STM32/bin/../lib/gcc/arm-none-eabi/14.3.1/../../../../arm-none-eabi/lib/thumb/v7e-m+fp/hard\libc_nano.a(libc_a-nano-vfprintf.o)
 .ARM.attributes
                0x00000bda       0x34 C:/ST/STM32CubeCLT_1.21.0/GNU-tools-for-STM32/bin/../lib/gcc/arm-none-eabi/14.3.1/../../../../arm-none-eabi/lib/thumb/v7e-m+fp/hard\libc_nano.a(libc_a-wbuf.o)
 .ARM.attributes
                0x00000c0e       0x34 C:/ST/STM32CubeCLT_1.21.0/GNU-tools-for-STM32/bin/../lib/gcc/arm-none-eabi/14.3.1/../../../../arm-none-eabi/lib/thumb/v7e-m+fp/hard\libc_nano.a(libc_a-wsetup.o)
 .ARM.attributes
                0x00000c42       0x34 C:/ST/STM32CubeCLT_1.21.0/GNU-tools-for-STM32/bin/../lib/gcc/arm-none-eabi/14.3.1/../../../../arm-none-eabi/lib/thumb/v7e-m+fp/hard\libc_nano.a(libc_a-signal.o)
 .ARM.attributes
                0x00000c76       0x34 C:/ST/STM32CubeCLT_1.21.0/GNU-tools-for-STM32/bin/../lib/gcc/arm-none-eabi/14.3.1/../../../../arm-none-eabi/lib/thumb/v7e-m+fp/hard\libc_nano.a(libc_a-signalr.o)
 .ARM.attributes
                0x00000caa       0x34 C:/ST/STM32CubeCLT_1.21.0/GNU-tools-for-STM32/bin/../lib/gcc/arm-none-eabi/14.3.1/../../../../arm-none-eabi/lib/thumb/v7e-m+fp/hard\libc_nano.a(libc_a-makebuf.o)
 .ARM.attributes
                0x00000cde       0x34 C:/ST/STM32CubeCLT_1.21.0/GNU-tools-for-STM32/bin/../lib/gcc/arm-none-eabi/14.3.1/../../../../arm-none-eabi/lib/thumb/v7e-m+fp/hard\libc_nano.a(libc_a-fstatr.o)
 .ARM.attributes
                0x00000d12       0x34 C:/ST/STM32CubeCLT_1.21.0/GNU-tools-for-STM32/bin/../lib/gcc/arm-none-eabi/14.3.1/../../../../arm-none-eabi/lib/thumb/v7e-m+fp/hard\libc_nano.a(libc_a-isattyr.o)
 .ARM.attributes
                0x00000d46       0x22 C:/ST/STM32CubeCLT_1.21.0/GNU-tools-for-STM32/bin/../lib/gcc/arm-none-eabi/14.3.1/thumb/v7e-m+fp/hard\libgcc.a(_arm_addsubdf3.o)
 .ARM.attributes
                0x00000d68       0x22 C:/ST/STM32CubeCLT_1.21.0/GNU-tools-for-STM32/bin/../lib/gcc/arm-none-eabi/14.3.1/thumb/v7e-m+fp/hard\libgcc.a(_arm_muldivdf3.o)
 .ARM.attributes
                0x00000d8a       0x22 C:/ST/STM32CubeCLT_1.21.0/GNU-tools-for-STM32/bin/../lib/gcc/arm-none-eabi/14.3.1/thumb/v7e-m+fp/hard\libgcc.a(_arm_cmpdf2.o)
 .ARM.attributes
                0x00000dac       0x22 C:/ST/STM32CubeCLT_1.21.0/GNU-tools-for-STM32/bin/../lib/gcc/arm-none-eabi/14.3.1/thumb/v7e-m+fp/hard\libgcc.a(_arm_unorddf2.o)
 .ARM.attributes
                0x00000dce       0x22 C:/ST/STM32CubeCLT_1.21.0/GNU-tools-for-STM32/bin/../lib/gcc/arm-none-eabi/14.3.1/thumb/v7e-m+fp/hard\libgcc.a(_arm_fixdfsi.o)
 .ARM.attributes
                0x00000df0       0x22 C:/ST/STM32CubeCLT_1.21.0/GNU-tools-for-STM32/bin/../lib/gcc/arm-none-eabi/14.3.1/thumb/v7e-m+fp/hard\libgcc.a(_arm_truncdfsf2.o)
 .ARM.attributes
                0x00000e12       0x22 C:/ST/STM32CubeCLT_1.21.0/GNU-tools-for-STM32/bin/../lib/gcc/arm-none-eabi/14.3.1/thumb/v7e-m+fp/hard\libgcc.a(_aeabi_ldivmod.o)
 .ARM.attributes
                0x00000e34       0x34 C:/ST/STM32CubeCLT_1.21.0/GNU-tools-for-STM32/bin/../lib/gcc/arm-none-eabi/14.3.1/thumb/v7e-m+fp/hard\libgcc.a(_udivmoddi4.o)
 .ARM.attributes
                0x00000e68       0x22 C:/ST/STM32CubeCLT_1.21.0/GNU-tools-for-STM32/bin/../lib/gcc/arm-none-eabi/14.3.1/thumb/v7e-m+fp/hard\libgcc.a(_dvmd_tls.o)
 .ARM.attributes
                0x00000e8a       0x34 C:/ST/STM32CubeCLT_1.21.0/GNU-tools-for-STM32/bin/../lib/gcc/arm-none-eabi/14.3.1/../../../../arm-none-eabi/lib/thumb/v7e-m+fp/hard\libnosys.a(close.o)
 .ARM.attributes
                0x00000ebe       0x34 C:/ST/STM32CubeCLT_1.21.0/GNU-tools-for-STM32/bin/../lib/gcc/arm-none-eabi/14.3.1/../../../../arm-none-eabi/lib/thumb/v7e-m+fp/hard\libnosys.a(fstat.o)
 .ARM.attributes
                0x00000ef2       0x34 C:/ST/STM32CubeCLT_1.21.0/GNU-tools-for-STM32/bin/../lib/gcc/arm-none-eabi/14.3.1/../../../../arm-none-eabi/lib/thumb/v7e-m+fp/hard\libnosys.a(getpid.o)
 .ARM.attributes
                0x00000f26       0x34 C:/ST/STM32CubeCLT_1.21.0/GNU-tools-for-STM32/bin/../lib/gcc/arm-none-eabi/14.3.1/../../../../arm-none-eabi/lib/thumb/v7e-m+fp/hard\libnosys.a(isatty.o)
 .ARM.attributes
                0x00000f5a       0x34 C:/ST/STM32CubeCLT_1.21.0/GNU-tools-for-STM32/bin/../lib/gcc/arm-none-eabi/14.3.1/../../../../arm-none-eabi/lib/thumb/v7e-m+fp/hard\libnosys.a(kill.o)
 .ARM.attributes
                0x00000f8e       0x34 C:/ST/STM32CubeCLT_1.21.0/GNU-tools-for-STM32/bin/../lib/gcc/arm-none-eabi/14.3.1/../../../../arm-none-eabi/lib/thumb/v7e-m+fp/hard\libnosys.a(lseek.o)
 .ARM.attributes
                0x00000fc2       0x34 C:/ST/STM32CubeCLT_1.21.0/GNU-tools-for-STM32/bin/../lib/gcc/arm-none-eabi/14.3.1/../../../../arm-none-eabi/lib/thumb/v7e-m+fp/hard\libnosys.a(read.o)
 .ARM.attributes
                0x00000ff6       0x34 C:/ST/STM32CubeCLT_1.21.0/GNU-tools-for-STM32/bin/../lib/gcc/arm-none-eabi/14.3.1/../../../../arm-none-eabi/lib/thumb/v7e-m+fp/hard\libnosys.a(sbrk.o)
 .ARM.attributes
                0x0000102a       0x34 C:/ST/STM32CubeCLT_1.21.0/GNU-tools-for-STM32/bin/../lib/gcc/arm-none-eabi/14.3.1/../../../../arm-none-eabi/lib/thumb/v7e-m+fp/hard\libnosys.a(write.o)
 .ARM.attributes
                0x0000105e       0x34 C:/ST/STM32CubeCLT_1.21.0/GNU-tools-for-STM32/bin/../lib/gcc/arm-none-eabi/14.3.1/thumb/v7e-m+fp/hard/crtend.o
 .ARM.attributes
                0x00001092       0x22 C:/ST/STM32CubeCLT_1.21.0/GNU-tools-for-STM32/bin/../lib/gcc/arm-none-eabi/14.3.1/thumb/v7e-m+fp/hard/crtn.o
OUTPUT(main.elf elf32-littlearm)
LOAD linker stubs
LOAD C:/ST/STM32CubeCLT_1.21.0/GNU-tools-for-STM32/bin/../lib/gcc/arm-none-eabi/14.3.1/../../../../arm-none-eabi/lib/thumb/v7e-m+fp/hard\libc.a
LOAD C:/ST/STM32CubeCLT_1.21.0/GNU-tools-for-STM32/bin/../lib/gcc/arm-none-eabi/14.3.1/../../../../arm-none-eabi/lib/thumb/v7e-m+fp/hard\libm.a
LOAD C:/ST/STM32CubeCLT_1.21.0/GNU-tools-for-STM32/bin/../lib/gcc/arm-none-eabi/14.3.1/thumb/v7e-m+fp/hard\libgcc.a

.debug_info     0x00000000     0x970c
 .debug_info    0x00000000     0x224d startup/stm32f411_periph.o
 .debug_info    0x0000224d       0xf4 startup/sys_handlers.o
 .debug_info    0x00002341      0x5d2 startup/system_stm32f4xx.o
 .debug_info    0x00002913      0x56e STM32F4xx_HAL_Driver/src/stm32f4xx_ll_rcc.o
 .debug_info    0x00002e81      0x52a STM32F4xx_HAL_Driver/src/stm32f4xx_hal_i2c.o
 .debug_info    0x000033ab      0x2e2 STM32F4xx_HAL_Driver/src/util.o
 .debug_info    0x0000368d      0x635 STM32F4xx_HAL_Driver/src/stm32f4xx_hal.o
 .debug_info    0x00003cc2      0xc9f STM32F4xx_HAL_Driver/src/stm32f4xx_hal_cortex.o
 .debug_info    0x00004961      0x5d7 STM32F4xx_HAL_Driver/src/stm32f4xx_hal_uart.o
 .debug_info    0x00004f38      0x5c0 STM32F4xx_HAL_Driver/src/stm32f4xx_hal_gpio.o
 .debug_info    0x000054f8      0x425 STM32F4xx_HAL_Driver/src/stm32f4xx_hal_tim.o
 .debug_info    0x0000591d      0x43c STM32F4xx_HAL_Driver/src/stm32f4xx_hal_spi.o
 .debug_info    0x00005d59      0xd0d mbed_shield/src/lcd_128x32.o
 .debug_info    0x00006a66      0xaa2 src/stm32f4xx_hal_msp.o
 .debug_info    0x00007508      0x89c src/stm32f4xx_it.o
 .debug_info    0x00007da4      0xcad src/main.o
 .debug_info    0x00008a51      0xc8b src/bmp280.o
 .debug_info    0x000096dc       0x30 startup/startup_stm32f411xe.o

.debug_abbrev   0x00000000     0x1e7e
 .debug_abbrev  0x00000000      0x16c startup/stm32f411_periph.o
 .debug_abbrev  0x0000016c       0x45 startup/sys_handlers.o
 .debug_abbrev  0x000001b1      0x190 startup/system_stm32f4xx.o
 .debug_abbrev  0x00000341      0x18b STM32F4xx_HAL_Driver/src/stm32f4xx_ll_rcc.o
 .debug_abbrev  0x000004cc      0x199 STM32F4xx_HAL_Driver/src/stm32f4xx_hal_i2c.o
 .debug_abbrev  0x00000665      0x10e STM32F4xx_HAL_Driver/src/util.o
 .debug_abbrev  0x00000773      0x20a STM32F4xx_HAL_Driver/src/stm32f4xx_hal.o
 .debug_abbrev  0x0000097d      0x309 STM32F4xx_HAL_Driver/src/stm32f4xx_hal_cortex.o
 .debug_abbrev  0x00000c86      0x225 STM32F4xx_HAL_Driver/src/stm32f4xx_hal_uart.o
 .debug_abbrev  0x00000eab      0x186 STM32F4xx_HAL_Driver/src/stm32f4xx_hal_gpio.o
 .debug_abbrev  0x00001031      0x146 STM32F4xx_HAL_Driver/src/stm32f4xx_hal_tim.o
 .debug_abbrev  0x00001177      0x174 STM32F4xx_HAL_Driver/src/stm32f4xx_hal_spi.o
 .debug_abbrev  0x000012eb      0x347 mbed_shield/src/lcd_128x32.o
 .debug_abbrev  0x00001632      0x20e src/stm32f4xx_hal_msp.o
 .debug_abbrev  0x00001840      0x162 src/stm32f4xx_it.o
 .debug_abbrev  0x000019a2      0x252 src/main.o
 .debug_abbrev  0x00001bf4      0x26d src/bmp280.o
 .debug_abbrev  0x00001e61       0x1d startup/startup_stm32f411xe.o

.debug_aranges  0x00000000      0x240
 .debug_aranges
                0x00000000       0x18 startup/stm32f411_periph.o
 .debug_aranges
                0x00000018       0x20 startup/sys_handlers.o
 .debug_aranges
                0x00000038       0x20 startup/system_stm32f4xx.o
 .debug_aranges
                0x00000058       0x20 STM32F4xx_HAL_Driver/src/stm32f4xx_ll_rcc.o
 .debug_aranges
                0x00000078       0x20 STM32F4xx_HAL_Driver/src/stm32f4xx_hal_i2c.o
 .debug_aranges
                0x00000098       0x20 STM32F4xx_HAL_Driver/src/util.o
 .debug_aranges
                0x000000b8       0x20 STM32F4xx_HAL_Driver/src/stm32f4xx_hal.o
 .debug_aranges
                0x000000d8       0x20 STM32F4xx_HAL_Driver/src/stm32f4xx_hal_cortex.o
 .debug_aranges
                0x000000f8       0x20 STM32F4xx_HAL_Driver/src/stm32f4xx_hal_uart.o
 .debug_aranges
                0x00000118       0x20 STM32F4xx_HAL_Driver/src/stm32f4xx_hal_gpio.o
 .debug_aranges
                0x00000138       0x20 STM32F4xx_HAL_Driver/src/stm32f4xx_hal_tim.o
 .debug_aranges
                0x00000158       0x20 STM32F4xx_HAL_Driver/src/stm32f4xx_hal_spi.o
 .debug_aranges
                0x00000178       0x20 mbed_shield/src/lcd_128x32.o
 .debug_aranges
                0x00000198       0x20 src/stm32f4xx_hal_msp.o
 .debug_aranges
                0x000001b8       0x20 src/stm32f4xx_it.o
 .debug_aranges
                0x000001d8       0x20 src/main.o
 .debug_aranges
                0x000001f8       0x20 src/bmp280.o
 .debug_aranges
                0x00000218       0x28 startup/startup_stm32f411xe.o

.debug_line     0x00000000     0x43b5
 .debug_line    0x00000000      0x194 startup/stm32f411_periph.o
 .debug_line    0x00000194       0x6f startup/sys_handlers.o
 .debug_line    0x00000203      0x28c startup/system_stm32f4xx.o
 .debug_line    0x0000048f      0x47b STM32F4xx_HAL_Driver/src/stm32f4xx_ll_rcc.o
 .debug_line    0x0000090a      0x512 STM32F4xx_HAL_Driver/src/stm32f4xx_hal_i2c.o
 .debug_line    0x00000e1c      0x30d STM32F4xx_HAL_Driver/src/util.o
 .debug_line    0x00001129      0x347 STM32F4xx_HAL_Driver/src/stm32f4xx_hal.o
 .debug_line    0x00001470      0x55a STM32F4xx_HAL_Driver/src/stm32f4xx_hal_cortex.o
 .debug_line    0x000019ca      0x4b6 STM32F4xx_HAL_Driver/src/stm32f4xx_hal_uart.o
 .debug_line    0x00001e80      0x3e4 STM32F4xx_HAL_Driver/src/stm32f4xx_hal_gpio.o
 .debug_line    0x00002264      0x428 STM32F4xx_HAL_Driver/src/stm32f4xx_hal_tim.o
 .debug_line    0x0000268c      0x30e STM32F4xx_HAL_Driver/src/stm32f4xx_hal_spi.o
 .debug_line    0x0000299a      0x893 mbed_shield/src/lcd_128x32.o
 .debug_line    0x0000322d      0x2a8 src/stm32f4xx_hal_msp.o
 .debug_line    0x000034d5      0x27a src/stm32f4xx_it.o
 .debug_line    0x0000374f      0x433 src/main.o
 .debug_line    0x00003b82      0x7bd src/bmp280.o
 .debug_line    0x0000433f       0x76 startup/startup_stm32f411xe.o

.debug_str      0x00000000     0x2a4c
 .debug_str     0x00000000     0x2a4c startup/stm32f411_periph.o
                                0xca0 (size before relaxing)
 .debug_str     0x00002a4c      0x206 startup/sys_handlers.o
 .debug_str     0x00002a4c      0x49b startup/system_stm32f4xx.o
 .debug_str     0x00002a4c      0x516 STM32F4xx_HAL_Driver/src/stm32f4xx_ll_rcc.o
 .debug_str     0x00002a4c      0x401 STM32F4xx_HAL_Driver/src/stm32f4xx_hal_i2c.o
 .debug_str     0x00002a4c      0x217 STM32F4xx_HAL_Driver/src/util.o
 .debug_str     0x00002a4c      0x8c2 STM32F4xx_HAL_Driver/src/stm32f4xx_hal.o
 .debug_str     0x00002a4c      0xaab STM32F4xx_HAL_Driver/src/stm32f4xx_hal_cortex.o
 .debug_str     0x00002a4c      0x40b STM32F4xx_HAL_Driver/src/stm32f4xx_hal_uart.o
 .debug_str     0x00002a4c      0x459 STM32F4xx_HAL_Driver/src/stm32f4xx_hal_gpio.o
 .debug_str     0x00002a4c      0x366 STM32F4xx_HAL_Driver/src/stm32f4xx_hal_tim.o
 .debug_str     0x00002a4c      0x3c7 STM32F4xx_HAL_Driver/src/stm32f4xx_hal_spi.o
 .debug_str     0x00002a4c      0x5d7 mbed_shield/src/lcd_128x32.o
 .debug_str     0x00002a4c      0x858 src/stm32f4xx_hal_msp.o
 .debug_str     0x00002a4c      0x689 src/stm32f4xx_it.o
 .debug_str     0x00002a4c      0x93d src/main.o
 .debug_str     0x00002a4c      0x86e src/bmp280.o
 .debug_str     0x00002a4c       0x95 startup/startup_stm32f411xe.o

.comment        0x00000000       0x43
 .comment       0x00000000       0x43 startup/stm32f411_periph.o
                                 0x44 (size before relaxing)
 .comment       0x00000043       0x44 startup/sys_handlers.o
 .comment       0x00000043       0x44 startup/system_stm32f4xx.o
 .comment       0x00000043       0x44 STM32F4xx_HAL_Driver/src/stm32f4xx_ll_rcc.o
 .comment       0x00000043       0x44 STM32F4xx_HAL_Driver/src/stm32f4xx_hal_i2c.o
 .comment       0x00000043       0x44 STM32F4xx_HAL_Driver/src/util.o
 .comment       0x00000043       0x44 STM32F4xx_HAL_Driver/src/stm32f4xx_hal.o
 .comment       0x00000043       0x44 STM32F4xx_HAL_Driver/src/stm32f4xx_hal_cortex.o
 .comment       0x00000043       0x44 STM32F4xx_HAL_Driver/src/stm32f4xx_hal_uart.o
 .comment       0x00000043       0x44 STM32F4xx_HAL_Driver/src/stm32f4xx_hal_gpio.o
 .comment       0x00000043       0x44 STM32F4xx_HAL_Driver/src/stm32f4xx_hal_tim.o
 .comment       0x00000043       0x44 STM32F4xx_HAL_Driver/src/stm32f4xx_hal_spi.o
 .comment       0x00000043       0x44 mbed_shield/src/lcd_128x32.o
 .comment       0x00000043       0x44 src/stm32f4xx_hal_msp.o
 .comment       0x00000043       0x44 src/stm32f4xx_it.o
 .comment       0x00000043       0x44 src/main.o
 .comment       0x00000043       0x44 src/bmp280.o

.debug_frame    0x00000000     0x2624
 .debug_frame   0x00000000       0x90 startup/sys_handlers.o
 .debug_frame   0x00000090       0x40 startup/system_stm32f4xx.o
 .debug_frame   0x000000d0       0x74 STM32F4xx_HAL_Driver/src/stm32f4xx_ll_rcc.o
 .debug_frame   0x00000144       0xa4 STM32F4xx_HAL_Driver/src/stm32f4xx_hal_i2c.o
 .debug_frame   0x000001e8       0xac STM32F4xx_HAL_Driver/src/util.o
 .debug_frame   0x00000294      0x1f4 STM32F4xx_HAL_Driver/src/stm32f4xx_hal.o
 .debug_frame   0x00000488      0x31c STM32F4xx_HAL_Driver/src/stm32f4xx_hal_cortex.o
 .debug_frame   0x000007a4      0x124 STM32F4xx_HAL_Driver/src/stm32f4xx_hal_uart.o
 .debug_frame   0x000008c8       0xa4 STM32F4xx_HAL_Driver/src/stm32f4xx_hal_gpio.o
 .debug_frame   0x0000096c      0x11c STM32F4xx_HAL_Driver/src/stm32f4xx_hal_tim.o
 .debug_frame   0x00000a88       0x70 STM32F4xx_HAL_Driver/src/stm32f4xx_hal_spi.o
 .debug_frame   0x00000af8      0x2bc mbed_shield/src/lcd_128x32.o
 .debug_frame   0x00000db4      0x124 src/stm32f4xx_hal_msp.o
 .debug_frame   0x00000ed8      0x118 src/stm32f4xx_it.o
 .debug_frame   0x00000ff0       0x94 src/main.o
 .debug_frame   0x00001084      0x1f0 src/bmp280.o
 .debug_frame   0x00001274       0x90 C:/ST/STM32CubeCLT_1.21.0/GNU-tools-for-STM32/bin/../lib/gcc/arm-none-eabi/14.3.1/../../../../arm-none-eabi/lib/thumb/v7e-m+fp/hard\libc_nano.a(libc_a-nano-vfprintf_float.o)
 .debug_frame   0x00001304       0x60 C:/ST/STM32CubeCLT_1.21.0/GNU-tools-for-STM32/bin/../lib/gcc/arm-none-eabi/14.3.1/../../../../arm-none-eabi/lib/thumb/v7e-m+fp/hard\libc_nano.a(libc_a-nano-vfprintf_i.o)
 .debug_frame   0x00001364      0x144 C:/ST/STM32CubeCLT_1.21.0/GNU-tools-for-STM32/bin/../lib/gcc/arm-none-eabi/14.3.1/../../../../arm-none-eabi/lib/thumb/v7e-m+fp/hard\libc_nano.a(libc_a-findfp.o)
 .debug_frame   0x000014a8       0x34 C:/ST/STM32CubeCLT_1.21.0/GNU-tools-for-STM32/bin/../lib/gcc/arm-none-eabi/14.3.1/../../../../arm-none-eabi/lib/thumb/v7e-m+fp/hard\libc_nano.a(libc_a-fwalk.o)
 .debug_frame   0x000014dc       0x7c C:/ST/STM32CubeCLT_1.21.0/GNU-tools-for-STM32/bin/../lib/gcc/arm-none-eabi/14.3.1/../../../../arm-none-eabi/lib/thumb/v7e-m+fp/hard\libc_nano.a(libc_a-snprintf.o)
 .debug_frame   0x00001558       0x88 C:/ST/STM32CubeCLT_1.21.0/GNU-tools-for-STM32/bin/../lib/gcc/arm-none-eabi/14.3.1/../../../../arm-none-eabi/lib/thumb/v7e-m+fp/hard\libc_nano.a(libc_a-stdio.o)
 .debug_frame   0x000015e0       0x20 C:/ST/STM32CubeCLT_1.21.0/GNU-tools-for-STM32/bin/../lib/gcc/arm-none-eabi/14.3.1/../../../../arm-none-eabi/lib/thumb/v7e-m+fp/hard\libc_nano.a(libc_a-memset.o)
 .debug_frame   0x00001600       0x40 C:/ST/STM32CubeCLT_1.21.0/GNU-tools-for-STM32/bin/../lib/gcc/arm-none-eabi/14.3.1/../../../../arm-none-eabi/lib/thumb/v7e-m+fp/hard\libc_nano.a(libc_a-localeconv.o)
 .debug_frame   0x00001640       0x2c C:/ST/STM32CubeCLT_1.21.0/GNU-tools-for-STM32/bin/../lib/gcc/arm-none-eabi/14.3.1/../../../../arm-none-eabi/lib/thumb/v7e-m+fp/hard\libc_nano.a(libc_a-closer.o)
 .debug_frame   0x0000166c       0x38 C:/ST/STM32CubeCLT_1.21.0/GNU-tools-for-STM32/bin/../lib/gcc/arm-none-eabi/14.3.1/../../../../arm-none-eabi/lib/thumb/v7e-m+fp/hard\libc_nano.a(libc_a-reent.o)
 .debug_frame   0x000016a4       0x2c C:/ST/STM32CubeCLT_1.21.0/GNU-tools-for-STM32/bin/../lib/gcc/arm-none-eabi/14.3.1/../../../../arm-none-eabi/lib/thumb/v7e-m+fp/hard\libc_nano.a(libc_a-lseekr.o)
 .debug_frame   0x000016d0       0x2c C:/ST/STM32CubeCLT_1.21.0/GNU-tools-for-STM32/bin/../lib/gcc/arm-none-eabi/14.3.1/../../../../arm-none-eabi/lib/thumb/v7e-m+fp/hard\libc_nano.a(libc_a-readr.o)
 .debug_frame   0x000016fc       0x2c C:/ST/STM32CubeCLT_1.21.0/GNU-tools-for-STM32/bin/../lib/gcc/arm-none-eabi/14.3.1/../../../../arm-none-eabi/lib/thumb/v7e-m+fp/hard\libc_nano.a(libc_a-writer.o)
 .debug_frame   0x00001728       0x2c C:/ST/STM32CubeCLT_1.21.0/GNU-tools-for-STM32/bin/../lib/gcc/arm-none-eabi/14.3.1/../../../../arm-none-eabi/lib/thumb/v7e-m+fp/hard\libc_nano.a(libc_a-init.o)
 .debug_frame   0x00001754       0xb0 C:/ST/STM32CubeCLT_1.21.0/GNU-tools-for-STM32/bin/../lib/gcc/arm-none-eabi/14.3.1/../../../../arm-none-eabi/lib/thumb/v7e-m+fp/hard\libc_nano.a(libc_a-lock.o)
 .debug_frame   0x00001804       0x4c C:/ST/STM32CubeCLT_1.21.0/GNU-tools-for-STM32/bin/../lib/gcc/arm-none-eabi/14.3.1/../../../../arm-none-eabi/lib/thumb/v7e-m+fp/hard\libc_nano.a(libc_a-memchr.o)
 .debug_frame   0x00001850       0x20 C:/ST/STM32CubeCLT_1.21.0/GNU-tools-for-STM32/bin/../lib/gcc/arm-none-eabi/14.3.1/../../../../arm-none-eabi/lib/thumb/v7e-m+fp/hard\libc_nano.a(libc_a-strlen.o)
 .debug_frame   0x00001870       0x6c C:/ST/STM32CubeCLT_1.21.0/GNU-tools-for-STM32/bin/../lib/gcc/arm-none-eabi/14.3.1/../../../../arm-none-eabi/lib/thumb/v7e-m+fp/hard\libc_nano.a(libc_a-dtoa.o)
 .debug_frame   0x000018dc       0x38 C:/ST/STM32CubeCLT_1.21.0/GNU-tools-for-STM32/bin/../lib/gcc/arm-none-eabi/14.3.1/../../../../arm-none-eabi/lib/thumb/v7e-m+fp/hard\libc_nano.a(libc_a-freer.o)
 .debug_frame   0x00001914       0x30 C:/ST/STM32CubeCLT_1.21.0/GNU-tools-for-STM32/bin/../lib/gcc/arm-none-eabi/14.3.1/../../../../arm-none-eabi/lib/thumb/v7e-m+fp/hard\libc_nano.a(libc_a-malloc.o)
 .debug_frame   0x00001944       0x50 C:/ST/STM32CubeCLT_1.21.0/GNU-tools-for-STM32/bin/../lib/gcc/arm-none-eabi/14.3.1/../../../../arm-none-eabi/lib/thumb/v7e-m+fp/hard\libc_nano.a(libc_a-mallocr.o)
 .debug_frame   0x00001994       0x30 C:/ST/STM32CubeCLT_1.21.0/GNU-tools-for-STM32/bin/../lib/gcc/arm-none-eabi/14.3.1/../../../../arm-none-eabi/lib/thumb/v7e-m+fp/hard\libc_nano.a(libc_a-mlock.o)
 .debug_frame   0x000019c4      0x264 C:/ST/STM32CubeCLT_1.21.0/GNU-tools-for-STM32/bin/../lib/gcc/arm-none-eabi/14.3.1/../../../../arm-none-eabi/lib/thumb/v7e-m+fp/hard\libc_nano.a(libc_a-mprec.o)
 .debug_frame   0x00001c28       0x90 C:/ST/STM32CubeCLT_1.21.0/GNU-tools-for-STM32/bin/../lib/gcc/arm-none-eabi/14.3.1/../../../../arm-none-eabi/lib/thumb/v7e-m+fp/hard\libc_nano.a(libc_a-nano-svfprintf.o)
 .debug_frame   0x00001cb8       0x5c C:/ST/STM32CubeCLT_1.21.0/GNU-tools-for-STM32/bin/../lib/gcc/arm-none-eabi/14.3.1/../../../../arm-none-eabi/lib/thumb/v7e-m+fp/hard\libc_nano.a(libc_a-fflush.o)
 .debug_frame   0x00001d14       0x28 C:/ST/STM32CubeCLT_1.21.0/GNU-tools-for-STM32/bin/../lib/gcc/arm-none-eabi/14.3.1/../../../../arm-none-eabi/lib/thumb/v7e-m+fp/hard\libc_nano.a(libc_a-memmove.o)
 .debug_frame   0x00001d3c       0x48 C:/ST/STM32CubeCLT_1.21.0/GNU-tools-for-STM32/bin/../lib/gcc/arm-none-eabi/14.3.1/../../../../arm-none-eabi/lib/thumb/v7e-m+fp/hard\libc_nano.a(libc_a-locale.o)
 .debug_frame   0x00001d84       0x2c C:/ST/STM32CubeCLT_1.21.0/GNU-tools-for-STM32/bin/../lib/gcc/arm-none-eabi/14.3.1/../../../../arm-none-eabi/lib/thumb/v7e-m+fp/hard\libc_nano.a(libc_a-sbrkr.o)
 .debug_frame   0x00001db0       0x28 C:/ST/STM32CubeCLT_1.21.0/GNU-tools-for-STM32/bin/../lib/gcc/arm-none-eabi/14.3.1/../../../../arm-none-eabi/lib/thumb/v7e-m+fp/hard\libc_nano.a(libc_a-memcpy-stub.o)
 .debug_frame   0x00001dd8       0x40 C:/ST/STM32CubeCLT_1.21.0/GNU-tools-for-STM32/bin/../lib/gcc/arm-none-eabi/14.3.1/../../../../arm-none-eabi/lib/thumb/v7e-m+fp/hard\libc_nano.a(libc_a-assert.o)
 .debug_frame   0x00001e18       0x2c C:/ST/STM32CubeCLT_1.21.0/GNU-tools-for-STM32/bin/../lib/gcc/arm-none-eabi/14.3.1/../../../../arm-none-eabi/lib/thumb/v7e-m+fp/hard\libc_nano.a(libc_a-callocr.o)
 .debug_frame   0x00001e44       0x44 C:/ST/STM32CubeCLT_1.21.0/GNU-tools-for-STM32/bin/../lib/gcc/arm-none-eabi/14.3.1/../../../../arm-none-eabi/lib/thumb/v7e-m+fp/hard\libc_nano.a(libc_a-mbtowc_r.o)
 .debug_frame   0x00001e88       0x3c C:/ST/STM32CubeCLT_1.21.0/GNU-tools-for-STM32/bin/../lib/gcc/arm-none-eabi/14.3.1/../../../../arm-none-eabi/lib/thumb/v7e-m+fp/hard\libc_nano.a(libc_a-reallocr.o)
 .debug_frame   0x00001ec4       0x38 C:/ST/STM32CubeCLT_1.21.0/GNU-tools-for-STM32/bin/../lib/gcc/arm-none-eabi/14.3.1/../../../../arm-none-eabi/lib/thumb/v7e-m+fp/hard\libc_nano.a(libc_a-wctomb_r.o)
 .debug_frame   0x00001efc       0x5c C:/ST/STM32CubeCLT_1.21.0/GNU-tools-for-STM32/bin/../lib/gcc/arm-none-eabi/14.3.1/../../../../arm-none-eabi/lib/thumb/v7e-m+fp/hard\libc_nano.a(libc_a-fprintf.o)
 .debug_frame   0x00001f58       0x28 C:/ST/STM32CubeCLT_1.21.0/GNU-tools-for-STM32/bin/../lib/gcc/arm-none-eabi/14.3.1/../../../../arm-none-eabi/lib/thumb/v7e-m+fp/hard\libc_nano.a(libc_a-abort.o)