Archive member included to satisfy reference by file (symbol)

/opt/st/stm32cubeide_1.12.0/plugins/com.st.stm32cube.ide.mcu.externaltools.gnu-tools-for-stm32.10.3-2021.10.linux64_1.0.200.202301161003/tools/bin/../lib/gcc/arm-none-eabi/10.3.1/../../../../arm-none-eabi/lib/thumb/v7e-m+fp/hard/libc_nano.a(lib_a-exit.o)
                              /opt/st/stm32cubeide_1.12.0/plugins/com.st.stm32cube.ide.mcu.externaltools.gnu-tools-for-stm32.10.3-2021.10.linux64_1.0.200.202301161003/tools/bin/../lib/gcc/arm-none-eabi/10.3.1/../../../../arm-none-eabi/lib/thumb/v7e-m+fp/hard/crt0.o (exit)
/opt/st/stm32cubeide_1.12.0/plugins/com.st.stm32cube.ide.mcu.externaltools.gnu-tools-for-stm32.10.3-2021.10.linux64_1.0.200.202301161003/tools/bin/../lib/gcc/arm-none-eabi/10.3.1/../../../../arm-none-eabi/lib/thumb/v7e-m+fp/hard/libc_nano.a(lib_a-impure.o)
                              /opt/st/stm32cubeide_1.12.0/plugins/com.st.stm32cube.ide.mcu.externaltools.gnu-tools-for-stm32.10.3-2021.10.linux64_1.0.200.202301161003/tools/bin/../lib/gcc/arm-none-eabi/10.3.1/../../../../arm-none-eabi/lib/thumb/v7e-m+fp/hard/libc_nano.a(lib_a-exit.o) (_global_impure_ptr)
/opt/st/stm32cubeide_1.12.0/plugins/com.st.stm32cube.ide.mcu.externaltools.gnu-tools-for-stm32.10.3-2021.10.linux64_1.0.200.202301161003/tools/bin/../lib/gcc/arm-none-eabi/10.3.1/../../../../arm-none-eabi/lib/thumb/v7e-m+fp/hard/libc_nano.a(lib_a-init.o)
                              /opt/st/stm32cubeide_1.12.0/plugins/com.st.stm32cube.ide.mcu.externaltools.gnu-tools-for-stm32.10.3-2021.10.linux64_1.0.200.202301161003/tools/bin/../lib/gcc/arm-none-eabi/10.3.1/../../../../arm-none-eabi/lib/thumb/v7e-m+fp/hard/crt0.o (__libc_init_array)
/opt/st/stm32cubeide_1.12.0/plugins/com.st.stm32cube.ide.mcu.externaltools.gnu-tools-for-stm32.10.3-2021.10.linux64_1.0.200.202301161003/tools/bin/../lib/gcc/arm-none-eabi/10.3.1/../../../../arm-none-eabi/lib/thumb/v7e-m+fp/hard/libc_nano.a(lib_a-memset.o)
                              /opt/st/stm32cubeide_1.12.0/plugins/com.st.stm32cube.ide.mcu.externaltools.gnu-tools-for-stm32.10.3-2021.10.linux64_1.0.200.202301161003/tools/bin/../lib/gcc/arm-none-eabi/10.3.1/../../../../arm-none-eabi/lib/thumb/v7e-m+fp/hard/crt0.o (memset)
/opt/st/stm32cubeide_1.12.0/plugins/com.st.stm32cube.ide.mcu.externaltools.gnu-tools-for-stm32.10.3-2021.10.linux64_1.0.200.202301161003/tools/bin/../lib/gcc/arm-none-eabi/10.3.1/thumb/v7e-m+fp/hard/libgcc.a(_arm_muldf3.o)
                              STM32F4xx_HAL_Driver/src/util.o (__aeabi_dmul)
/opt/st/stm32cubeide_1.12.0/plugins/com.st.stm32cube.ide.mcu.externaltools.gnu-tools-for-stm32.10.3-2021.10.linux64_1.0.200.202301161003/tools/bin/../lib/gcc/arm-none-eabi/10.3.1/thumb/v7e-m+fp/hard/libgcc.a(_arm_addsubdf3.o)
                              STM32F4xx_HAL_Driver/src/stm32f4xx_hal_uart.o (__aeabi_dadd)
/opt/st/stm32cubeide_1.12.0/plugins/com.st.stm32cube.ide.mcu.externaltools.gnu-tools-for-stm32.10.3-2021.10.linux64_1.0.200.202301161003/tools/bin/../lib/gcc/arm-none-eabi/10.3.1/thumb/v7e-m+fp/hard/libgcc.a(_arm_muldivdf3.o)
                              STM32F4xx_HAL_Driver/src/util.o (__aeabi_ddiv)
/opt/st/stm32cubeide_1.12.0/plugins/com.st.stm32cube.ide.mcu.externaltools.gnu-tools-for-stm32.10.3-2021.10.linux64_1.0.200.202301161003/tools/bin/../lib/gcc/arm-none-eabi/10.3.1/thumb/v7e-m+fp/hard/libgcc.a(_arm_truncdfsf2.o)
                              STM32F4xx_HAL_Driver/src/util.o (__aeabi_d2f)

Discarded input sections

 .text          0x0000000000000000        0x0 /opt/st/stm32cubeide_1.12.0/plugins/com.st.stm32cube.ide.mcu.externaltools.gnu-tools-for-stm32.10.3-2021.10.linux64_1.0.200.202301161003/tools/bin/../lib/gcc/arm-none-eabi/10.3.1/thumb/v7e-m+fp/hard/crti.o
 .data          0x0000000000000000        0x0 /opt/st/stm32cubeide_1.12.0/plugins/com.st.stm32cube.ide.mcu.externaltools.gnu-tools-for-stm32.10.3-2021.10.linux64_1.0.200.202301161003/tools/bin/../lib/gcc/arm-none-eabi/10.3.1/thumb/v7e-m+fp/hard/crti.o
 .bss           0x0000000000000000        0x0 /opt/st/stm32cubeide_1.12.0/plugins/com.st.stm32cube.ide.mcu.externaltools.gnu-tools-for-stm32.10.3-2021.10.linux64_1.0.200.202301161003/tools/bin/../lib/gcc/arm-none-eabi/10.3.1/thumb/v7e-m+fp/hard/crti.o
 .data          0x0000000000000000        0x4 /opt/st/stm32cubeide_1.12.0/plugins/com.st.stm32cube.ide.mcu.externaltools.gnu-tools-for-stm32.10.3-2021.10.linux64_1.0.200.202301161003/tools/bin/../lib/gcc/arm-none-eabi/10.3.1/thumb/v7e-m+fp/hard/crtbegin.o
 .text          0x0000000000000000       0x7c /opt/st/stm32cubeide_1.12.0/plugins/com.st.stm32cube.ide.mcu.externaltools.gnu-tools-for-stm32.10.3-2021.10.linux64_1.0.200.202301161003/tools/bin/../lib/gcc/arm-none-eabi/10.3.1/../../../../arm-none-eabi/lib/thumb/v7e-m+fp/hard/crt0.o
 .data          0x0000000000000000        0x0 /opt/st/stm32cubeide_1.12.0/plugins/com.st.stm32cube.ide.mcu.externaltools.gnu-tools-for-stm32.10.3-2021.10.linux64_1.0.200.202301161003/tools/bin/../lib/gcc/arm-none-eabi/10.3.1/../../../../arm-none-eabi/lib/thumb/v7e-m+fp/hard/crt0.o
 .bss           0x0000000000000000        0x0 /opt/st/stm32cubeide_1.12.0/plugins/com.st.stm32cube.ide.mcu.externaltools.gnu-tools-for-stm32.10.3-2021.10.linux64_1.0.200.202301161003/tools/bin/../lib/gcc/arm-none-eabi/10.3.1/../../../../arm-none-eabi/lib/thumb/v7e-m+fp/hard/crt0.o
 .ARM.extab     0x0000000000000000        0x0 /opt/st/stm32cubeide_1.12.0/plugins/com.st.stm32cube.ide.mcu.externaltools.gnu-tools-for-stm32.10.3-2021.10.linux64_1.0.200.202301161003/tools/bin/../lib/gcc/arm-none-eabi/10.3.1/../../../../arm-none-eabi/lib/thumb/v7e-m+fp/hard/crt0.o
 .ARM.exidx     0x0000000000000000       0x10 /opt/st/stm32cubeide_1.12.0/plugins/com.st.stm32cube.ide.mcu.externaltools.gnu-tools-for-stm32.10.3-2021.10.linux64_1.0.200.202301161003/tools/bin/../lib/gcc/arm-none-eabi/10.3.1/../../../../arm-none-eabi/lib/thumb/v7e-m+fp/hard/crt0.o
 .ARM.attributes
                0x0000000000000000       0x1c /opt/st/stm32cubeide_1.12.0/plugins/com.st.stm32cube.ide.mcu.externaltools.gnu-tools-for-stm32.10.3-2021.10.linux64_1.0.200.202301161003/tools/bin/../lib/gcc/arm-none-eabi/10.3.1/../../../../arm-none-eabi/lib/thumb/v7e-m+fp/hard/crt0.o
 .text          0x0000000000000000        0x0 startup/stm32f411_periph.o
 .data          0x0000000000000000        0x0 startup/stm32f411_periph.o
 .bss           0x0000000000000000        0x0 startup/stm32f411_periph.o
 .data          0x0000000000000000        0x0 startup/sys_handlers.o
 .bss           0x0000000000000000        0x0 startup/sys_handlers.o
 .bss           0x0000000000000000        0x0 STM32F4xx_HAL_Driver/src/stm32f4xx_ll_rcc.o
 .data          0x0000000000000000        0x0 STM32F4xx_HAL_Driver/src/stm32f4xx_hal_i2c.o
 .bss           0x0000000000000000        0x0 STM32F4xx_HAL_Driver/src/util.o
 .data          0x0000000000000000        0x0 STM32F4xx_HAL_Driver/src/stm32f4xx_hal_cortex.o
 .bss           0x0000000000000000        0x0 STM32F4xx_HAL_Driver/src/stm32f4xx_hal_cortex.o
 .data          0x0000000000000000        0x0 STM32F4xx_HAL_Driver/src/stm32f4xx_hal_uart.o
 .bss           0x0000000000000000        0x0 STM32F4xx_HAL_Driver/src/stm32f4xx_hal_uart.o
 .data          0x0000000000000000        0x0 STM32F4xx_HAL_Driver/src/stm32f4xx_hal_gpio.o
 .bss           0x0000000000000000        0x0 STM32F4xx_HAL_Driver/src/stm32f4xx_hal_gpio.o
 .data          0x0000000000000000        0x0 STM32F4xx_HAL_Driver/src/stm32f4xx_hal_tim.o
 .bss           0x0000000000000000        0x0 STM32F4xx_HAL_Driver/src/stm32f4xx_hal_tim.o
 .data          0x0000000000000000        0x0 STM32F4xx_HAL_Driver/src/stm32f4xx_hal_spi.o
 .text          0x0000000000000000       0x28 mbed_shield/src/leds.o
 .data          0x0000000000000000        0x0 mbed_shield/src/leds.o
 .bss           0x0000000000000000        0x0 mbed_shield/src/leds.o
 .debug_info    0x0000000000000000      0x11b mbed_shield/src/leds.o
 .debug_abbrev  0x0000000000000000       0x80 mbed_shield/src/leds.o
 .debug_aranges
                0x0000000000000000       0x20 mbed_shield/src/leds.o
 .debug_line    0x0000000000000000      0x1c6 mbed_shield/src/leds.o
 .debug_str     0x0000000000000000      0x1fa mbed_shield/src/leds.o
 .comment       0x0000000000000000       0x51 mbed_shield/src/leds.o
 .debug_frame   0x0000000000000000       0x70 mbed_shield/src/leds.o
 .ARM.attributes
                0x0000000000000000       0x34 mbed_shield/src/leds.o
 .text          0x0000000000000000       0x42 mbed_shield/src/sw.o
 .data          0x0000000000000000        0x0 mbed_shield/src/sw.o
 .bss           0x0000000000000000        0x0 mbed_shield/src/sw.o
 .debug_info    0x0000000000000000      0x17d mbed_shield/src/sw.o
 .debug_abbrev  0x0000000000000000       0x55 mbed_shield/src/sw.o
 .debug_aranges
                0x0000000000000000       0x20 mbed_shield/src/sw.o
 .debug_line    0x0000000000000000      0x1f0 mbed_shield/src/sw.o
 .debug_str     0x0000000000000000      0x272 mbed_shield/src/sw.o
 .comment       0x0000000000000000       0x51 mbed_shield/src/sw.o
 .debug_frame   0x0000000000000000       0xc0 mbed_shield/src/sw.o
 .ARM.attributes
                0x0000000000000000       0x34 mbed_shield/src/sw.o
 .text          0x0000000000000000        0xc mbed_shield/src/lm75.o
 .data          0x0000000000000000        0x0 mbed_shield/src/lm75.o
 .bss           0x0000000000000000        0x0 mbed_shield/src/lm75.o
 .debug_info    0x0000000000000000       0xa3 mbed_shield/src/lm75.o
 .debug_abbrev  0x0000000000000000       0x62 mbed_shield/src/lm75.o
 .debug_aranges
                0x0000000000000000       0x20 mbed_shield/src/lm75.o
 .debug_line    0x0000000000000000       0x4e mbed_shield/src/lm75.o
 .debug_str     0x0000000000000000      0x1d4 mbed_shield/src/lm75.o
 .comment       0x0000000000000000       0x51 mbed_shield/src/lm75.o
 .debug_frame   0x0000000000000000       0x28 mbed_shield/src/lm75.o
 .ARM.attributes
                0x0000000000000000       0x34 mbed_shield/src/lm75.o
 .text          0x0000000000000000      0xcfc mbed_shield/src/lcd_128x32.o
 .data          0x0000000000000000        0x8 mbed_shield/src/lcd_128x32.o
 .data          0x0000000000000000        0x0 src/stm32f4xx_hal_msp.o
 .bss           0x0000000000000000        0x0 src/stm32f4xx_hal_msp.o
 .data          0x0000000000000000        0x0 src/stm32f4xx_it.o
 .bss           0x0000000000000000        0x0 src/stm32f4xx_it.o
 .data          0x0000000000000000        0x0 src/main.o
 .text          0x0000000000000000        0x0 startup/startup_stm32f411xe.o
 .data          0x0000000000000000        0x0 startup/startup_stm32f411xe.o
 .bss           0x0000000000000000        0x0 startup/startup_stm32f411xe.o
 .text          0x0000000000000000        0x0 /opt/st/stm32cubeide_1.12.0/plugins/com.st.stm32cube.ide.mcu.externaltools.gnu-tools-for-stm32.10.3-2021.10.linux64_1.0.200.202301161003/tools/bin/../lib/gcc/arm-none-eabi/10.3.1/../../../../arm-none-eabi/lib/thumb/v7e-m+fp/hard/libc_nano.a(lib_a-exit.o)
 .data          0x0000000000000000        0x0 /opt/st/stm32cubeide_1.12.0/plugins/com.st.stm32cube.ide.mcu.externaltools.gnu-tools-for-stm32.10.3-2021.10.linux64_1.0.200.202301161003/tools/bin/../lib/gcc/arm-none-eabi/10.3.1/../../../../arm-none-eabi/lib/thumb/v7e-m+fp/hard/libc_nano.a(lib_a-exit.o)
 .bss           0x0000000000000000        0x0 /opt/st/stm32cubeide_1.12.0/plugins/com.st.stm32cube.ide.mcu.externaltools.gnu-tools-for-stm32.10.3-2021.10.linux64_1.0.200.202301161003/tools/bin/../lib/gcc/arm-none-eabi/10.3.1/../../../../arm-none-eabi/lib/thumb/v7e-m+fp/hard/libc_nano.a(lib_a-exit.o)
 .text.exit     0x0000000000000000       0x28 /opt/st/stm32cubeide_1.12.0/plugins/com.st.stm32cube.ide.mcu.externaltools.gnu-tools-for-stm32.10.3-2021.10.linux64_1.0.200.202301161003/tools/bin/../lib/gcc/arm-none-eabi/10.3.1/../../../../arm-none-eabi/lib/thumb/v7e-m+fp/hard/libc_nano.a(lib_a-exit.o)
 .debug_frame   0x0000000000000000       0x28 /opt/st/stm32cubeide_1.12.0/plugins/com.st.stm32cube.ide.mcu.externaltools.gnu-tools-for-stm32.10.3-2021.10.linux64_1.0.200.202301161003/tools/bin/../lib/gcc/arm-none-eabi/10.3.1/../../../../arm-none-eabi/lib/thumb/v7e-m+fp/hard/libc_nano.a(lib_a-exit.o)
 .ARM.attributes
                0x0000000000000000       0x34 /opt/st/stm32cubeide_1.12.0/plugins/com.st.stm32cube.ide.mcu.externaltools.gnu-tools-for-stm32.10.3-2021.10.linux64_1.0.200.202301161003/tools/bin/../lib/gcc/arm-none-eabi/10.3.1/../../../../arm-none-eabi/lib/thumb/v7e-m+fp/hard/libc_nano.a(lib_a-exit.o)
 .text          0x0000000000000000        0x0 /opt/st/stm32cubeide_1.12.0/plugins/com.st.stm32cube.ide.mcu.externaltools.gnu-tools-for-stm32.10.3-2021.10.linux64_1.0.200.202301161003/tools/bin/../lib/gcc/arm-none-eabi/10.3.1/../../../../arm-none-eabi/lib/thumb/v7e-m+fp/hard/libc_nano.a(lib_a-impure.o)
 .data          0x0000000000000000        0x0 /opt/st/stm32cubeide_1.12.0/plugins/com.st.stm32cube.ide.mcu.externaltools.gnu-tools-for-stm32.10.3-2021.10.linux64_1.0.200.202301161003/tools/bin/../lib/gcc/arm-none-eabi/10.3.1/../../../../arm-none-eabi/lib/thumb/v7e-m+fp/hard/libc_nano.a(lib_a-impure.o)
 .bss           0x0000000000000000        0x0 /opt/st/stm32cubeide_1.12.0/plugins/com.st.stm32cube.ide.mcu.externaltools.gnu-tools-for-stm32.10.3-2021.10.linux64_1.0.200.202301161003/tools/bin/../lib/gcc/arm-none-eabi/10.3.1/../../../../arm-none-eabi/lib/thumb/v7e-m+fp/hard/libc_nano.a(lib_a-impure.o)
 .data._impure_ptr
                0x0000000000000000        0x4 /opt/st/stm32cubeide_1.12.0/plugins/com.st.stm32cube.ide.mcu.externaltools.gnu-tools-for-stm32.10.3-2021.10.linux64_1.0.200.202301161003/tools/bin/../lib/gcc/arm-none-eabi/10.3.1/../../../../arm-none-eabi/lib/thumb/v7e-m+fp/hard/libc_nano.a(lib_a-impure.o)
 .text          0x0000000000000000        0x0 /opt/st/stm32cubeide_1.12.0/plugins/com.st.stm32cube.ide.mcu.externaltools.gnu-tools-for-stm32.10.3-2021.10.linux64_1.0.200.202301161003/tools/bin/../lib/gcc/arm-none-eabi/10.3.1/../../../../arm-none-eabi/lib/thumb/v7e-m+fp/hard/libc_nano.a(lib_a-init.o)
 .data          0x0000000000000000        0x0 /opt/st/stm32cubeide_1.12.0/plugins/com.st.stm32cube.ide.mcu.externaltools.gnu-tools-for-stm32.10.3-2021.10.linux64_1.0.200.202301161003/tools/bin/../lib/gcc/arm-none-eabi/10.3.1/../../../../arm-none-eabi/lib/thumb/v7e-m+fp/hard/libc_nano.a(lib_a-init.o)
 .bss           0x0000000000000000        0x0 /opt/st/stm32cubeide_1.12.0/plugins/com.st.stm32cube.ide.mcu.externaltools.gnu-tools-for-stm32.10.3-2021.10.linux64_1.0.200.202301161003/tools/bin/../lib/gcc/arm-none-eabi/10.3.1/../../../../arm-none-eabi/lib/thumb/v7e-m+fp/hard/libc_nano.a(lib_a-init.o)
 .text          0x0000000000000000        0x0 /opt/st/stm32cubeide_1.12.0/plugins/com.st.stm32cube.ide.mcu.externaltools.gnu-tools-for-stm32.10.3-2021.10.linux64_1.0.200.202301161003/tools/bin/../lib/gcc/arm-none-eabi/10.3.1/../../../../arm-none-eabi/lib/thumb/v7e-m+fp/hard/libc_nano.a(lib_a-memset.o)
 .data          0x0000000000000000        0x0 /opt/st/stm32cubeide_1.12.0/plugins/com.st.stm32cube.ide.mcu.externaltools.gnu-tools-for-stm32.10.3-2021.10.linux64_1.0.200.202301161003/tools/bin/../lib/gcc/arm-none-eabi/10.3.1/../../../../arm-none-eabi/lib/thumb/v7e-m+fp/hard/libc_nano.a(lib_a-memset.o)
 .bss           0x0000000000000000        0x0 /opt/st/stm32cubeide_1.12.0/plugins/com.st.stm32cube.ide.mcu.externaltools.gnu-tools-for-stm32.10.3-2021.10.linux64_1.0.200.202301161003/tools/bin/../lib/gcc/arm-none-eabi/10.3.1/../../../../arm-none-eabi/lib/thumb/v7e-m+fp/hard/libc_nano.a(lib_a-memset.o)
 .text.memset   0x0000000000000000       0x10 /opt/st/stm32cubeide_1.12.0/plugins/com.st.stm32cube.ide.mcu.externaltools.gnu-tools-for-stm32.10.3-2021.10.linux64_1.0.200.202301161003/tools/bin/../lib/gcc/arm-none-eabi/10.3.1/../../../../arm-none-eabi/lib/thumb/v7e-m+fp/hard/libc_nano.a(lib_a-memset.o)
 .debug_frame   0x0000000000000000       0x20 /opt/st/stm32cubeide_1.12.0/plugins/com.st.stm32cube.ide.mcu.externaltools.gnu-tools-for-stm32.10.3-2021.10.linux64_1.0.200.202301161003/tools/bin/../lib/gcc/arm-none-eabi/10.3.1/../../../../arm-none-eabi/lib/thumb/v7e-m+fp/hard/libc_nano.a(lib_a-memset.o)
 .ARM.attributes
                0x0000000000000000       0x34 /opt/st/stm32cubeide_1.12.0/plugins/com.st.stm32cube.ide.mcu.externaltools.gnu-tools-for-stm32.10.3-2021.10.linux64_1.0.200.202301161003/tools/bin/../lib/gcc/arm-none-eabi/10.3.1/../../../../arm-none-eabi/lib/thumb/v7e-m+fp/hard/libc_nano.a(lib_a-memset.o)
 .text          0x0000000000000000      0x254 /opt/st/stm32cubeide_1.12.0/plugins/com.st.stm32cube.ide.mcu.externaltools.gnu-tools-for-stm32.10.3-2021.10.linux64_1.0.200.202301161003/tools/bin/../lib/gcc/arm-none-eabi/10.3.1/thumb/v7e-m+fp/hard/libgcc.a(_arm_muldf3.o)
 .data          0x0000000000000000        0x0 /opt/st/stm32cubeide_1.12.0/plugins/com.st.stm32cube.ide.mcu.externaltools.gnu-tools-for-stm32.10.3-2021.10.linux64_1.0.200.202301161003/tools/bin/../lib/gcc/arm-none-eabi/10.3.1/thumb/v7e-m+fp/hard/libgcc.a(_arm_muldf3.o)
 .bss           0x0000000000000000        0x0 /opt/st/stm32cubeide_1.12.0/plugins/com.st.stm32cube.ide.mcu.externaltools.gnu-tools-for-stm32.10.3-2021.10.linux64_1.0.200.202301161003/tools/bin/../lib/gcc/arm-none-eabi/10.3.1/thumb/v7e-m+fp/hard/libgcc.a(_arm_muldf3.o)
 .debug_frame   0x0000000000000000       0x30 /opt/st/stm32cubeide_1.12.0/plugins/com.st.stm32cube.ide.mcu.externaltools.gnu-tools-for-stm32.10.3-2021.10.linux64_1.0.200.202301161003/tools/bin/../lib/gcc/arm-none-eabi/10.3.1/thumb/v7e-m+fp/hard/libgcc.a(_arm_muldf3.o)
 .ARM.attributes
                0x0000000000000000       0x1e /opt/st/stm32cubeide_1.12.0/plugins/com.st.stm32cube.ide.mcu.externaltools.gnu-tools-for-stm32.10.3-2021.10.linux64_1.0.200.202301161003/tools/bin/../lib/gcc/arm-none-eabi/10.3.1/thumb/v7e-m+fp/hard/libgcc.a(_arm_muldf3.o)
 .data          0x0000000000000000        0x0 /opt/st/stm32cubeide_1.12.0/plugins/com.st.stm32cube.ide.mcu.externaltools.gnu-tools-for-stm32.10.3-2021.10.linux64_1.0.200.202301161003/tools/bin/../lib/gcc/arm-none-eabi/10.3.1/thumb/v7e-m+fp/hard/libgcc.a(_arm_addsubdf3.o)
 .bss           0x0000000000000000        0x0 /opt/st/stm32cubeide_1.12.0/plugins/com.st.stm32cube.ide.mcu.externaltools.gnu-tools-for-stm32.10.3-2021.10.linux64_1.0.200.202301161003/tools/bin/../lib/gcc/arm-none-eabi/10.3.1/thumb/v7e-m+fp/hard/libgcc.a(_arm_addsubdf3.o)
 .data          0x0000000000000000        0x0 /opt/st/stm32cubeide_1.12.0/plugins/com.st.stm32cube.ide.mcu.externaltools.gnu-tools-for-stm32.10.3-2021.10.linux64_1.0.200.202301161003/tools/bin/../lib/gcc/arm-none-eabi/10.3.1/thumb/v7e-m+fp/hard/libgcc.a(_arm_muldivdf3.o)
 .bss           0x0000000000000000        0x0 /opt/st/stm32cubeide_1.12.0/plugins/com.st.stm32cube.ide.mcu.externaltools.gnu-tools-for-stm32.10.3-2021.10.linux64_1.0.200.202301161003/tools/bin/../lib/gcc/arm-none-eabi/10.3.1/thumb/v7e-m+fp/hard/libgcc.a(_arm_muldivdf3.o)
 .data          0x0000000000000000        0x0 /opt/st/stm32cubeide_1.12.0/plugins/com.st.stm32cube.ide.mcu.externaltools.gnu-tools-for-stm32.10.3-2021.10.linux64_1.0.200.202301161003/tools/bin/../lib/gcc/arm-none-eabi/10.3.1/thumb/v7e-m+fp/hard/libgcc.a(_arm_truncdfsf2.o)
 .bss           0x0000000000000000        0x0 /opt/st/stm32cubeide_1.12.0/plugins/com.st.stm32cube.ide.mcu.externaltools.gnu-tools-for-stm32.10.3-2021.10.linux64_1.0.200.202301161003/tools/bin/../lib/gcc/arm-none-eabi/10.3.1/thumb/v7e-m+fp/hard/libgcc.a(_arm_truncdfsf2.o)
 .text          0x0000000000000000        0x0 /opt/st/stm32cubeide_1.12.0/plugins/com.st.stm32cube.ide.mcu.externaltools.gnu-tools-for-stm32.10.3-2021.10.linux64_1.0.200.202301161003/tools/bin/../lib/gcc/arm-none-eabi/10.3.1/thumb/v7e-m+fp/hard/crtend.o
 .data          0x0000000000000000        0x0 /opt/st/stm32cubeide_1.12.0/plugins/com.st.stm32cube.ide.mcu.externaltools.gnu-tools-for-stm32.10.3-2021.10.linux64_1.0.200.202301161003/tools/bin/../lib/gcc/arm-none-eabi/10.3.1/thumb/v7e-m+fp/hard/crtend.o
 .bss           0x0000000000000000        0x0 /opt/st/stm32cubeide_1.12.0/plugins/com.st.stm32cube.ide.mcu.externaltools.gnu-tools-for-stm32.10.3-2021.10.linux64_1.0.200.202301161003/tools/bin/../lib/gcc/arm-none-eabi/10.3.1/thumb/v7e-m+fp/hard/crtend.o
 .eh_frame      0x0000000000000000        0x4 /opt/st/stm32cubeide_1.12.0/plugins/com.st.stm32cube.ide.mcu.externaltools.gnu-tools-for-stm32.10.3-2021.10.linux64_1.0.200.202301161003/tools/bin/../lib/gcc/arm-none-eabi/10.3.1/thumb/v7e-m+fp/hard/crtend.o
 .text          0x0000000000000000        0x0 /opt/st/stm32cubeide_1.12.0/plugins/com.st.stm32cube.ide.mcu.externaltools.gnu-tools-for-stm32.10.3-2021.10.linux64_1.0.200.202301161003/tools/bin/../lib/gcc/arm-none-eabi/10.3.1/thumb/v7e-m+fp/hard/crtn.o
 .data          0x0000000000000000        0x0 /opt/st/stm32cubeide_1.12.0/plugins/com.st.stm32cube.ide.mcu.externaltools.gnu-tools-for-stm32.10.3-2021.10.linux64_1.0.200.202301161003/tools/bin/../lib/gcc/arm-none-eabi/10.3.1/thumb/v7e-m+fp/hard/crtn.o
 .bss           0x0000000000000000        0x0 /opt/st/stm32cubeide_1.12.0/plugins/com.st.stm32cube.ide.mcu.externaltools.gnu-tools-for-stm32.10.3-2021.10.linux64_1.0.200.202301161003/tools/bin/../lib/gcc/arm-none-eabi/10.3.1/thumb/v7e-m+fp/hard/crtn.o

Memory Configuration

Name             Origin             Length             Attributes
FLASH            0x0000000008000000 0x0000000000080000 xr
RAM              0x0000000020000000 0x0000000000020000 xrw
*default*        0x0000000000000000 0xffffffffffffffff

Linker script and memory map

LOAD /opt/st/stm32cubeide_1.12.0/plugins/com.st.stm32cube.ide.mcu.externaltools.gnu-tools-for-stm32.10.3-2021.10.linux64_1.0.200.202301161003/tools/bin/../lib/gcc/arm-none-eabi/10.3.1/thumb/v7e-m+fp/hard/crti.o
LOAD /opt/st/stm32cubeide_1.12.0/plugins/com.st.stm32cube.ide.mcu.externaltools.gnu-tools-for-stm32.10.3-2021.10.linux64_1.0.200.202301161003/tools/bin/../lib/gcc/arm-none-eabi/10.3.1/thumb/v7e-m+fp/hard/crtbegin.o
LOAD /opt/st/stm32cubeide_1.12.0/plugins/com.st.stm32cube.ide.mcu.externaltools.gnu-tools-for-stm32.10.3-2021.10.linux64_1.0.200.202301161003/tools/bin/../lib/gcc/arm-none-eabi/10.3.1/../../../../arm-none-eabi/lib/thumb/v7e-m+fp/hard/crt0.o
LOAD startup/stm32f411_periph.o
LOAD startup/sys_handlers.o
LOAD startup/system_stm32f4xx.o
LOAD STM32F4xx_HAL_Driver/src/stm32f4xx_ll_rcc.o
LOAD STM32F4xx_HAL_Driver/src/stm32f4xx_hal_i2c.o
LOAD STM32F4xx_HAL_Driver/src/util.o
LOAD STM32F4xx_HAL_Driver/src/stm32f4xx_hal.o
LOAD STM32F4xx_HAL_Driver/src/stm32f4xx_hal_cortex.o
LOAD STM32F4xx_HAL_Driver/src/stm32f4xx_hal_uart.o
LOAD STM32F4xx_HAL_Driver/src/stm32f4xx_hal_gpio.o
LOAD STM32F4xx_HAL_Driver/src/stm32f4xx_hal_tim.o
LOAD STM32F4xx_HAL_Driver/src/stm32f4xx_hal_spi.o
LOAD mbed_shield/src/leds.o
LOAD mbed_shield/src/sw.o
LOAD mbed_shield/src/lm75.o
LOAD mbed_shield/src/lcd_128x32.o
LOAD src/stm32f4xx_hal_msp.o
LOAD src/stm32f4xx_it.o
LOAD src/main.o
LOAD startup/startup_stm32f411xe.o
LOAD /opt/st/stm32cubeide_1.12.0/plugins/com.st.stm32cube.ide.mcu.externaltools.gnu-tools-for-stm32.10.3-2021.10.linux64_1.0.200.202301161003/tools/bin/../lib/gcc/arm-none-eabi/10.3.1/../../../../arm-none-eabi/lib/thumb/v7e-m+fp/hard/libc_nano.a
LOAD /opt/st/stm32cubeide_1.12.0/plugins/com.st.stm32cube.ide.mcu.externaltools.gnu-tools-for-stm32.10.3-2021.10.linux64_1.0.200.202301161003/tools/bin/../lib/gcc/arm-none-eabi/10.3.1/thumb/v7e-m+fp/hard/libgcc.a
LOAD /opt/st/stm32cubeide_1.12.0/plugins/com.st.stm32cube.ide.mcu.externaltools.gnu-tools-for-stm32.10.3-2021.10.linux64_1.0.200.202301161003/tools/bin/../lib/gcc/arm-none-eabi/10.3.1/thumb/v7e-m+fp/hard/libgcov.a
LOAD /opt/st/stm32cubeide_1.12.0/plugins/com.st.stm32cube.ide.mcu.externaltools.gnu-tools-for-stm32.10.3-2021.10.linux64_1.0.200.202301161003/tools/bin/../lib/gcc/arm-none-eabi/10.3.1/../../../../arm-none-eabi/lib/thumb/v7e-m+fp/hard/libm.a
START GROUP
LOAD /opt/st/stm32cubeide_1.12.0/plugins/com.st.stm32cube.ide.mcu.externaltools.gnu-tools-for-stm32.10.3-2021.10.linux64_1.0.200.202301161003/tools/bin/../lib/gcc/arm-none-eabi/10.3.1/thumb/v7e-m+fp/hard/libgcc.a
LOAD /opt/st/stm32cubeide_1.12.0/plugins/com.st.stm32cube.ide.mcu.externaltools.gnu-tools-for-stm32.10.3-2021.10.linux64_1.0.200.202301161003/tools/bin/../lib/gcc/arm-none-eabi/10.3.1/../../../../arm-none-eabi/lib/thumb/v7e-m+fp/hard/libc_nano.a
END GROUP
START GROUP
LOAD /opt/st/stm32cubeide_1.12.0/plugins/com.st.stm32cube.ide.mcu.externaltools.gnu-tools-for-stm32.10.3-2021.10.linux64_1.0.200.202301161003/tools/bin/../lib/gcc/arm-none-eabi/10.3.1/thumb/v7e-m+fp/hard/libgcc.a
LOAD /opt/st/stm32cubeide_1.12.0/plugins/com.st.stm32cube.ide.mcu.externaltools.gnu-tools-for-stm32.10.3-2021.10.linux64_1.0.200.202301161003/tools/bin/../lib/gcc/arm-none-eabi/10.3.1/../../../../arm-none-eabi/lib/thumb/v7e-m+fp/hard/libc_nano.a
LOAD /opt/st/stm32cubeide_1.12.0/plugins/com.st.stm32cube.ide.mcu.externaltools.gnu-tools-for-stm32.10.3-2021.10.linux64_1.0.200.202301161003/tools/bin/../lib/gcc/arm-none-eabi/10.3.1/../../../../arm-none-eabi/lib/thumb/v7e-m+fp/hard/libnosys.a
END GROUP
START GROUP
LOAD /opt/st/stm32cubeide_1.12.0/plugins/com.st.stm32cube.ide.mcu.externaltools.gnu-tools-for-stm32.10.3-2021.10.linux64_1.0.200.202301161003/tools/bin/../lib/gcc/arm-none-eabi/10.3.1/thumb/v7e-m+fp/hard/libgcc.a
LOAD /opt/st/stm32cubeide_1.12.0/plugins/com.st.stm32cube.ide.mcu.externaltools.gnu-tools-for-stm32.10.3-2021.10.linux64_1.0.200.202301161003/tools/bin/../lib/gcc/arm-none-eabi/10.3.1/../../../../arm-none-eabi/lib/thumb/v7e-m+fp/hard/libc_nano.a
LOAD /opt/st/stm32cubeide_1.12.0/plugins/com.st.stm32cube.ide.mcu.externaltools.gnu-tools-for-stm32.10.3-2021.10.linux64_1.0.200.202301161003/tools/bin/../lib/gcc/arm-none-eabi/10.3.1/../../../../arm-none-eabi/lib/thumb/v7e-m+fp/hard/libnosys.a
END GROUP
LOAD /opt/st/stm32cubeide_1.12.0/plugins/com.st.stm32cube.ide.mcu.externaltools.gnu-tools-for-stm32.10.3-2021.10.linux64_1.0.200.202301161003/tools/bin/../lib/gcc/arm-none-eabi/10.3.1/thumb/v7e-m+fp/hard/crtend.o
LOAD /opt/st/stm32cubeide_1.12.0/plugins/com.st.stm32cube.ide.mcu.externaltools.gnu-tools-for-stm32.10.3-2021.10.linux64_1.0.200.202301161003/tools/bin/../lib/gcc/arm-none-eabi/10.3.1/thumb/v7e-m+fp/hard/crtn.o
                0x0000000020020000                _estack = 0x20020000
                0x0000000000000200                _Min_Heap_Size = 0x200
                0x0000000000000400                _Min_Stack_Size = 0x400

.isr_vector     0x0000000008000000      0x198
                0x0000000008000000                . = ALIGN (0x4)
 *(.isr_vector)
 .isr_vector    0x0000000008000000      0x198 startup/startup_stm32f411xe.o
                0x0000000008000000                g_pfnVectors
                0x0000000008000198                . = ALIGN (0x4)

.text           0x0000000008000198     0x2f34
                0x0000000008000198                . = ALIGN (0x4)
 *(.text)
 .text          0x0000000008000198       0x40 /opt/st/stm32cubeide_1.12.0/plugins/com.st.stm32cube.ide.mcu.externaltools.gnu-tools-for-stm32.10.3-2021.10.linux64_1.0.200.202301161003/tools/bin/../lib/gcc/arm-none-eabi/10.3.1/thumb/v7e-m+fp/hard/crtbegin.o
 .text          0x00000000080001d8       0x18 startup/sys_handlers.o
                0x00000000080001d8                NMI_Handler
                0x00000000080001dc                HardFault_Handler
                0x00000000080001de                MemManage_Handler
                0x00000000080001e0                BusFault_Handler
                0x00000000080001e2                UsageFault_Handler
                0x00000000080001e4                SVC_Handler
                0x00000000080001e8                DebugMon_Handler
                0x00000000080001ec                PendSV_Handler
 .text          0x00000000080001f0      0x16c startup/system_stm32f4xx.o
                0x00000000080001f0                SystemInit
                0x0000000008000264                SystemCoreClockUpdate
 .text          0x000000000800035c      0x3f0 STM32F4xx_HAL_Driver/src/stm32f4xx_ll_rcc.o
                0x000000000800056c                rcc_config_clock
 .text          0x000000000800074c      0x4d8 STM32F4xx_HAL_Driver/src/stm32f4xx_hal_i2c.o
                0x000000000800074c                HAL_I2C_EV_IRQHandler
                0x0000000008000928                HAL_I2C_ER_IRQHandler
                0x00000000080009be                HAL_I2C_Init
                0x0000000008000a74                HAL_I2C_Master_Transmit_IT
                0x0000000008000b06                HAL_I2C_Master_Receive_IT
                0x0000000008000b98                HAL_I2C_Master_Transmit_Receive_IT
 *fill*         0x0000000008000c24        0x4 
 .text          0x0000000008000c28      0x34c STM32F4xx_HAL_Driver/src/util.o
                0x0000000008000c28                num2str
                0x0000000008000cc4                str2num
                0x0000000008000d5e                reverse
                0x0000000008000db2                intToStr
                0x0000000008000e40                float2str
                0x0000000008000ee0                myPow
 .text          0x0000000008000f74      0x268 STM32F4xx_HAL_Driver/src/stm32f4xx_hal.o
                0x0000000008000f74                HAL_Init
                0x0000000008000f8c                HAL_DeInit
                0x0000000008000f9c                HAL_MspDeInit
                0x0000000008000fa0                HAL_InitTick
                0x0000000008001000                HAL_IncTick
                0x000000000800101c                HAL_GetTick
                0x0000000008001028                HAL_GetTickPrio
                0x0000000008001034                HAL_SetTickFreq
                0x000000000800107c                HAL_GetTickFreq
                0x0000000008001088                HAL_Delay
                0x00000000080010cc                HAL_SuspendTick
                0x00000000080010e0                HAL_ResumeTick
                0x00000000080010f4                HAL_GetHalVersion
                0x0000000008001100                HAL_GetREVID
                0x0000000008001110                HAL_GetDEVID
                0x0000000008001120                HAL_DBGMCU_EnableDBGSleepMode
                0x0000000008001134                HAL_DBGMCU_DisableDBGSleepMode
                0x0000000008001148                HAL_DBGMCU_EnableDBGStopMode
                0x000000000800115c                HAL_DBGMCU_DisableDBGStopMode
                0x0000000008001170                HAL_DBGMCU_EnableDBGStandbyMode
                0x0000000008001184                HAL_DBGMCU_DisableDBGStandbyMode
                0x0000000008001198                HAL_EnableCompensationCell
                0x00000000080011a8                HAL_DisableCompensationCell
                0x00000000080011b8                HAL_GetUIDw0
                0x00000000080011c4                HAL_GetUIDw1
                0x00000000080011d0                HAL_GetUIDw2
 .text          0x00000000080011dc      0x59c STM32F4xx_HAL_Driver/src/stm32f4xx_hal_cortex.o
                0x0000000008001510                HAL_NVIC_SetPriorityGrouping
                0x0000000008001524                HAL_NVIC_SetPriority
                0x000000000800155c                HAL_NVIC_EnableIRQ
                0x0000000008001578                HAL_NVIC_DisableIRQ
                0x0000000008001594                HAL_NVIC_SystemReset
                0x000000000800159e                HAL_SYSTICK_Config
                0x00000000080015b4                HAL_MPU_Disable
                0x00000000080015d8                HAL_MPU_Enable
                0x000000000800160c                HAL_MPU_ConfigRegion
                0x000000000800168c                HAL_NVIC_GetPriorityGrouping
                0x0000000008001698                HAL_NVIC_GetPriority
                0x00000000080016c4                HAL_NVIC_SetPendingIRQ
                0x00000000080016e0                HAL_NVIC_GetPendingIRQ
                0x00000000080016fe                HAL_NVIC_ClearPendingIRQ
                0x000000000800171a                HAL_NVIC_GetActive
                0x0000000008001738                HAL_SYSTICK_CLKSourceConfig
                0x0000000008001768                HAL_SYSTICK_IRQHandler
                0x0000000008001772                HAL_SYSTICK_Callback
 .text          0x0000000008001778      0x4ac STM32F4xx_HAL_Driver/src/stm32f4xx_hal_uart.o
                0x0000000008001778                UART_Receive_IT
                0x00000000080017c8                HAL_USART_IRQHandler
                0x0000000008001824                HAL_UART_Init
                0x00000000080018d8                HAL_UART_Transmit
                0x00000000080018ec                HAL_UART_Receive
                0x0000000008001934                HAL_UART_Receive_IT
                0x000000000800196e                uart_putc
                0x000000000800197e                uart_puts
                0x000000000800198a                uart_printf
 .text          0x0000000008001c24      0x388 STM32F4xx_HAL_Driver/src/stm32f4xx_hal_gpio.o
                0x0000000008001c24                HAL_GPIO_EXTI_IRQHandler
                0x0000000008001c60                HAL_GPIO_Init
                0x0000000008001f5c                HAL_GPIO_ReadPort
                0x0000000008001f6e                HAL_GPIO_ReadPin
                0x0000000008001f80                HAL_GPIO_WritePort
                0x0000000008001f96                HAL_GPIO_WritePin
 .text          0x0000000008001fac      0x3a4 STM32F4xx_HAL_Driver/src/stm32f4xx_hal_tim.o
                0x0000000008001fac                HAL_TIM_IRQHandler
                0x0000000008001fd0                HAL_TIM_wait_ms
                0x0000000008001fde                HAL_TIM_wait_us
                0x0000000008001fec                HAL_TIM_Base_Init
                0x000000000800202c                HAL_TIM_Base_Start
                0x0000000008002036                HAL_TIM_Base_Start_IT
                0x0000000008002040                HAL_TIM_Base_Stop
                0x000000000800204a                HAL_TIM_Base_Stop_IT
                0x0000000008002054                HAL_TIM_PWM_Init
                0x0000000008002096                HAL_TIM_PWM_ConfigChannel
                0x0000000008002290                HAL_TIM_PWM_Channel_Set
 .text          0x0000000008002350      0x1dc STM32F4xx_HAL_Driver/src/stm32f4xx_hal_spi.o
                0x0000000008002350                HAL_SPI_IRQHandler
                0x00000000080023f4                HAL_SPI_Init
                0x0000000008002478                HAL_SPI_Transmit_IT
                0x00000000080024ea                HAL_SPI_Write_Byte
 .text          0x000000000800252c      0x1ec src/stm32f4xx_hal_msp.o
                0x00000000080025a8                HAL_MspInit
                0x0000000008002620                HAL_GPIO_LEDS_MspInit
                0x0000000008002628                HAL_GPIO_SWITCHS_MspInit
                0x000000000800262c                HAL_TIM2_MspInit
                0x0000000008002654                HAL_TIM5_MspInit
                0x000000000800267c                HAL_UART2_MspInit
                0x0000000008002680                HAL_LCD_MspInit
 .text          0x0000000008002718       0x94 src/stm32f4xx_it.o
                0x0000000008002718                SysTick_Handler
                0x0000000008002726                TIM5_IRQHandler
                0x0000000008002738                USART2_IRQHandler
                0x0000000008002748                I2C1_EV_IRQHandler
                0x0000000008002758                I2C1_ER_IRQHandler
                0x0000000008002768                EXTI15_10_IRQHandler
                0x0000000008002776                EXTI4_IRQHandler
                0x0000000008002782                EXTI0_IRQHandler
                0x000000000800278e                EXTI1_IRQHandler
                0x000000000800279a                SPI1_IRQHandler
 .text          0x00000000080027ac       0x34 src/main.o
                0x00000000080027ac                HAL_GPIO_EXTI_Callback
                0x00000000080027ba                HAL_UART_RxCpltCallback
                0x00000000080027c4                HAL_TIM_PeriodElapsedCallback
                0x00000000080027ce                main
 .text          0x00000000080027e0      0x378 /opt/st/stm32cubeide_1.12.0/plugins/com.st.stm32cube.ide.mcu.externaltools.gnu-tools-for-stm32.10.3-2021.10.linux64_1.0.200.202301161003/tools/bin/../lib/gcc/arm-none-eabi/10.3.1/thumb/v7e-m+fp/hard/libgcc.a(_arm_addsubdf3.o)
                0x00000000080027e0                __aeabi_drsub
                0x00000000080027e8                __aeabi_dsub
                0x00000000080027e8                __subdf3
                0x00000000080027ec                __adddf3
                0x00000000080027ec                __aeabi_dadd
                0x0000000008002a64                __aeabi_ui2d
                0x0000000008002a64                __floatunsidf
                0x0000000008002a84                __floatsidf
                0x0000000008002a84                __aeabi_i2d
                0x0000000008002aa8                __extendsfdf2
                0x0000000008002aa8                __aeabi_f2d
                0x0000000008002aec                __aeabi_ul2d
                0x0000000008002aec                __floatundidf
                0x0000000008002afc                __floatdidf
                0x0000000008002afc                __aeabi_l2d
 .text          0x0000000008002b58      0x424 /opt/st/stm32cubeide_1.12.0/plugins/com.st.stm32cube.ide.mcu.externaltools.gnu-tools-for-stm32.10.3-2021.10.linux64_1.0.200.202301161003/tools/bin/../lib/gcc/arm-none-eabi/10.3.1/thumb/v7e-m+fp/hard/libgcc.a(_arm_muldivdf3.o)
                0x0000000008002b58                __aeabi_dmul
                0x0000000008002b58                __muldf3
                0x0000000008002dac                __aeabi_ddiv
                0x0000000008002dac                __divdf3
 .text          0x0000000008002f7c       0xa0 /opt/st/stm32cubeide_1.12.0/plugins/com.st.stm32cube.ide.mcu.externaltools.gnu-tools-for-stm32.10.3-2021.10.linux64_1.0.200.202301161003/tools/bin/../lib/gcc/arm-none-eabi/10.3.1/thumb/v7e-m+fp/hard/libgcc.a(_arm_truncdfsf2.o)
                0x0000000008002f7c                __aeabi_d2f
                0x0000000008002f7c                __truncdfsf2
 *(.text*)
 .text.Reset_Handler
                0x000000000800301c       0x4c startup/startup_stm32f411xe.o
                0x000000000800301c                Reset_Handler
                0x000000000800304e                _exit
 .text.Default_Handler
                0x0000000008003068        0x2 startup/startup_stm32f411xe.o
                0x0000000008003068                RTC_Alarm_IRQHandler
                0x0000000008003068                EXTI2_IRQHandler
                0x0000000008003068                SPI4_IRQHandler
                0x0000000008003068                TIM1_CC_IRQHandler
                0x0000000008003068                DMA2_Stream5_IRQHandler
                0x0000000008003068                DMA1_Stream5_IRQHandler
                0x0000000008003068                PVD_IRQHandler
                0x0000000008003068                SDIO_IRQHandler
                0x0000000008003068                TAMP_STAMP_IRQHandler
                0x0000000008003068                EXTI3_IRQHandler
                0x0000000008003068                TIM1_UP_TIM10_IRQHandler
                0x0000000008003068                I2C3_ER_IRQHandler
                0x0000000008003068                I2C2_EV_IRQHandler
                0x0000000008003068                DMA1_Stream2_IRQHandler
                0x0000000008003068                FPU_IRQHandler
                0x0000000008003068                DMA2_Stream2_IRQHandler
                0x0000000008003068                TIM1_BRK_TIM9_IRQHandler
                0x0000000008003068                DMA2_Stream3_IRQHandler
                0x0000000008003068                USART6_IRQHandler
                0x0000000008003068                DMA2_Stream0_IRQHandler
                0x0000000008003068                TIM4_IRQHandler
                0x0000000008003068                DMA1_Stream6_IRQHandler
                0x0000000008003068                DMA1_Stream1_IRQHandler
                0x0000000008003068                TIM3_IRQHandler
                0x0000000008003068                RCC_IRQHandler
                0x0000000008003068                Default_Handler
                0x0000000008003068                ADC_IRQHandler
                0x0000000008003068                DMA1_Stream7_IRQHandler
                0x0000000008003068                SPI5_IRQHandler
                0x0000000008003068                DMA2_Stream7_IRQHandler
                0x0000000008003068                I2C3_EV_IRQHandler
                0x0000000008003068                EXTI9_5_IRQHandler
                0x0000000008003068                RTC_WKUP_IRQHandler
                0x0000000008003068                SPI2_IRQHandler
                0x0000000008003068                DMA1_Stream0_IRQHandler
                0x0000000008003068                WWDG_IRQHandler
                0x0000000008003068                TIM2_IRQHandler
                0x0000000008003068                OTG_FS_WKUP_IRQHandler
                0x0000000008003068                TIM1_TRG_COM_TIM11_IRQHandler
                0x0000000008003068                I2C2_ER_IRQHandler
                0x0000000008003068                DMA2_Stream1_IRQHandler
                0x0000000008003068                FLASH_IRQHandler
                0x0000000008003068                DMA2_Stream4_IRQHandler
                0x0000000008003068                USART1_IRQHandler
                0x0000000008003068                OTG_FS_IRQHandler
                0x0000000008003068                SPI3_IRQHandler
                0x0000000008003068                DMA1_Stream4_IRQHandler
                0x0000000008003068                DMA2_Stream6_IRQHandler
                0x0000000008003068                DMA1_Stream3_IRQHandler
 *fill*         0x000000000800306a        0x2 
 .text.__libc_init_array
                0x000000000800306c       0x48 /opt/st/stm32cubeide_1.12.0/plugins/com.st.stm32cube.ide.mcu.externaltools.gnu-tools-for-stm32.10.3-2021.10.linux64_1.0.200.202301161003/tools/bin/../lib/gcc/arm-none-eabi/10.3.1/../../../../arm-none-eabi/lib/thumb/v7e-m+fp/hard/libc_nano.a(lib_a-init.o)
                0x000000000800306c                __libc_init_array
 *(.glue_7)
 .glue_7        0x00000000080030b4        0x0 linker stubs
 *(.glue_7t)
 .glue_7t       0x00000000080030b4        0x0 linker stubs
 *(.eh_frame)
 .eh_frame      0x00000000080030b4        0x0 /opt/st/stm32cubeide_1.12.0/plugins/com.st.stm32cube.ide.mcu.externaltools.gnu-tools-for-stm32.10.3-2021.10.linux64_1.0.200.202301161003/tools/bin/../lib/gcc/arm-none-eabi/10.3.1/thumb/v7e-m+fp/hard/crtbegin.o
 *(.init)
 .init          0x00000000080030b4        0x4 /opt/st/stm32cubeide_1.12.0/plugins/com.st.stm32cube.ide.mcu.externaltools.gnu-tools-for-stm32.10.3-2021.10.linux64_1.0.200.202301161003/tools/bin/../lib/gcc/arm-none-eabi/10.3.1/thumb/v7e-m+fp/hard/crti.o
                0x00000000080030b4                _init
 .init          0x00000000080030b8        0x8 /opt/st/stm32cubeide_1.12.0/plugins/com.st.stm32cube.ide.mcu.externaltools.gnu-tools-for-stm32.10.3-2021.10.linux64_1.0.200.202301161003/tools/bin/../lib/gcc/arm-none-eabi/10.3.1/thumb/v7e-m+fp/hard/crtn.o
 *(.fini)
 .fini          0x00000000080030c0        0x4 /opt/st/stm32cubeide_1.12.0/plugins/com.st.stm32cube.ide.mcu.externaltools.gnu-tools-for-stm32.10.3-2021.10.linux64_1.0.200.202301161003/tools/bin/../lib/gcc/arm-none-eabi/10.3.1/thumb/v7e-m+fp/hard/crti.o
                0x00000000080030c0                _fini
 .fini          0x00000000080030c4        0x8 /opt/st/stm32cubeide_1.12.0/plugins/com.st.stm32cube.ide.mcu.externaltools.gnu-tools-for-stm32.10.3-2021.10.linux64_1.0.200.202301161003/tools/bin/../lib/gcc/arm-none-eabi/10.3.1/thumb/v7e-m+fp/hard/crtn.o
                0x00000000080030cc                . = ALIGN (0x4)
                0x00000000080030cc                _etext = .

.vfp11_veneer   0x00000000080030cc        0x0
 .vfp11_veneer  0x00000000080030cc        0x0 linker stubs

.v4_bx          0x00000000080030cc        0x0
 .v4_bx         0x00000000080030cc        0x0 linker stubs

.iplt           0x00000000080030cc        0x0
 .iplt          0x00000000080030cc        0x0 /opt/st/stm32cubeide_1.12.0/plugins/com.st.stm32cube.ide.mcu.externaltools.gnu-tools-for-stm32.10.3-2021.10.linux64_1.0.200.202301161003/tools/bin/../lib/gcc/arm-none-eabi/10.3.1/thumb/v7e-m+fp/hard/crtbegin.o

.rodata         0x00000000080030cc      0x894
                0x00000000080030cc                . = ALIGN (0x4)
 *(.rodata)
 .rodata        0x00000000080030cc       0x24 /opt/st/stm32cubeide_1.12.0/plugins/com.st.stm32cube.ide.mcu.externaltools.gnu-tools-for-stm32.10.3-2021.10.linux64_1.0.200.202301161003/tools/bin/../lib/gcc/arm-none-eabi/10.3.1/thumb/v7e-m+fp/hard/crtbegin.o
 .rodata        0x00000000080030f0      0x114 startup/stm32f411_periph.o
                0x00000000080030f0                _SCnSCB
                0x00000000080030f4                _SCB
                0x00000000080030f8                _SysTick
                0x00000000080030fc                _NVIC
                0x0000000008003100                _ITM
                0x0000000008003104                _DWT
                0x0000000008003108                _TPI
                0x000000000800310c                _CoreDebug
                0x0000000008003110                _MPU
                0x0000000008003114                _FPU
                0x0000000008003118                _TIM2
                0x000000000800311c                _TIM3
                0x0000000008003120                _TIM4
                0x0000000008003124                _TIM5
                0x0000000008003128                _RTC
                0x000000000800312c                _WWDG
                0x0000000008003130                _IWDG
                0x0000000008003134                _I2S2ext
                0x0000000008003138                _SPI2
                0x000000000800313c                _SPI3
                0x0000000008003140                _I2S3ext
                0x0000000008003144                _USART2
                0x0000000008003148                _I2C1
                0x000000000800314c                _I2C2
                0x0000000008003150                _I2C3
                0x0000000008003154                _PWR
                0x0000000008003158                _TIM1
                0x000000000800315c                _USART1
                0x0000000008003160                _USART6
                0x0000000008003164                _ADC1
                0x0000000008003168                _ADC
                0x000000000800316c                _SDIO
                0x0000000008003170                _SPI1
                0x0000000008003174                _SPI4
                0x0000000008003178                _SYSCFG
                0x000000000800317c                _EXTI
                0x0000000008003180                _TIM9
                0x0000000008003184                _TIM10
                0x0000000008003188                _TIM11
                0x000000000800318c                _SPI5
                0x0000000008003190                _GPIOA
                0x0000000008003194                _GPIOB
                0x0000000008003198                _GPIOC
                0x000000000800319c                _GPIOD
                0x00000000080031a0                _GPIOE
                0x00000000080031a4                _GPIOH
                0x00000000080031a8                _CRC
                0x00000000080031ac                _RCC
                0x00000000080031b0                _FLASH
                0x00000000080031b4                _DMA1
                0x00000000080031b8                _DMA1_Stream0
                0x00000000080031bc                _DMA1_Stream1
                0x00000000080031c0                _DMA1_Stream2
                0x00000000080031c4                _DMA1_Stream3
                0x00000000080031c8                _DMA1_Stream4
                0x00000000080031cc                _DMA1_Stream5
                0x00000000080031d0                _DMA1_Stream6
                0x00000000080031d4                _DMA1_Stream7
                0x00000000080031d8                _DMA2
                0x00000000080031dc                _DMA2_Stream0
                0x00000000080031e0                _DMA2_Stream1
                0x00000000080031e4                _DMA2_Stream2
                0x00000000080031e8                _DMA2_Stream3
                0x00000000080031ec                _DMA2_Stream4
                0x00000000080031f0                _DMA2_Stream5
                0x00000000080031f4                _DMA2_Stream6
                0x00000000080031f8                _DMA2_Stream7
                0x00000000080031fc                _DBGMCU
                0x0000000008003200                _USB_OTG_FS
 .rodata        0x0000000008003204       0x10 startup/system_stm32f4xx.o
                0x0000000008003204                AHBPrescTable
 .rodata        0x0000000008003214      0x724 mbed_shield/src/lcd_128x32.o
 .rodata        0x0000000008003938       0x24 /opt/st/stm32cubeide_1.12.0/plugins/com.st.stm32cube.ide.mcu.externaltools.gnu-tools-for-stm32.10.3-2021.10.linux64_1.0.200.202301161003/tools/bin/../lib/gcc/arm-none-eabi/10.3.1/thumb/v7e-m+fp/hard/crtend.o
 *(.rodata*)
 .rodata._global_impure_ptr
                0x000000000800395c        0x4 /opt/st/stm32cubeide_1.12.0/plugins/com.st.stm32cube.ide.mcu.externaltools.gnu-tools-for-stm32.10.3-2021.10.linux64_1.0.200.202301161003/tools/bin/../lib/gcc/arm-none-eabi/10.3.1/../../../../arm-none-eabi/lib/thumb/v7e-m+fp/hard/libc_nano.a(lib_a-impure.o)
                0x000000000800395c                _global_impure_ptr
                0x0000000008003960                . = ALIGN (0x4)

.rel.dyn        0x0000000008003960        0x0
 .rel.iplt      0x0000000008003960        0x0 /opt/st/stm32cubeide_1.12.0/plugins/com.st.stm32cube.ide.mcu.externaltools.gnu-tools-for-stm32.10.3-2021.10.linux64_1.0.200.202301161003/tools/bin/../lib/gcc/arm-none-eabi/10.3.1/thumb/v7e-m+fp/hard/crtbegin.o

.ARM.extab
 *(.ARM.extab* .gnu.linkonce.armextab.*)

.ARM            0x0000000008003960        0x0
                0x0000000008003960                __exidx_start = .
 *(.ARM.exidx*)
                0x0000000008003960                __exidx_end = .

.preinit_array  0x0000000008003960        0x0
                0x0000000008003960                PROVIDE (__preinit_array_start = .)
 *(.preinit_array*)
                0x0000000008003960                PROVIDE (__preinit_array_end = .)

.init_array     0x0000000008003960        0x4
                0x0000000008003960                PROVIDE (__init_array_start = .)
 *(SORT_BY_NAME(.init_array.*))
 *(.init_array*)
 .init_array    0x0000000008003960        0x4 /opt/st/stm32cubeide_1.12.0/plugins/com.st.stm32cube.ide.mcu.externaltools.gnu-tools-for-stm32.10.3-2021.10.linux64_1.0.200.202301161003/tools/bin/../lib/gcc/arm-none-eabi/10.3.1/thumb/v7e-m+fp/hard/crtbegin.o
                0x0000000008003964                PROVIDE (__init_array_end = .)

.fini_array     0x0000000008003964        0x4
                [!provide]                        PROVIDE (__fini_array_start = .)
 *(SORT_BY_NAME(.fini_array.*))
 *(.fini_array*)
 .fini_array    0x0000000008003964        0x4 /opt/st/stm32cubeide_1.12.0/plugins/com.st.stm32cube.ide.mcu.externaltools.gnu-tools-for-stm32.10.3-2021.10.linux64_1.0.200.202301161003/tools/bin/../lib/gcc/arm-none-eabi/10.3.1/thumb/v7e-m+fp/hard/crtbegin.o
                [!provide]                        PROVIDE (__fini_array_end = .)
                0x0000000008003968                _sidata = LOADADDR (.data)

.data           0x0000000020000000      0x128 load address 0x0000000008003968
                0x0000000020000000                . = ALIGN (0x4)
                0x0000000020000000                _sdata = .
 *(.data)
 .data          0x0000000020000000        0x4 startup/system_stm32f4xx.o
                0x0000000020000000                SystemCoreClock
 .data          0x0000000020000004       0xa8 STM32F4xx_HAL_Driver/src/stm32f4xx_ll_rcc.o
 .data          0x00000000200000ac       0x11 STM32F4xx_HAL_Driver/src/util.o
 *fill*         0x00000000200000bd        0x3 
 .data          0x00000000200000c0        0x5 STM32F4xx_HAL_Driver/src/stm32f4xx_hal.o
                0x00000000200000c0                uwTickPrio
                0x00000000200000c4                uwTickFreq
 *(.data*)
 *fill*         0x00000000200000c5        0x3 
 .data.impure_data
                0x00000000200000c8       0x60 /opt/st/stm32cubeide_1.12.0/plugins/com.st.stm32cube.ide.mcu.externaltools.gnu-tools-for-stm32.10.3-2021.10.linux64_1.0.200.202301161003/tools/bin/../lib/gcc/arm-none-eabi/10.3.1/../../../../arm-none-eabi/lib/thumb/v7e-m+fp/hard/libc_nano.a(lib_a-impure.o)
                0x0000000020000128                . = ALIGN (0x4)
                0x0000000020000128                _edata = .

.igot.plt       0x0000000020000128        0x0 load address 0x0000000008003a90
 .igot.plt      0x0000000020000128        0x0 /opt/st/stm32cubeide_1.12.0/plugins/com.st.stm32cube.ide.mcu.externaltools.gnu-tools-for-stm32.10.3-2021.10.linux64_1.0.200.202301161003/tools/bin/../lib/gcc/arm-none-eabi/10.3.1/thumb/v7e-m+fp/hard/crtbegin.o
                0x0000000020000128                . = ALIGN (0x4)

.bss            0x0000000020000128      0x348 load address 0x0000000008003a90
                0x0000000020000128                _sbss = .
                0x0000000020000128                __bss_start__ = _sbss
 *(.bss)
 .bss           0x0000000020000128       0x1c /opt/st/stm32cubeide_1.12.0/plugins/com.st.stm32cube.ide.mcu.externaltools.gnu-tools-for-stm32.10.3-2021.10.linux64_1.0.200.202301161003/tools/bin/../lib/gcc/arm-none-eabi/10.3.1/thumb/v7e-m+fp/hard/crtbegin.o
 .bss           0x0000000020000144       0x14 startup/system_stm32f4xx.o
                0x0000000020000144                sysclks
 .bss           0x0000000020000158        0x4 STM32F4xx_HAL_Driver/src/stm32f4xx_hal_i2c.o
                0x0000000020000158                nb_irqs_i2c
 .bss           0x000000002000015c        0x4 STM32F4xx_HAL_Driver/src/stm32f4xx_hal.o
                0x000000002000015c                uwTick
 .bss           0x0000000020000160       0x10 STM32F4xx_HAL_Driver/src/stm32f4xx_hal_spi.o
                0x0000000020000160                cpt
                0x0000000020000164                cpt1
                0x0000000020000168                cpt2
                0x000000002000016c                sr
 .bss           0x0000000020000170      0x264 mbed_shield/src/lcd_128x32.o
                0x0000000020000380                hspi1
 .bss           0x00000000200003d4       0x9c src/main.o
                0x00000000200003d4                htim3
                0x00000000200003e8                htim5
                0x00000000200003fc                huart2
                0x000000002000042c                hi2c1
 *(.bss*)
 *(COMMON)
                0x0000000020000470                . = ALIGN (0x4)
                0x0000000020000470                _ebss = .
                0x0000000020000470                __bss_end__ = _ebss

._user_heap_stack
                0x0000000020000470      0x600 load address 0x0000000008003a90
                0x0000000020000470                . = ALIGN (0x4)
                [!provide]                        PROVIDE (end = .)
                [!provide]                        PROVIDE (_end = .)
                0x0000000020000670                . = (. + _Min_Heap_Size)
 *fill*         0x0000000020000470      0x200 
                0x0000000020000a70                . = (. + _Min_Stack_Size)
 *fill*         0x0000000020000670      0x400 
                0x0000000020000a70                . = ALIGN (0x4)

/DISCARD/
 libc.a(*)
 libm.a(*)
 libgcc.a(*)

.ARM.attributes
                0x0000000000000000       0x30
 *(.ARM.attributes)
 .ARM.attributes
                0x0000000000000000       0x1e /opt/st/stm32cubeide_1.12.0/plugins/com.st.stm32cube.ide.mcu.externaltools.gnu-tools-for-stm32.10.3-2021.10.linux64_1.0.200.202301161003/tools/bin/../lib/gcc/arm-none-eabi/10.3.1/thumb/v7e-m+fp/hard/crti.o
 .ARM.attributes
                0x000000000000001e       0x34 /opt/st/stm32cubeide_1.12.0/plugins/com.st.stm32cube.ide.mcu.externaltools.gnu-tools-for-stm32.10.3-2021.10.linux64_1.0.200.202301161003/tools/bin/../lib/gcc/arm-none-eabi/10.3.1/thumb/v7e-m+fp/hard/crtbegin.o
 .ARM.attributes
                0x0000000000000052       0x34 startup/stm32f411_periph.o
 .ARM.attributes
                0x0000000000000086       0x34 startup/sys_handlers.o
 .ARM.attributes
                0x00000000000000ba       0x34 startup/system_stm32f4xx.o
 .ARM.attributes
                0x00000000000000ee       0x34 STM32F4xx_HAL_Driver/src/stm32f4xx_ll_rcc.o
 .ARM.attributes
                0x0000000000000122       0x34 STM32F4xx_HAL_Driver/src/stm32f4xx_hal_i2c.o
 .ARM.attributes
                0x0000000000000156       0x34 STM32F4xx_HAL_Driver/src/util.o
 .ARM.attributes
                0x000000000000018a       0x34 STM32F4xx_HAL_Driver/src/stm32f4xx_hal.o
 .ARM.attributes
                0x00000000000001be       0x34 STM32F4xx_HAL_Driver/src/stm32f4xx_hal_cortex.o
 .ARM.attributes
                0x00000000000001f2       0x34 STM32F4xx_HAL_Driver/src/stm32f4xx_hal_uart.o
 .ARM.attributes
                0x0000000000000226       0x34 STM32F4xx_HAL_Driver/src/stm32f4xx_hal_gpio.o
 .ARM.attributes
                0x000000000000025a       0x34 STM32F4xx_HAL_Driver/src/stm32f4xx_hal_tim.o
 .ARM.attributes
                0x000000000000028e       0x34 STM32F4xx_HAL_Driver/src/stm32f4xx_hal_spi.o
 .ARM.attributes
                0x00000000000002c2       0x34 mbed_shield/src/lcd_128x32.o
 .ARM.attributes
                0x00000000000002f6       0x34 src/stm32f4xx_hal_msp.o
 .ARM.attributes
                0x000000000000032a       0x34 src/stm32f4xx_it.o
 .ARM.attributes
                0x000000000000035e       0x34 src/main.o
 .ARM.attributes
                0x0000000000000392       0x21 startup/startup_stm32f411xe.o
 .ARM.attributes
                0x00000000000003b3       0x34 /opt/st/stm32cubeide_1.12.0/plugins/com.st.stm32cube.ide.mcu.externaltools.gnu-tools-for-stm32.10.3-2021.10.linux64_1.0.200.202301161003/tools/bin/../lib/gcc/arm-none-eabi/10.3.1/../../../../arm-none-eabi/lib/thumb/v7e-m+fp/hard/libc_nano.a(lib_a-impure.o)
 .ARM.attributes
                0x00000000000003e7       0x34 /opt/st/stm32cubeide_1.12.0/plugins/com.st.stm32cube.ide.mcu.externaltools.gnu-tools-for-stm32.10.3-2021.10.linux64_1.0.200.202301161003/tools/bin/../lib/gcc/arm-none-eabi/10.3.1/../../../../arm-none-eabi/lib/thumb/v7e-m+fp/hard/libc_nano.a(lib_a-init.o)
 .ARM.attributes
                0x000000000000041b       0x1e /opt/st/stm32cubeide_1.12.0/plugins/com.st.stm32cube.ide.mcu.externaltools.gnu-tools-for-stm32.10.3-2021.10.linux64_1.0.200.202301161003/tools/bin/../lib/gcc/arm-none-eabi/10.3.1/thumb/v7e-m+fp/hard/libgcc.a(_arm_addsubdf3.o)
 .ARM.attributes
                0x0000000000000439       0x1e /opt/st/stm32cubeide_1.12.0/plugins/com.st.stm32cube.ide.mcu.externaltools.gnu-tools-for-stm32.10.3-2021.10.linux64_1.0.200.202301161003/tools/bin/../lib/gcc/arm-none-eabi/10.3.1/thumb/v7e-m+fp/hard/libgcc.a(_arm_muldivdf3.o)
 .ARM.attributes
                0x0000000000000457       0x1e /opt/st/stm32cubeide_1.12.0/plugins/com.st.stm32cube.ide.mcu.externaltools.gnu-tools-for-stm32.10.3-2021.10.linux64_1.0.200.202301161003/tools/bin/../lib/gcc/arm-none-eabi/10.3.1/thumb/v7e-m+fp/hard/libgcc.a(_arm_truncdfsf2.o)
 .ARM.attributes
                0x0000000000000475       0x34 /opt/st/stm32cubeide_1.12.0/plugins/com.st.stm32cube.ide.mcu.externaltools.gnu-tools-for-stm32.10.3-2021.10.linux64_1.0.200.202301161003/tools/bin/../lib/gcc/arm-none-eabi/10.3.1/thumb/v7e-m+fp/hard/crtend.o
 .ARM.attributes
                0x00000000000004a9       0x1e /opt/st/stm32cubeide_1.12.0/plugins/com.st.stm32cube.ide.mcu.externaltools.gnu-tools-for-stm32.10.3-2021.10.linux64_1.0.200.202301161003/tools/bin/../lib/gcc/arm-none-eabi/10.3.1/thumb/v7e-m+fp/hard/crtn.o
OUTPUT(main.elf elf32-littlearm)
LOAD linker stubs
LOAD /opt/st/stm32cubeide_1.12.0/plugins/com.st.stm32cube.ide.mcu.externaltools.gnu-tools-for-stm32.10.3-2021.10.linux64_1.0.200.202301161003/tools/bin/../lib/gcc/arm-none-eabi/10.3.1/../../../../arm-none-eabi/lib/thumb/v7e-m+fp/hard/libc.a
LOAD /opt/st/stm32cubeide_1.12.0/plugins/com.st.stm32cube.ide.mcu.externaltools.gnu-tools-for-stm32.10.3-2021.10.linux64_1.0.200.202301161003/tools/bin/../lib/gcc/arm-none-eabi/10.3.1/../../../../arm-none-eabi/lib/thumb/v7e-m+fp/hard/libm.a
LOAD /opt/st/stm32cubeide_1.12.0/plugins/com.st.stm32cube.ide.mcu.externaltools.gnu-tools-for-stm32.10.3-2021.10.linux64_1.0.200.202301161003/tools/bin/../lib/gcc/arm-none-eabi/10.3.1/thumb/v7e-m+fp/hard/libgcc.a

.debug_info     0x0000000000000000     0x8a0e
 .debug_info    0x0000000000000000     0x235d startup/stm32f411_periph.o
 .debug_info    0x000000000000235d      0x103 startup/sys_handlers.o
 .debug_info    0x0000000000002460      0x5eb startup/system_stm32f4xx.o
 .debug_info    0x0000000000002a4b      0x5ea STM32F4xx_HAL_Driver/src/stm32f4xx_ll_rcc.o
 .debug_info    0x0000000000003035      0x561 STM32F4xx_HAL_Driver/src/stm32f4xx_hal_i2c.o
 .debug_info    0x0000000000003596      0x309 STM32F4xx_HAL_Driver/src/util.o
 .debug_info    0x000000000000389f      0x673 STM32F4xx_HAL_Driver/src/stm32f4xx_hal.o
 .debug_info    0x0000000000003f12      0xd79 STM32F4xx_HAL_Driver/src/stm32f4xx_hal_cortex.o
 .debug_info    0x0000000000004c8b      0x602 STM32F4xx_HAL_Driver/src/stm32f4xx_hal_uart.o
 .debug_info    0x000000000000528d      0x65b STM32F4xx_HAL_Driver/src/stm32f4xx_hal_gpio.o
 .debug_info    0x00000000000058e8      0x480 STM32F4xx_HAL_Driver/src/stm32f4xx_hal_tim.o
 .debug_info    0x0000000000005d68      0x46b STM32F4xx_HAL_Driver/src/stm32f4xx_hal_spi.o
 .debug_info    0x00000000000061d3      0xdd8 mbed_shield/src/lcd_128x32.o
 .debug_info    0x0000000000006fab      0xa31 src/stm32f4xx_hal_msp.o
 .debug_info    0x00000000000079dc      0x920 src/stm32f4xx_it.o
 .debug_info    0x00000000000082fc      0x6f0 src/main.o
 .debug_info    0x00000000000089ec       0x22 startup/startup_stm32f411xe.o

.debug_abbrev   0x0000000000000000     0x1a91
 .debug_abbrev  0x0000000000000000      0x15c startup/stm32f411_periph.o
 .debug_abbrev  0x000000000000015c       0x44 startup/sys_handlers.o
 .debug_abbrev  0x00000000000001a0      0x189 startup/system_stm32f4xx.o
 .debug_abbrev  0x0000000000000329      0x180 STM32F4xx_HAL_Driver/src/stm32f4xx_ll_rcc.o
 .debug_abbrev  0x00000000000004a9      0x192 STM32F4xx_HAL_Driver/src/stm32f4xx_hal_i2c.o
 .debug_abbrev  0x000000000000063b      0x10a STM32F4xx_HAL_Driver/src/util.o
 .debug_abbrev  0x0000000000000745      0x1fe STM32F4xx_HAL_Driver/src/stm32f4xx_hal.o
 .debug_abbrev  0x0000000000000943      0x2f6 STM32F4xx_HAL_Driver/src/stm32f4xx_hal_cortex.o
 .debug_abbrev  0x0000000000000c39      0x1fe STM32F4xx_HAL_Driver/src/stm32f4xx_hal_uart.o
 .debug_abbrev  0x0000000000000e37      0x178 STM32F4xx_HAL_Driver/src/stm32f4xx_hal_gpio.o
 .debug_abbrev  0x0000000000000faf      0x13b STM32F4xx_HAL_Driver/src/stm32f4xx_hal_tim.o
 .debug_abbrev  0x00000000000010ea      0x167 STM32F4xx_HAL_Driver/src/stm32f4xx_hal_spi.o
 .debug_abbrev  0x0000000000001251      0x335 mbed_shield/src/lcd_128x32.o
 .debug_abbrev  0x0000000000001586      0x208 src/stm32f4xx_hal_msp.o
 .debug_abbrev  0x000000000000178e      0x152 src/stm32f4xx_it.o
 .debug_abbrev  0x00000000000018e0      0x19f src/main.o
 .debug_abbrev  0x0000000000001a7f       0x12 startup/startup_stm32f411xe.o

.debug_aranges  0x0000000000000000      0x220
 .debug_aranges
                0x0000000000000000       0x18 startup/stm32f411_periph.o
 .debug_aranges
                0x0000000000000018       0x20 startup/sys_handlers.o
 .debug_aranges
                0x0000000000000038       0x20 startup/system_stm32f4xx.o
 .debug_aranges
                0x0000000000000058       0x20 STM32F4xx_HAL_Driver/src/stm32f4xx_ll_rcc.o
 .debug_aranges
                0x0000000000000078       0x20 STM32F4xx_HAL_Driver/src/stm32f4xx_hal_i2c.o
 .debug_aranges
                0x0000000000000098       0x20 STM32F4xx_HAL_Driver/src/util.o
 .debug_aranges
                0x00000000000000b8       0x20 STM32F4xx_HAL_Driver/src/stm32f4xx_hal.o
 .debug_aranges
                0x00000000000000d8       0x20 STM32F4xx_HAL_Driver/src/stm32f4xx_hal_cortex.o
 .debug_aranges
                0x00000000000000f8       0x20 STM32F4xx_HAL_Driver/src/stm32f4xx_hal_uart.o
 .debug_aranges
                0x0000000000000118       0x20 STM32F4xx_HAL_Driver/src/stm32f4xx_hal_gpio.o
 .debug_aranges
                0x0000000000000138       0x20 STM32F4xx_HAL_Driver/src/stm32f4xx_hal_tim.o
 .debug_aranges
                0x0000000000000158       0x20 STM32F4xx_HAL_Driver/src/stm32f4xx_hal_spi.o
 .debug_aranges
                0x0000000000000178       0x20 mbed_shield/src/lcd_128x32.o
 .debug_aranges
                0x0000000000000198       0x20 src/stm32f4xx_hal_msp.o
 .debug_aranges
                0x00000000000001b8       0x20 src/stm32f4xx_it.o
 .debug_aranges
                0x00000000000001d8       0x20 src/main.o
 .debug_aranges
                0x00000000000001f8       0x28 startup/startup_stm32f411xe.o

.debug_line     0x0000000000000000     0x3ff1
 .debug_line    0x0000000000000000      0x1f6 startup/stm32f411_periph.o
 .debug_line    0x00000000000001f6       0x7f startup/sys_handlers.o
 .debug_line    0x0000000000000275      0x2e2 startup/system_stm32f4xx.o
 .debug_line    0x0000000000000557      0x4ca STM32F4xx_HAL_Driver/src/stm32f4xx_ll_rcc.o
 .debug_line    0x0000000000000a21      0x54f STM32F4xx_HAL_Driver/src/stm32f4xx_hal_i2c.o
 .debug_line    0x0000000000000f70      0x397 STM32F4xx_HAL_Driver/src/util.o
 .debug_line    0x0000000000001307      0x39d STM32F4xx_HAL_Driver/src/stm32f4xx_hal.o
 .debug_line    0x00000000000016a4      0x5d8 STM32F4xx_HAL_Driver/src/stm32f4xx_hal_cortex.o
 .debug_line    0x0000000000001c7c      0x50f STM32F4xx_HAL_Driver/src/stm32f4xx_hal_uart.o
 .debug_line    0x000000000000218b      0x472 STM32F4xx_HAL_Driver/src/stm32f4xx_hal_gpio.o
 .debug_line    0x00000000000025fd      0x47a STM32F4xx_HAL_Driver/src/stm32f4xx_hal_tim.o
 .debug_line    0x0000000000002a77      0x37e STM32F4xx_HAL_Driver/src/stm32f4xx_hal_spi.o
 .debug_line    0x0000000000002df5      0x97e mbed_shield/src/lcd_128x32.o
 .debug_line    0x0000000000003773      0x2ca src/stm32f4xx_hal_msp.o
 .debug_line    0x0000000000003a3d      0x2d5 src/stm32f4xx_it.o
 .debug_line    0x0000000000003d12      0x266 src/main.o
 .debug_line    0x0000000000003f78       0x79 startup/startup_stm32f411xe.o

.debug_str      0x0000000000000000     0x24f0
 .debug_str     0x0000000000000000      0xc56 startup/stm32f411_periph.o
                                        0xcda (size before relaxing)
 .debug_str     0x0000000000000c56       0x97 startup/sys_handlers.o
                                        0x240 (size before relaxing)
 .debug_str     0x0000000000000ced      0x19c startup/system_stm32f4xx.o
                                        0x4d5 (size before relaxing)
 .debug_str     0x0000000000000e89       0xeb STM32F4xx_HAL_Driver/src/stm32f4xx_ll_rcc.o
                                        0x550 (size before relaxing)
 .debug_str     0x0000000000000f74      0x1bf STM32F4xx_HAL_Driver/src/stm32f4xx_hal_i2c.o
                                        0x43b (size before relaxing)
 .debug_str     0x0000000000001133       0x96 STM32F4xx_HAL_Driver/src/util.o
                                        0x251 (size before relaxing)
 .debug_str     0x00000000000011c9      0x6e1 STM32F4xx_HAL_Driver/src/stm32f4xx_hal.o
                                        0x8fc (size before relaxing)
 .debug_str     0x00000000000018aa      0x30e STM32F4xx_HAL_Driver/src/stm32f4xx_hal_cortex.o
                                        0xae5 (size before relaxing)
 .debug_str     0x0000000000001bb8      0x193 STM32F4xx_HAL_Driver/src/stm32f4xx_hal_uart.o
                                        0x445 (size before relaxing)
 .debug_str     0x0000000000001d4b      0x104 STM32F4xx_HAL_Driver/src/stm32f4xx_hal_gpio.o
                                        0x493 (size before relaxing)
 .debug_str     0x0000000000001e4f      0x1b2 STM32F4xx_HAL_Driver/src/stm32f4xx_hal_tim.o
                                        0x3a0 (size before relaxing)
 .debug_str     0x0000000000002001      0x124 STM32F4xx_HAL_Driver/src/stm32f4xx_hal_spi.o
                                        0x401 (size before relaxing)
 .debug_str     0x0000000000002125      0x218 mbed_shield/src/lcd_128x32.o
                                        0x618 (size before relaxing)
 .debug_str     0x000000000000233d       0x9b src/stm32f4xx_hal_msp.o
                                        0x86f (size before relaxing)
 .debug_str     0x00000000000023d8       0xd6 src/stm32f4xx_it.o
                                        0x6aa (size before relaxing)
 .debug_str     0x00000000000024ae       0x16 src/main.o
                                        0x538 (size before relaxing)
 .debug_str     0x00000000000024c4       0x2c startup/startup_stm32f411xe.o
                                         0xb7 (size before relaxing)

.comment        0x0000000000000000       0x50
 .comment       0x0000000000000000       0x50 startup/stm32f411_periph.o
                                         0x51 (size before relaxing)
 .comment       0x0000000000000050       0x51 startup/sys_handlers.o
 .comment       0x0000000000000050       0x51 startup/system_stm32f4xx.o
 .comment       0x0000000000000050       0x51 STM32F4xx_HAL_Driver/src/stm32f4xx_ll_rcc.o
 .comment       0x0000000000000050       0x51 STM32F4xx_HAL_Driver/src/stm32f4xx_hal_i2c.o
 .comment       0x0000000000000050       0x51 STM32F4xx_HAL_Driver/src/util.o
 .comment       0x0000000000000050       0x51 STM32F4xx_HAL_Driver/src/stm32f4xx_hal.o
 .comment       0x0000000000000050       0x51 STM32F4xx_HAL_Driver/src/stm32f4xx_hal_cortex.o
 .comment       0x0000000000000050       0x51 STM32F4xx_HAL_Driver/src/stm32f4xx_hal_uart.o
 .comment       0x0000000000000050       0x51 STM32F4xx_HAL_Driver/src/stm32f4xx_hal_gpio.o
 .comment       0x0000000000000050       0x51 STM32F4xx_HAL_Driver/src/stm32f4xx_hal_tim.o
 .comment       0x0000000000000050       0x51 STM32F4xx_HAL_Driver/src/stm32f4xx_hal_spi.o
 .comment       0x0000000000000050       0x51 mbed_shield/src/lcd_128x32.o
 .comment       0x0000000000000050       0x51 src/stm32f4xx_hal_msp.o
 .comment       0x0000000000000050       0x51 src/stm32f4xx_it.o
 .comment       0x0000000000000050       0x51 src/main.o

.debug_frame    0x0000000000000000     0x1150
 .debug_frame   0x0000000000000000       0x90 startup/sys_handlers.o
 .debug_frame   0x0000000000000090       0x40 startup/system_stm32f4xx.o
 .debug_frame   0x00000000000000d0       0x74 STM32F4xx_HAL_Driver/src/stm32f4xx_ll_rcc.o
 .debug_frame   0x0000000000000144       0xa8 STM32F4xx_HAL_Driver/src/stm32f4xx_hal_i2c.o
 .debug_frame   0x00000000000001ec       0xac STM32F4xx_HAL_Driver/src/util.o
 .debug_frame   0x0000000000000298      0x1f4 STM32F4xx_HAL_Driver/src/stm32f4xx_hal.o
 .debug_frame   0x000000000000048c      0x31c STM32F4xx_HAL_Driver/src/stm32f4xx_hal_cortex.o
 .debug_frame   0x00000000000007a8      0x11c STM32F4xx_HAL_Driver/src/stm32f4xx_hal_uart.o
 .debug_frame   0x00000000000008c4       0xa4 STM32F4xx_HAL_Driver/src/stm32f4xx_hal_gpio.o
 .debug_frame   0x0000000000000968      0x11c STM32F4xx_HAL_Driver/src/stm32f4xx_hal_tim.o
 .debug_frame   0x0000000000000a84       0x70 STM32F4xx_HAL_Driver/src/stm32f4xx_hal_spi.o
 .debug_frame   0x0000000000000af4      0x2c0 mbed_shield/src/lcd_128x32.o
 .debug_frame   0x0000000000000db4       0xe0 src/stm32f4xx_hal_msp.o
 .debug_frame   0x0000000000000e94      0x100 src/stm32f4xx_it.o
 .debug_frame   0x0000000000000f94       0x70 src/main.o
 .debug_frame   0x0000000000001004       0x2c /opt/st/stm32cubeide_1.12.0/plugins/com.st.stm32cube.ide.mcu.externaltools.gnu-tools-for-stm32.10.3-2021.10.linux64_1.0.200.202301161003/tools/bin/../lib/gcc/arm-none-eabi/10.3.1/../../../../arm-none-eabi/lib/thumb/v7e-m+fp/hard/libc_nano.a(lib_a-init.o)
 .debug_frame   0x0000000000001030       0xac /opt/st/stm32cubeide_1.12.0/plugins/com.st.stm32cube.ide.mcu.externaltools.gnu-tools-for-stm32.10.3-2021.10.linux64_1.0.200.202301161003/tools/bin/../lib/gcc/arm-none-eabi/10.3.1/thumb/v7e-m+fp/hard/libgcc.a(_arm_addsubdf3.o)
 .debug_frame   0x00000000000010dc       0x50 /opt/st/stm32cubeide_1.12.0/plugins/com.st.stm32cube.ide.mcu.externaltools.gnu-tools-for-stm32.10.3-2021.10.linux64_1.0.200.202301161003/tools/bin/../lib/gcc/arm-none-eabi/10.3.1/thumb/v7e-m+fp/hard/libgcc.a(_arm_muldivdf3.o)
 .debug_frame   0x000000000000112c       0x24 /opt/st/stm32cubeide_1.12.0/plugins/com.st.stm32cube.ide.mcu.externaltools.gnu-tools-for-stm32.10.3-2021.10.linux64_1.0.200.202301161003/tools/bin/../lib/gcc/arm-none-eabi/10.3.1/thumb/v7e-m+fp/hard/libgcc.a(_arm_truncdfsf2.o)

.debug_ranges   0x0000000000000000       0x20
 .debug_ranges  0x0000000000000000       0x20 startup/startup_stm32f411xe.o
